2026-08-16 01:10:19.901 [info] Started local extension host with pid 60610.
2026-08-16 01:10:20.108 [error] [vscode.mermaid-markdown-features]: Extension 'vscode.mermaid-markdown-features' CANNOT use 'legacyToolReferenceFullNames' without the 'chatParticipantPrivate' API proposal enabled
2026-08-16 01:10:20.484 [error] [Extension Host] (node:60610) [DEP0169] DeprecationWarning: `url.parse()` behavior is not standardized and prone to errors that have security implications. Use the WHATWG URL API instead. CVEs are not issued for `url.parse()` vulnerabilities.
(Use `exe --trace-deprecation ...` to show where the warning was created)
2026-08-16 01:10:20.597 [info] [AgentHost:renderer] Acquiring MessagePort to agent host...
2026-08-16 01:10:20.603 [info] [AgentHost:renderer] MessagePort acquired, creating client...
2026-08-16 01:10:20.607 [info] [AccountPolicyGate] apply: state=inactive, reason=undefined, isRestricted=false
2026-08-16 01:10:20.736 [info] Settings Sync: Account status changed from uninitialized to unavailable
2026-08-16 01:10:20.980 [info] [AgentHost:renderer] Protocol connection established; clientId=4c498b88-a4dc-478f-91de-1ca6ef5f920b
2026-08-16 01:10:20.982 [info] [AgentHost] No token resolved for resource: https://api.github.com
2026-08-16 01:10:20.986 [info] [AgentHost] No token resolved for resource: https://api.github.com
2026-08-16 01:10:20.987 [info] [AgentHost] No token resolved for resource: https://api.github.com/repos
2026-08-16 01:10:20.987 [info] [AgentHost] No token resolved for resource: https://api.github.com
2026-08-16 01:10:20.987 [info] [AgentHost] No token resolved for resource: https://api.github.com
2026-08-16 01:10:20.987 [info] [AgentHost] No token resolved for resource: https://api.github.com
2026-08-16 01:10:20.988 [info] [AgentHost] No token resolved for resource: https://api.github.com
2026-08-16 01:10:20.988 [info] [AgentHost] No token resolved for resource: https://api.github.com
2026-08-16 01:10:20.988 [info] [AgentHost] No token resolved for resource: https://api.github.com
2026-08-16 01:10:20.988 [info] [AgentHost] No token resolved for resource: https://api.github.com
2026-08-16 01:10:20.988 [info] [AgentHost] No token resolved for resource: https://api.github.com
2026-08-16 01:10:20.988 [info] [AgentHost] No token resolved for resource: https://api.github.com/repos
2026-08-16 01:10:20.989 [info] [AgentHost] No token resolved for resource: https://api.github.com
2026-08-16 01:10:20.989 [info] [AgentHost] No token resolved for resource: https://api.github.com/repos
2026-08-16 01:10:20.989 [info] [AgentHost] No token resolved for resource: https://api.github.com/repos
2026-08-16 01:10:20.989 [info] [AgentHost] No token resolved for resource: https://api.github.com/repos
2026-08-16 01:10:20.989 [info] [AgentHost] No token resolved for resource: https://api.github.com/repos
2026-08-16 01:10:20.989 [info] [AgentHost] No token resolved for resource: https://api.github.com/repos
2026-08-16 01:10:20.989 [info] [AgentHost] No token resolved for resource: https://api.github.com/repos
2026-08-16 01:10:20.989 [info] [AgentHost] No token resolved for resource: https://api.github.com/repos
2026-08-16 01:10:20.989 [info] [AgentHost] No token resolved for resource: https://api.github.com/repos
2026-08-16 01:10:20.989 [info] [AgentHost] No token resolved for resource: https://api.github.com
2026-08-16 01:10:20.990 [info] [AgentHost] No token resolved for resource: https://api.github.com/repos
2026-08-16 01:10:20.990 [info] [AgentHost] No token resolved for resource: https://api.github.com
2026-08-16 01:10:20.990 [info] [AgentHost] No token resolved for resource: https://api.github.com
2026-08-16 01:10:20.990 [info] [AgentHost] No token resolved for resource: https://api.github.com
2026-08-16 01:10:20.990 [info] [AgentHost] No token resolved for resource: https://api.github.com
2026-08-16 01:10:20.990 [info] [AgentHost] No token resolved for resource: https://api.github.com
2026-08-16 01:10:20.990 [info] [AgentHost] No token resolved for resource: https://api.github.com
2026-08-16 01:10:20.990 [info] [AgentHost] No token resolved for resource: https://api.github.com
2026-08-16 01:10:20.991 [info] [AgentHost] No token resolved for resource: https://api.github.com
2026-08-16 01:10:20.991 [info] [AgentHost] No token resolved for resource: https://api.github.com/repos
2026-08-16 01:10:20.991 [info] [AgentHost] No token resolved for resource: https://api.github.com/repos
2026-08-16 01:10:20.991 [info] [AgentHost] No token resolved for resource: https://api.github.com/repos
2026-08-16 01:10:20.991 [info] [AgentHost] No token resolved for resource: https://api.github.com/repos
2026-08-16 01:10:20.991 [info] [AgentHost] No token resolved for resource: https://api.github.com/repos
2026-08-16 01:10:20.991 [info] [AgentHost] No token resolved for resource: https://api.github.com/repos
2026-08-16 01:10:20.991 [info] [AgentHost] No token resolved for resource: https://api.github.com/repos
2026-08-16 01:10:20.991 [info] [AgentHost] No token resolved for resource: https://api.github.com/repos
2026-08-16 01:10:20.991 [info] [AgentHost] No token resolved for resource: https://api.github.com/repos
2026-08-16 01:10:22.563 [info] [perf] Render performance baseline is 12ms
2026-08-16 01:10:25.608 [info] [AccountPolicyGate] apply: state=inactive, reason=undefined, isRestricted=false
