2026-08-15 17:54:31.275 [info] Reading sessions from keychain...
2026-08-15 17:54:31.275 [info] Getting sessions for all scopes...
2026-08-15 17:54:31.286 [info] Got 0 sessions for ...
2026-08-15 17:54:31.286 [info] Getting sessions for all scopes...
2026-08-15 17:54:31.286 [info] Got 0 sessions for ...
2026-08-15 17:54:31.291 [info] Getting sessions for all scopes...
2026-08-15 17:54:31.291 [info] Got 0 sessions for ...
2026-08-15 17:54:31.405 [info] Getting sessions for all scopes...
2026-08-15 17:54:31.406 [info] Got 0 sessions for ...
2026-08-15 17:54:31.763 [info] Getting sessions for read:user,user:email...
2026-08-15 17:54:31.763 [info] Got 0 sessions for read:user,user:email...
2026-08-15 17:54:31.765 [info] Getting sessions for all scopes...
2026-08-15 17:54:31.765 [info] Got 0 sessions for ...
2026-08-15 17:54:31.765 [info] Getting sessions for read:user,user:email...
2026-08-15 17:54:31.765 [info] Got 0 sessions for read:user,user:email...
2026-08-15 17:54:31.766 [info] Getting sessions for read:user,user:email...
2026-08-15 17:54:31.766 [info] Got 0 sessions for read:user,user:email...
2026-08-15 17:54:31.766 [info] Getting sessions for read:user,user:email...
2026-08-15 17:54:31.766 [info] Got 0 sessions for read:user,user:email...
2026-08-15 17:54:31.766 [info] Getting sessions for read:user,user:email...
2026-08-15 17:54:31.766 [info] Got 0 sessions for read:user,user:email...
2026-08-15 17:54:31.767 [info] Getting sessions for read:user,user:email...
2026-08-15 17:54:31.767 [info] Got 0 sessions for read:user,user:email...
2026-08-15 17:54:31.767 [info] Getting sessions for read:user,user:email...
2026-08-15 17:54:31.767 [info] Got 0 sessions for read:user,user:email...
2026-08-15 17:54:31.767 [info] Getting sessions for repo...
2026-08-15 17:54:31.767 [info] Got 0 sessions for repo...
2026-08-15 17:54:31.767 [info] Getting sessions for read:user,user:email...
2026-08-15 17:54:31.767 [info] Got 0 sessions for read:user,user:email...
2026-08-15 17:54:31.767 [info] Getting sessions for read:user,user:email...
2026-08-15 17:54:31.768 [info] Got 0 sessions for read:user,user:email...
2026-08-15 17:54:31.768 [info] Getting sessions for read:user,user:email...
2026-08-15 17:54:31.768 [info] Got 0 sessions for read:user,user:email...
2026-08-15 17:54:31.768 [info] Getting sessions for all scopes...
2026-08-15 17:54:31.768 [info] Got 0 sessions for ...
2026-08-15 17:54:31.768 [info] Getting sessions for all scopes...
2026-08-15 17:54:31.768 [info] Got 0 sessions for ...
2026-08-15 17:54:31.768 [info] Getting sessions for all scopes...
2026-08-15 17:54:31.768 [info] Got 0 sessions for ...
2026-08-15 17:54:31.768 [info] Getting sessions for all scopes...
2026-08-15 17:54:31.768 [info] Got 0 sessions for ...
2026-08-15 17:54:31.768 [info] Getting sessions for all scopes...
2026-08-15 17:54:31.768 [info] Got 0 sessions for ...
2026-08-15 17:54:31.768 [info] Getting sessions for all scopes...
2026-08-15 17:54:31.768 [info] Got 0 sessions for ...
2026-08-15 17:54:31.768 [info] Getting sessions for all scopes...
2026-08-15 17:54:31.768 [info] Got 0 sessions for ...
2026-08-15 17:54:31.768 [info] Getting sessions for all scopes...
2026-08-15 17:54:31.768 [info] Got 0 sessions for ...
2026-08-15 17:54:31.768 [info] Getting sessions for all scopes...
2026-08-15 17:54:31.768 [info] Got 0 sessions for ...
2026-08-15 17:54:31.768 [info] Getting sessions for all scopes...
2026-08-15 17:54:31.768 [info] Got 0 sessions for ...
2026-08-15 17:54:31.769 [info] Getting sessions for repo...
2026-08-15 17:54:31.769 [info] Got 0 sessions for repo...
2026-08-15 17:54:31.769 [info] Getting sessions for repo...
2026-08-15 17:54:31.769 [info] Got 0 sessions for repo...
2026-08-15 17:54:31.769 [info] Getting sessions for repo...
2026-08-15 17:54:31.769 [info] Got 0 sessions for repo...
2026-08-15 17:54:31.769 [info] Getting sessions for repo...
2026-08-15 17:54:31.769 [info] Got 0 sessions for repo...
2026-08-15 17:54:31.769 [info] Getting sessions for repo...
2026-08-15 17:54:31.769 [info] Got 0 sessions for repo...
2026-08-15 17:54:31.769 [info] Getting sessions for repo...
2026-08-15 17:54:31.769 [info] Got 0 sessions for repo...
2026-08-15 17:54:31.769 [info] Getting sessions for read:user,user:email...
2026-08-15 17:54:31.769 [info] Got 0 sessions for read:user,user:email...
2026-08-15 17:54:31.769 [info] Getting sessions for repo...
2026-08-15 17:54:31.769 [info] Got 0 sessions for repo...
2026-08-15 17:54:31.769 [info] Getting sessions for repo...
2026-08-15 17:54:31.769 [info] Got 0 sessions for repo...
2026-08-15 17:54:31.769 [info] Getting sessions for repo...
2026-08-15 17:54:31.769 [info] Got 0 sessions for repo...
2026-08-15 17:54:31.769 [info] Getting sessions for all scopes...
2026-08-15 17:54:31.769 [info] Got 0 sessions for ...
2026-08-15 17:54:31.769 [info] Getting sessions for all scopes...
2026-08-15 17:54:31.769 [info] Got 0 sessions for ...
2026-08-15 17:54:31.769 [info] Getting sessions for all scopes...
2026-08-15 17:54:31.769 [info] Got 0 sessions for ...
2026-08-15 17:54:31.770 [info] Getting sessions for all scopes...
2026-08-15 17:54:31.770 [info] Got 0 sessions for ...
2026-08-15 17:54:31.770 [info] Getting sessions for all scopes...
2026-08-15 17:54:31.770 [info] Got 0 sessions for ...
2026-08-15 17:54:31.770 [info] Getting sessions for all scopes...
2026-08-15 17:54:31.770 [info] Got 0 sessions for ...
2026-08-15 17:54:31.770 [info] Getting sessions for all scopes...
2026-08-15 17:54:31.770 [info] Got 0 sessions for ...
2026-08-15 17:54:31.770 [info] Getting sessions for all scopes...
2026-08-15 17:54:31.770 [info] Got 0 sessions for ...
2026-08-15 17:54:31.770 [info] Getting sessions for all scopes...
2026-08-15 17:54:31.770 [info] Got 0 sessions for ...
2026-08-15 17:54:31.770 [info] Getting sessions for all scopes...
2026-08-15 17:54:31.770 [info] Got 0 sessions for ...
2026-08-15 17:54:31.770 [info] Getting sessions for read:user,user:email...
2026-08-15 17:54:31.770 [info] Got 0 sessions for read:user,user:email...
2026-08-15 17:54:31.770 [info] Getting sessions for read:user,user:email...
2026-08-15 17:54:31.770 [info] Got 0 sessions for read:user,user:email...
2026-08-15 17:54:31.770 [info] Getting sessions for read:user,user:email...
2026-08-15 17:54:31.770 [info] Got 0 sessions for read:user,user:email...
2026-08-15 17:54:31.770 [info] Getting sessions for read:user,user:email...
2026-08-15 17:54:31.770 [info] Got 0 sessions for read:user,user:email...
2026-08-15 17:54:31.770 [info] Getting sessions for read:user,user:email...
2026-08-15 17:54:31.770 [info] Got 0 sessions for read:user,user:email...
2026-08-15 17:54:31.770 [info] Getting sessions for read:user,user:email...
2026-08-15 17:54:31.770 [info] Got 0 sessions for read:user,user:email...
2026-08-15 17:54:31.770 [info] Getting sessions for repo...
2026-08-15 17:54:31.770 [info] Got 0 sessions for repo...
2026-08-15 17:54:31.770 [info] Getting sessions for read:user,user:email...
2026-08-15 17:54:31.770 [info] Got 0 sessions for read:user,user:email...
2026-08-15 17:54:31.771 [info] Getting sessions for read:user,user:email...
2026-08-15 17:54:31.771 [info] Got 0 sessions for read:user,user:email...
2026-08-15 17:54:31.771 [info] Getting sessions for read:user,user:email...
2026-08-15 17:54:31.771 [info] Got 0 sessions for read:user,user:email...
2026-08-15 17:54:31.771 [info] Getting sessions for all scopes...
2026-08-15 17:54:31.771 [info] Got 0 sessions for ...
2026-08-15 17:54:31.771 [info] Getting sessions for all scopes...
2026-08-15 17:54:31.771 [info] Got 0 sessions for ...
2026-08-15 17:54:31.771 [info] Getting sessions for all scopes...
2026-08-15 17:54:31.771 [info] Got 0 sessions for ...
2026-08-15 17:54:31.771 [info] Getting sessions for all scopes...
2026-08-15 17:54:31.771 [info] Got 0 sessions for ...
2026-08-15 17:54:31.771 [info] Getting sessions for all scopes...
2026-08-15 17:54:31.771 [info] Got 0 sessions for ...
2026-08-15 17:54:31.771 [info] Getting sessions for all scopes...
2026-08-15 17:54:31.771 [info] Got 0 sessions for ...
2026-08-15 17:54:31.771 [info] Getting sessions for all scopes...
2026-08-15 17:54:31.771 [info] Got 0 sessions for ...
2026-08-15 17:54:31.771 [info] Getting sessions for all scopes...
2026-08-15 17:54:31.771 [info] Got 0 sessions for ...
2026-08-15 17:54:31.771 [info] Getting sessions for all scopes...
2026-08-15 17:54:31.771 [info] Got 0 sessions for ...
2026-08-15 17:54:31.771 [info] Getting sessions for all scopes...
2026-08-15 17:54:31.771 [info] Got 0 sessions for ...
2026-08-15 17:54:31.772 [info] Getting sessions for repo...
2026-08-15 17:54:31.772 [info] Got 0 sessions for repo...
2026-08-15 17:54:31.772 [info] Getting sessions for repo...
2026-08-15 17:54:31.772 [info] Got 0 sessions for repo...
2026-08-15 17:54:31.772 [info] Getting sessions for repo...
2026-08-15 17:54:31.772 [info] Got 0 sessions for repo...
2026-08-15 17:54:31.772 [info] Getting sessions for repo...
2026-08-15 17:54:31.772 [info] Got 0 sessions for repo...
2026-08-15 17:54:31.772 [info] Getting sessions for repo...
2026-08-15 17:54:31.772 [info] Got 0 sessions for repo...
2026-08-15 17:54:31.772 [info] Getting sessions for repo...
2026-08-15 17:54:31.772 [info] Got 0 sessions for repo...
2026-08-15 17:54:31.772 [info] Getting sessions for repo...
2026-08-15 17:54:31.772 [info] Got 0 sessions for repo...
2026-08-15 17:54:31.772 [info] Getting sessions for repo...
2026-08-15 17:54:31.772 [info] Got 0 sessions for repo...
2026-08-15 17:54:31.772 [info] Getting sessions for repo...
2026-08-15 17:54:31.772 [info] Got 0 sessions for repo...
2026-08-15 17:54:31.772 [info] Getting sessions for all scopes...
2026-08-15 17:54:31.772 [info] Got 0 sessions for ...
2026-08-15 17:54:31.772 [info] Getting sessions for all scopes...
2026-08-15 17:54:31.772 [info] Got 0 sessions for ...
2026-08-15 17:54:31.772 [info] Getting sessions for all scopes...
2026-08-15 17:54:31.772 [info] Got 0 sessions for ...
2026-08-15 17:54:31.772 [info] Getting sessions for all scopes...
2026-08-15 17:54:31.772 [info] Got 0 sessions for ...
2026-08-15 17:54:31.773 [info] Getting sessions for all scopes...
2026-08-15 17:54:31.773 [info] Got 0 sessions for ...
2026-08-15 17:54:31.773 [info] Getting sessions for all scopes...
2026-08-15 17:54:31.773 [info] Got 0 sessions for ...
2026-08-15 17:54:31.773 [info] Getting sessions for all scopes...
2026-08-15 17:54:31.773 [info] Got 0 sessions for ...
2026-08-15 17:54:31.773 [info] Getting sessions for all scopes...
2026-08-15 17:54:31.773 [info] Got 0 sessions for ...
2026-08-15 17:54:31.773 [info] Getting sessions for all scopes...
2026-08-15 17:54:31.773 [info] Got 0 sessions for ...
2026-08-15 17:54:33.218 [info] Getting sessions for all scopes...
2026-08-15 17:54:33.218 [info] Got 0 sessions for ...
