2026-08-15 13:19:18.525 [info] [main] Log level: Info
2026-08-15 13:19:18.525 [info] [main] Validating found git in: "git"
2026-08-15 13:19:18.525 [info] [main] Using git "2.55.0" from "git"
2026-08-15 13:19:18.525 [info] [Model][doInitialScan] Initial repository scan started
2026-08-15 13:19:18.525 [info] > git rev-parse --show-toplevel [13ms]
2026-08-15 13:19:18.525 [info] fatal: not a git repository (or any of the parent directories): .git
2026-08-15 13:19:18.525 [info] > git rev-parse --show-toplevel [1ms]
2026-08-15 13:19:18.525 [info] fatal: not a git repository (or any of the parent directories): .git
2026-08-15 13:19:18.529 [info] > git rev-parse --show-toplevel [1ms]
2026-08-15 13:19:18.529 [info] fatal: not a git repository (or any of the parent directories): .git
2026-08-15 13:19:18.536 [info] > git rev-parse --show-toplevel [2ms]
2026-08-15 13:19:18.536 [info] fatal: not a git repository (or any of the parent directories): .git
2026-08-15 13:19:18.552 [info] > git rev-parse --show-toplevel [13ms]
2026-08-15 13:19:18.552 [info] fatal: not a git repository (or any of the parent directories): .git
2026-08-15 13:19:18.556 [info] > git rev-parse --show-toplevel [1ms]
2026-08-15 13:19:18.556 [info] fatal: not a git repository (or any of the parent directories): .git
2026-08-15 13:19:18.564 [info] > git rev-parse --show-toplevel [5ms]
2026-08-15 13:19:18.564 [info] fatal: not a git repository (or any of the parent directories): .git
2026-08-15 13:19:18.568 [info] > git rev-parse --show-toplevel [1ms]
2026-08-15 13:19:18.568 [info] fatal: not a git repository (or any of the parent directories): .git
2026-08-15 13:19:18.572 [info] > git rev-parse --show-toplevel [1ms]
2026-08-15 13:19:18.572 [info] fatal: not a git repository (or any of the parent directories): .git
2026-08-15 13:19:18.575 [info] > git rev-parse --show-toplevel [0ms]
2026-08-15 13:19:18.575 [info] fatal: not a git repository (or any of the parent directories): .git
2026-08-15 13:19:18.580 [info] > git rev-parse --show-toplevel [2ms]
2026-08-15 13:19:18.580 [info] fatal: not a git repository (or any of the parent directories): .git
2026-08-15 13:19:18.584 [info] > git rev-parse --show-toplevel [1ms]
2026-08-15 13:19:18.584 [info] fatal: not a git repository (or any of the parent directories): .git
2026-08-15 13:19:18.596 [info] > git rev-parse --show-toplevel [9ms]
2026-08-15 13:19:18.596 [info] fatal: not a git repository (or any of the parent directories): .git
2026-08-15 13:19:18.601 [info] > git rev-parse --show-toplevel [0ms]
2026-08-15 13:19:18.601 [info] fatal: not a git repository (or any of the parent directories): .git
2026-08-15 13:19:18.604 [info] > git rev-parse --show-toplevel [1ms]
2026-08-15 13:19:18.604 [info] fatal: not a git repository (or any of the parent directories): .git
2026-08-15 13:19:18.608 [info] > git rev-parse --show-toplevel [1ms]
2026-08-15 13:19:18.608 [info] fatal: not a git repository (or any of the parent directories): .git
2026-08-15 13:19:18.611 [info] > git rev-parse --show-toplevel [0ms]
2026-08-15 13:19:18.611 [info] fatal: not a git repository (or any of the parent directories): .git
2026-08-15 13:19:18.616 [info] > git rev-parse --show-toplevel [0ms]
2026-08-15 13:19:18.616 [info] fatal: not a git repository (or any of the parent directories): .git
2026-08-15 13:19:18.619 [info] > git rev-parse --show-toplevel [1ms]
2026-08-15 13:19:18.619 [info] fatal: not a git repository (or any of the parent directories): .git
2026-08-15 13:19:18.625 [info] > git rev-parse --show-toplevel [3ms]
2026-08-15 13:19:18.625 [info] fatal: not a git repository (or any of the parent directories): .git
2026-08-15 13:19:18.629 [info] > git rev-parse --show-toplevel [1ms]
2026-08-15 13:19:18.629 [info] fatal: not a git repository (or any of the parent directories): .git
2026-08-15 13:19:18.632 [info] > git rev-parse --show-toplevel [0ms]
2026-08-15 13:19:18.632 [info] fatal: not a git repository (or any of the parent directories): .git
2026-08-15 13:19:18.636 [info] > git rev-parse --show-toplevel [1ms]
2026-08-15 13:19:18.636 [info] fatal: not a git repository (or any of the parent directories): .git
2026-08-15 13:19:18.638 [info] > git rev-parse --show-toplevel [0ms]
2026-08-15 13:19:18.638 [info] fatal: not a git repository (or any of the parent directories): .git
2026-08-15 13:19:18.641 [info] > git rev-parse --show-toplevel [1ms]
2026-08-15 13:19:18.641 [info] fatal: not a git repository (or any of the parent directories): .git
2026-08-15 13:19:18.643 [info] > git rev-parse --show-toplevel [0ms]
2026-08-15 13:19:18.643 [info] fatal: not a git repository (or any of the parent directories): .git
2026-08-15 13:19:18.646 [info] > git rev-parse --show-toplevel [0ms]
2026-08-15 13:19:18.646 [info] fatal: not a git repository (or any of the parent directories): .git
2026-08-15 13:19:18.649 [info] > git rev-parse --show-toplevel [0ms]
2026-08-15 13:19:18.649 [info] fatal: not a git repository (or any of the parent directories): .git
2026-08-15 13:19:18.652 [info] > git rev-parse --show-toplevel [1ms]
2026-08-15 13:19:18.652 [info] fatal: not a git repository (or any of the parent directories): .git
2026-08-15 13:19:18.654 [info] [Model][doInitialScan] Initial repository scan completed - repositories (0), closed repositories (0), parent repositories (0), unsafe repositories (0)
2026-08-15 13:19:18.690 [info] > git rev-parse --show-toplevel [1ms]
2026-08-15 13:19:18.690 [info] fatal: not a git repository (or any of the parent directories): .git
2026-08-15 13:19:19.944 [info] > git rev-parse --show-toplevel [0ms]
2026-08-15 13:19:19.944 [info] fatal: not a git repository (or any of the parent directories): .git
2026-08-15 13:19:20.062 [info] > git rev-parse --show-toplevel [1ms]
2026-08-15 13:19:20.062 [info] fatal: not a git repository (or any of the parent directories): .git
2026-08-15 13:19:48.412 [info] > git rev-parse --show-toplevel [1ms]
2026-08-15 13:19:48.412 [info] fatal: not a git repository (or any of the parent directories): .git
2026-08-15 13:21:10.281 [info] > git rev-parse --show-toplevel [1ms]
2026-08-15 13:21:10.281 [info] fatal: not a git repository (or any of the parent directories): .git
2026-08-15 13:21:18.320 [info] > git rev-parse --show-toplevel [1ms]
2026-08-15 13:21:18.320 [info] fatal: not a git repository (or any of the parent directories): .git
2026-08-15 13:21:45.486 [info] > git rev-parse --show-toplevel [1ms]
2026-08-15 13:21:45.486 [info] fatal: not a git repository (or any of the parent directories): .git
2026-08-15 13:21:57.615 [info] > git rev-parse --show-toplevel [1ms]
2026-08-15 13:21:57.615 [info] fatal: not a git repository (or any of the parent directories): .git
2026-08-15 13:21:58.165 [info] > git rev-parse --show-toplevel [1ms]
2026-08-15 13:21:58.165 [info] fatal: not a git repository (or any of the parent directories): .git
2026-08-15 13:23:39.265 [info] > git rev-parse --show-toplevel [1ms]
2026-08-15 13:23:39.265 [info] fatal: not a git repository (or any of the parent directories): .git
2026-08-15 13:24:38.033 [info] > git rev-parse --show-toplevel [1ms]
2026-08-15 13:24:38.033 [info] fatal: not a git repository (or any of the parent directories): .git
2026-08-15 13:24:38.880 [info] > git rev-parse --show-toplevel [1ms]
2026-08-15 13:24:38.880 [info] fatal: not a git repository (or any of the parent directories): .git
2026-08-15 13:24:40.949 [info] > git rev-parse --show-toplevel [1ms]
2026-08-15 13:24:40.949 [info] fatal: not a git repository (or any of the parent directories): .git
2026-08-15 13:24:41.620 [info] > git rev-parse --show-toplevel [0ms]
2026-08-15 13:24:41.620 [info] fatal: not a git repository (or any of the parent directories): .git
2026-08-15 13:29:25.804 [info] > git rev-parse --show-toplevel [1ms]
2026-08-15 13:29:25.804 [info] fatal: not a git repository (or any of the parent directories): .git
2026-08-15 13:30:12.148 [info] > git rev-parse --show-toplevel [1ms]
2026-08-15 13:30:12.148 [info] fatal: not a git repository (or any of the parent directories): .git
2026-08-15 13:30:14.010 [info] > git rev-parse --show-toplevel [1ms]
2026-08-15 13:30:14.010 [info] fatal: not a git repository (or any of the parent directories): .git
2026-08-15 13:31:01.765 [info] > git rev-parse --show-toplevel [1ms]
2026-08-15 13:31:01.765 [info] fatal: not a git repository (or any of the parent directories): .git
2026-08-15 13:34:10.084 [info] > git rev-parse --show-toplevel [1ms]
2026-08-15 13:34:10.084 [info] fatal: not a git repository (or any of the parent directories): .git
2026-08-15 13:34:10.719 [info] > git rev-parse --show-toplevel [1ms]
2026-08-15 13:34:10.719 [info] fatal: not a git repository (or any of the parent directories): .git
2026-08-15 13:37:14.368 [info] > git rev-parse --show-toplevel [1ms]
2026-08-15 13:37:14.369 [info] fatal: not a git repository (or any of the parent directories): .git
2026-08-15 13:38:35.153 [info] > git rev-parse --show-toplevel [1ms]
2026-08-15 13:38:35.153 [info] fatal: not a git repository (or any of the parent directories): .git
2026-08-15 13:41:12.822 [info] > git rev-parse --show-toplevel [1ms]
2026-08-15 13:41:12.822 [info] fatal: not a git repository (or any of the parent directories): .git
2026-08-15 13:44:15.976 [info] > git rev-parse --show-toplevel [0ms]
2026-08-15 13:44:15.976 [info] fatal: not a git repository (or any of the parent directories): .git
2026-08-15 13:45:31.823 [info] > git rev-parse --show-toplevel [1ms]
2026-08-15 13:45:31.823 [info] fatal: not a git repository (or any of the parent directories): .git
2026-08-15 13:53:03.079 [info] > git rev-parse --show-toplevel [1ms]
2026-08-15 13:53:03.079 [info] fatal: not a git repository (or any of the parent directories): .git
2026-08-15 13:53:40.278 [info] > git rev-parse --show-toplevel [2ms]
2026-08-15 13:53:40.278 [info] fatal: not a git repository (or any of the parent directories): .git
2026-08-15 14:00:00.011 [info] > git rev-parse --show-toplevel [1ms]
2026-08-15 14:00:00.011 [info] fatal: not a git repository (or any of the parent directories): .git
