2026-08-14 15:14:58.532 [info] [main] Log level: Info
2026-08-14 15:14:58.532 [info] [main] Validating found git in: "git"
2026-08-14 15:14:58.532 [info] [main] Using git "2.55.0" from "git"
2026-08-14 15:14:58.532 [info] [Model][doInitialScan] Initial repository scan started
2026-08-14 15:14:58.532 [info] > git rev-parse --show-toplevel [4ms]
2026-08-14 15:14:58.532 [info] fatal: not a git repository (or any of the parent directories): .git
2026-08-14 15:14:58.533 [info] > git rev-parse --show-toplevel [1ms]
2026-08-14 15:14:58.533 [info] fatal: not a git repository (or any of the parent directories): .git
2026-08-14 15:14:58.541 [info] > git rev-parse --show-toplevel [3ms]
2026-08-14 15:14:58.541 [info] fatal: not a git repository (or any of the parent directories): .git
2026-08-14 15:14:58.546 [info] > git rev-parse --show-toplevel [1ms]
2026-08-14 15:14:58.546 [info] fatal: not a git repository (or any of the parent directories): .git
2026-08-14 15:14:58.550 [info] > git rev-parse --show-toplevel [0ms]
2026-08-14 15:14:58.550 [info] fatal: not a git repository (or any of the parent directories): .git
2026-08-14 15:14:58.553 [info] > git rev-parse --show-toplevel [1ms]
2026-08-14 15:14:58.553 [info] fatal: not a git repository (or any of the parent directories): .git
2026-08-14 15:14:58.555 [info] > git rev-parse --show-toplevel [0ms]
2026-08-14 15:14:58.555 [info] fatal: not a git repository (or any of the parent directories): .git
2026-08-14 15:14:58.558 [info] > git rev-parse --show-toplevel [1ms]
2026-08-14 15:14:58.558 [info] fatal: not a git repository (or any of the parent directories): .git
2026-08-14 15:14:58.560 [info] > git rev-parse --show-toplevel [1ms]
2026-08-14 15:14:58.560 [info] fatal: not a git repository (or any of the parent directories): .git
2026-08-14 15:14:58.564 [info] > git rev-parse --show-toplevel [2ms]
2026-08-14 15:14:58.564 [info] fatal: not a git repository (or any of the parent directories): .git
2026-08-14 15:14:58.567 [info] > git rev-parse --show-toplevel [1ms]
2026-08-14 15:14:58.567 [info] fatal: not a git repository (or any of the parent directories): .git
2026-08-14 15:14:58.569 [info] > git rev-parse --show-toplevel [0ms]
2026-08-14 15:14:58.569 [info] fatal: not a git repository (or any of the parent directories): .git
2026-08-14 15:14:58.572 [info] > git rev-parse --show-toplevel [1ms]
2026-08-14 15:14:58.572 [info] fatal: not a git repository (or any of the parent directories): .git
2026-08-14 15:14:58.574 [info] > git rev-parse --show-toplevel [1ms]
2026-08-14 15:14:58.574 [info] fatal: not a git repository (or any of the parent directories): .git
2026-08-14 15:14:58.576 [info] > git rev-parse --show-toplevel [0ms]
2026-08-14 15:14:58.576 [info] fatal: not a git repository (or any of the parent directories): .git
2026-08-14 15:14:58.579 [info] > git rev-parse --show-toplevel [1ms]
2026-08-14 15:14:58.579 [info] fatal: not a git repository (or any of the parent directories): .git
2026-08-14 15:14:58.581 [info] > git rev-parse --show-toplevel [0ms]
2026-08-14 15:14:58.581 [info] fatal: not a git repository (or any of the parent directories): .git
2026-08-14 15:14:58.596 [info] > git rev-parse --show-toplevel [13ms]
2026-08-14 15:14:58.596 [info] fatal: not a git repository (or any of the parent directories): .git
2026-08-14 15:14:58.600 [info] > git rev-parse --show-toplevel [2ms]
2026-08-14 15:14:58.600 [info] fatal: not a git repository (or any of the parent directories): .git
2026-08-14 15:14:58.603 [info] > git rev-parse --show-toplevel [0ms]
2026-08-14 15:14:58.603 [info] fatal: not a git repository (or any of the parent directories): .git
2026-08-14 15:14:58.615 [info] > git rev-parse --show-toplevel [10ms]
2026-08-14 15:14:58.615 [info] fatal: not a git repository (or any of the parent directories): .git
2026-08-14 15:14:58.619 [info] > git rev-parse --show-toplevel [1ms]
2026-08-14 15:14:58.619 [info] fatal: not a git repository (or any of the parent directories): .git
2026-08-14 15:14:58.623 [info] > git rev-parse --show-toplevel [0ms]
2026-08-14 15:14:58.623 [info] fatal: not a git repository (or any of the parent directories): .git
2026-08-14 15:14:58.626 [info] > git rev-parse --show-toplevel [1ms]
2026-08-14 15:14:58.626 [info] fatal: not a git repository (or any of the parent directories): .git
2026-08-14 15:14:58.629 [info] > git rev-parse --show-toplevel [0ms]
2026-08-14 15:14:58.630 [info] fatal: not a git repository (or any of the parent directories): .git
2026-08-14 15:14:58.632 [info] > git rev-parse --show-toplevel [0ms]
2026-08-14 15:14:58.632 [info] fatal: not a git repository (or any of the parent directories): .git
2026-08-14 15:14:58.635 [info] [Model][doInitialScan] Initial repository scan completed - repositories (0), closed repositories (0), parent repositories (0), unsafe repositories (0)
2026-08-14 15:14:58.638 [info] > git rev-parse --show-toplevel [0ms]
2026-08-14 15:14:58.638 [info] fatal: not a git repository (or any of the parent directories): .git
2026-08-14 15:14:58.642 [info] > git rev-parse --show-toplevel [1ms]
2026-08-14 15:14:58.642 [info] fatal: not a git repository (or any of the parent directories): .git
2026-08-14 15:14:58.644 [info] > git rev-parse --show-toplevel [0ms]
2026-08-14 15:14:58.644 [info] fatal: not a git repository (or any of the parent directories): .git
2026-08-14 15:14:58.709 [info] > git rev-parse --show-toplevel [1ms]
2026-08-14 15:14:58.709 [info] fatal: not a git repository (or any of the parent directories): .git
2026-08-14 15:14:58.725 [info] > git rev-parse --show-toplevel [1ms]
2026-08-14 15:14:58.725 [info] fatal: not a git repository (or any of the parent directories): .git
2026-08-14 15:14:58.771 [info] > git rev-parse --show-toplevel [1ms]
2026-08-14 15:14:58.771 [info] fatal: not a git repository (or any of the parent directories): .git
2026-08-14 15:14:58.947 [info] > git rev-parse --show-toplevel [1ms]
2026-08-14 15:14:58.947 [info] fatal: not a git repository (or any of the parent directories): .git
2026-08-14 15:15:00.349 [info] > git rev-parse --show-toplevel [1ms]
2026-08-14 15:15:00.349 [info] fatal: not a git repository (or any of the parent directories): .git
2026-08-14 15:15:00.422 [info] > git rev-parse --show-toplevel [1ms]
2026-08-14 15:15:00.422 [info] fatal: not a git repository (or any of the parent directories): .git
2026-08-14 15:20:29.831 [info] > git rev-parse --show-toplevel [1ms]
2026-08-14 15:20:29.831 [info] fatal: not a git repository (or any of the parent directories): .git
2026-08-14 15:22:28.876 [info] > git rev-parse --show-toplevel [0ms]
2026-08-14 15:22:28.876 [info] fatal: not a git repository (or any of the parent directories): .git
2026-08-14 15:22:45.686 [info] > git rev-parse --show-toplevel [1ms]
2026-08-14 15:22:45.686 [info] fatal: not a git repository (or any of the parent directories): .git
2026-08-14 15:23:07.219 [info] > git rev-parse --show-toplevel [1ms]
2026-08-14 15:23:07.219 [info] fatal: not a git repository (or any of the parent directories): .git
2026-08-14 15:23:07.678 [info] > git rev-parse --show-toplevel [1ms]
2026-08-14 15:23:07.678 [info] fatal: not a git repository (or any of the parent directories): .git
2026-08-14 15:23:08.083 [info] > git rev-parse --show-toplevel [0ms]
2026-08-14 15:23:08.083 [info] fatal: not a git repository (or any of the parent directories): .git
2026-08-14 15:23:08.533 [info] > git rev-parse --show-toplevel [0ms]
2026-08-14 15:23:08.533 [info] fatal: not a git repository (or any of the parent directories): .git
2026-08-14 15:23:09.420 [info] > git rev-parse --show-toplevel [0ms]
2026-08-14 15:23:09.420 [info] fatal: not a git repository (or any of the parent directories): .git
2026-08-14 15:23:35.278 [info] > git rev-parse --show-toplevel [0ms]
2026-08-14 15:23:35.278 [info] fatal: not a git repository (or any of the parent directories): .git
2026-08-14 15:47:05.513 [info] > git rev-parse --show-toplevel [1ms]
2026-08-14 15:47:05.513 [info] fatal: not a git repository (or any of the parent directories): .git
2026-08-14 15:47:34.380 [info] > git rev-parse --show-toplevel [1ms]
2026-08-14 15:47:34.380 [info] fatal: not a git repository (or any of the parent directories): .git
2026-08-14 15:49:12.486 [info] > git rev-parse --show-toplevel [1ms]
2026-08-14 15:49:12.486 [info] fatal: not a git repository (or any of the parent directories): .git
2026-08-14 16:00:47.523 [info] > git rev-parse --show-toplevel [1ms]
2026-08-14 16:00:47.523 [info] fatal: not a git repository (or any of the parent directories): .git
2026-08-14 16:00:51.073 [info] > git rev-parse --show-toplevel [1ms]
2026-08-14 16:00:51.073 [info] fatal: not a git repository (or any of the parent directories): .git
