2026-08-15 13:19:18.311 [info] Reading sessions from keychain...
2026-08-15 13:19:18.311 [info] Getting sessions for all scopes...
2026-08-15 13:19:18.311 [info] Got 0 sessions for ...
2026-08-15 13:19:18.311 [info] Getting sessions for all scopes...
2026-08-15 13:19:18.311 [info] Got 0 sessions for ...
2026-08-15 13:19:18.311 [info] Getting sessions for all scopes...
2026-08-15 13:19:18.311 [info] Got 0 sessions for ...
2026-08-15 13:19:18.311 [info] Getting sessions for all scopes...
2026-08-15 13:19:18.311 [info] Got 0 sessions for ...
2026-08-15 13:19:18.311 [info] Getting sessions for all scopes...
2026-08-15 13:19:18.311 [info] Got 0 sessions for ...
2026-08-15 13:19:18.580 [info] Getting sessions for read:user,user:email...
2026-08-15 13:19:18.580 [info] Got 0 sessions for read:user,user:email...
2026-08-15 13:19:18.600 [info] Getting sessions for all scopes...
2026-08-15 13:19:18.600 [info] Got 0 sessions for ...
2026-08-15 13:19:18.600 [info] Getting sessions for read:user,user:email...
2026-08-15 13:19:18.600 [info] Got 0 sessions for read:user,user:email...
2026-08-15 13:19:18.600 [info] Getting sessions for read:user,user:email...
2026-08-15 13:19:18.600 [info] Got 0 sessions for read:user,user:email...
2026-08-15 13:19:18.600 [info] Getting sessions for read:user,user:email...
2026-08-15 13:19:18.600 [info] Got 0 sessions for read:user,user:email...
2026-08-15 13:19:18.600 [info] Getting sessions for read:user,user:email...
2026-08-15 13:19:18.600 [info] Got 0 sessions for read:user,user:email...
2026-08-15 13:19:18.600 [info] Getting sessions for read:user,user:email...
2026-08-15 13:19:18.600 [info] Got 0 sessions for read:user,user:email...
2026-08-15 13:19:18.600 [info] Getting sessions for read:user,user:email...
2026-08-15 13:19:18.600 [info] Got 0 sessions for read:user,user:email...
2026-08-15 13:19:18.600 [info] Getting sessions for read:user,user:email...
2026-08-15 13:19:18.600 [info] Got 0 sessions for read:user,user:email...
2026-08-15 13:19:18.600 [info] Getting sessions for read:user,user:email...
2026-08-15 13:19:18.600 [info] Got 0 sessions for read:user,user:email...
2026-08-15 13:19:18.600 [info] Getting sessions for read:user,user:email...
2026-08-15 13:19:18.600 [info] Got 0 sessions for read:user,user:email...
2026-08-15 13:19:18.607 [info] Getting sessions for repo...
2026-08-15 13:19:18.607 [info] Got 0 sessions for repo...
2026-08-15 13:19:18.607 [info] Getting sessions for all scopes...
2026-08-15 13:19:18.607 [info] Got 0 sessions for ...
2026-08-15 13:19:18.607 [info] Getting sessions for all scopes...
2026-08-15 13:19:18.607 [info] Got 0 sessions for ...
2026-08-15 13:19:18.607 [info] Getting sessions for all scopes...
2026-08-15 13:19:18.607 [info] Got 0 sessions for ...
2026-08-15 13:19:18.608 [info] Getting sessions for all scopes...
2026-08-15 13:19:18.608 [info] Got 0 sessions for ...
2026-08-15 13:19:18.608 [info] Getting sessions for all scopes...
2026-08-15 13:19:18.608 [info] Got 0 sessions for ...
2026-08-15 13:19:18.608 [info] Getting sessions for all scopes...
2026-08-15 13:19:18.608 [info] Got 0 sessions for ...
2026-08-15 13:19:18.608 [info] Getting sessions for all scopes...
2026-08-15 13:19:18.608 [info] Got 0 sessions for ...
2026-08-15 13:19:18.608 [info] Getting sessions for all scopes...
2026-08-15 13:19:18.608 [info] Got 0 sessions for ...
2026-08-15 13:19:18.608 [info] Getting sessions for all scopes...
2026-08-15 13:19:18.608 [info] Got 0 sessions for ...
2026-08-15 13:19:18.611 [info] Getting sessions for all scopes...
2026-08-15 13:19:18.611 [info] Got 0 sessions for ...
2026-08-15 13:19:18.611 [info] Getting sessions for repo...
2026-08-15 13:19:18.611 [info] Got 0 sessions for repo...
2026-08-15 13:19:18.611 [info] Getting sessions for repo...
2026-08-15 13:19:18.611 [info] Got 0 sessions for repo...
2026-08-15 13:19:18.611 [info] Getting sessions for repo...
2026-08-15 13:19:18.611 [info] Got 0 sessions for repo...
2026-08-15 13:19:18.611 [info] Getting sessions for repo...
2026-08-15 13:19:18.611 [info] Got 0 sessions for repo...
2026-08-15 13:19:18.611 [info] Getting sessions for repo...
2026-08-15 13:19:18.611 [info] Got 0 sessions for repo...
2026-08-15 13:19:18.611 [info] Getting sessions for repo...
2026-08-15 13:19:18.611 [info] Got 0 sessions for repo...
2026-08-15 13:19:18.611 [info] Getting sessions for repo...
2026-08-15 13:19:18.611 [info] Got 0 sessions for repo...
2026-08-15 13:19:18.611 [info] Getting sessions for repo...
2026-08-15 13:19:18.611 [info] Got 0 sessions for repo...
2026-08-15 13:19:18.611 [info] Getting sessions for repo...
2026-08-15 13:19:18.611 [info] Got 0 sessions for repo...
2026-08-15 13:19:18.615 [info] Getting sessions for read:user,user:email...
2026-08-15 13:19:18.615 [info] Got 0 sessions for read:user,user:email...
2026-08-15 13:19:18.615 [info] Getting sessions for all scopes...
2026-08-15 13:19:18.615 [info] Got 0 sessions for ...
2026-08-15 13:19:18.615 [info] Getting sessions for all scopes...
2026-08-15 13:19:18.615 [info] Got 0 sessions for ...
2026-08-15 13:19:18.615 [info] Getting sessions for all scopes...
2026-08-15 13:19:18.615 [info] Got 0 sessions for ...
2026-08-15 13:19:18.615 [info] Getting sessions for all scopes...
2026-08-15 13:19:18.615 [info] Got 0 sessions for ...
2026-08-15 13:19:18.615 [info] Getting sessions for all scopes...
2026-08-15 13:19:18.615 [info] Got 0 sessions for ...
2026-08-15 13:19:18.615 [info] Getting sessions for all scopes...
2026-08-15 13:19:18.615 [info] Got 0 sessions for ...
2026-08-15 13:19:18.615 [info] Getting sessions for all scopes...
2026-08-15 13:19:18.615 [info] Got 0 sessions for ...
2026-08-15 13:19:18.615 [info] Getting sessions for all scopes...
2026-08-15 13:19:18.615 [info] Got 0 sessions for ...
2026-08-15 13:19:18.615 [info] Getting sessions for all scopes...
2026-08-15 13:19:18.615 [info] Got 0 sessions for ...
2026-08-15 13:19:18.615 [info] Getting sessions for all scopes...
2026-08-15 13:19:18.615 [info] Got 0 sessions for ...
2026-08-15 13:19:18.615 [info] Getting sessions for read:user,user:email...
2026-08-15 13:19:18.615 [info] Got 0 sessions for read:user,user:email...
2026-08-15 13:19:18.615 [info] Getting sessions for read:user,user:email...
2026-08-15 13:19:18.615 [info] Got 0 sessions for read:user,user:email...
2026-08-15 13:19:18.615 [info] Getting sessions for read:user,user:email...
2026-08-15 13:19:18.615 [info] Got 0 sessions for read:user,user:email...
2026-08-15 13:19:18.616 [info] Getting sessions for read:user,user:email...
2026-08-15 13:19:18.616 [info] Got 0 sessions for read:user,user:email...
2026-08-15 13:19:18.616 [info] Getting sessions for read:user,user:email...
2026-08-15 13:19:18.616 [info] Got 0 sessions for read:user,user:email...
2026-08-15 13:19:18.616 [info] Getting sessions for read:user,user:email...
2026-08-15 13:19:18.616 [info] Got 0 sessions for read:user,user:email...
2026-08-15 13:19:18.618 [info] Getting sessions for read:user,user:email...
2026-08-15 13:19:18.618 [info] Got 0 sessions for read:user,user:email...
2026-08-15 13:19:18.618 [info] Getting sessions for read:user,user:email...
2026-08-15 13:19:18.618 [info] Got 0 sessions for read:user,user:email...
2026-08-15 13:19:18.618 [info] Getting sessions for read:user,user:email...
2026-08-15 13:19:18.618 [info] Got 0 sessions for read:user,user:email...
2026-08-15 13:19:18.618 [info] Getting sessions for repo...
2026-08-15 13:19:18.618 [info] Got 0 sessions for repo...
2026-08-15 13:19:18.618 [info] Getting sessions for all scopes...
2026-08-15 13:19:18.618 [info] Got 0 sessions for ...
2026-08-15 13:19:18.618 [info] Getting sessions for all scopes...
2026-08-15 13:19:18.618 [info] Got 0 sessions for ...
2026-08-15 13:19:18.619 [info] Getting sessions for all scopes...
2026-08-15 13:19:18.619 [info] Got 0 sessions for ...
2026-08-15 13:19:18.619 [info] Getting sessions for all scopes...
2026-08-15 13:19:18.619 [info] Got 0 sessions for ...
2026-08-15 13:19:18.619 [info] Getting sessions for all scopes...
2026-08-15 13:19:18.619 [info] Got 0 sessions for ...
2026-08-15 13:19:18.619 [info] Getting sessions for all scopes...
2026-08-15 13:19:18.619 [info] Got 0 sessions for ...
2026-08-15 13:19:18.624 [info] Getting sessions for all scopes...
2026-08-15 13:19:18.624 [info] Got 0 sessions for ...
2026-08-15 13:19:18.625 [info] Getting sessions for all scopes...
2026-08-15 13:19:18.625 [info] Got 0 sessions for ...
2026-08-15 13:19:18.625 [info] Getting sessions for all scopes...
2026-08-15 13:19:18.625 [info] Got 0 sessions for ...
2026-08-15 13:19:18.625 [info] Getting sessions for all scopes...
2026-08-15 13:19:18.625 [info] Got 0 sessions for ...
2026-08-15 13:19:18.625 [info] Getting sessions for repo...
2026-08-15 13:19:18.625 [info] Got 0 sessions for repo...
2026-08-15 13:19:18.625 [info] Getting sessions for repo...
2026-08-15 13:19:18.625 [info] Got 0 sessions for repo...
2026-08-15 13:19:18.625 [info] Getting sessions for repo...
2026-08-15 13:19:18.625 [info] Got 0 sessions for repo...
2026-08-15 13:19:18.625 [info] Getting sessions for repo...
2026-08-15 13:19:18.625 [info] Got 0 sessions for repo...
2026-08-15 13:19:18.625 [info] Getting sessions for repo...
2026-08-15 13:19:18.625 [info] Got 0 sessions for repo...
2026-08-15 13:19:18.625 [info] Getting sessions for repo...
2026-08-15 13:19:18.625 [info] Got 0 sessions for repo...
2026-08-15 13:19:18.625 [info] Getting sessions for repo...
2026-08-15 13:19:18.625 [info] Got 0 sessions for repo...
2026-08-15 13:19:18.625 [info] Getting sessions for repo...
2026-08-15 13:19:18.625 [info] Got 0 sessions for repo...
2026-08-15 13:19:18.625 [info] Getting sessions for repo...
2026-08-15 13:19:18.625 [info] Got 0 sessions for repo...
2026-08-15 13:19:18.629 [info] Getting sessions for all scopes...
2026-08-15 13:19:18.629 [info] Got 0 sessions for ...
2026-08-15 13:19:18.629 [info] Getting sessions for all scopes...
2026-08-15 13:19:18.629 [info] Got 0 sessions for ...
2026-08-15 13:19:18.629 [info] Getting sessions for all scopes...
2026-08-15 13:19:18.629 [info] Got 0 sessions for ...
2026-08-15 13:19:18.629 [info] Getting sessions for all scopes...
2026-08-15 13:19:18.629 [info] Got 0 sessions for ...
2026-08-15 13:19:18.629 [info] Getting sessions for all scopes...
2026-08-15 13:19:18.629 [info] Got 0 sessions for ...
2026-08-15 13:19:18.629 [info] Getting sessions for all scopes...
2026-08-15 13:19:18.629 [info] Got 0 sessions for ...
2026-08-15 13:19:18.629 [info] Getting sessions for all scopes...
2026-08-15 13:19:18.629 [info] Got 0 sessions for ...
2026-08-15 13:19:18.629 [info] Getting sessions for all scopes...
2026-08-15 13:19:18.629 [info] Got 0 sessions for ...
2026-08-15 13:19:18.629 [info] Getting sessions for all scopes...
2026-08-15 13:19:18.629 [info] Got 0 sessions for ...
2026-08-15 13:19:20.084 [info] Getting sessions for all scopes...
2026-08-15 13:19:20.084 [info] Got 0 sessions for ...
