2026-08-15 17:54:30.646 [info] Started local extension host with pid 27366.
2026-08-15 17:54:30.873 [error] [vscode.mermaid-markdown-features]: Extension 'vscode.mermaid-markdown-features' CANNOT use 'legacyToolReferenceFullNames' without the 'chatParticipantPrivate' API proposal enabled
2026-08-15 17:54:31.372 [info] [AgentHost:renderer] Acquiring MessagePort to agent host...
2026-08-15 17:54:31.376 [info] [AgentHost:renderer] MessagePort acquired, creating client...
2026-08-15 17:54:31.413 [info] [AccountPolicyGate] apply: state=inactive, reason=undefined, isRestricted=false
2026-08-15 17:54:31.534 [info] Settings Sync: Account status changed from uninitialized to unavailable
2026-08-15 17:54:31.763 [info] [AgentHost:renderer] Protocol connection established; clientId=fadc453d-bd69-49be-949c-19a0cbf2a747
2026-08-15 17:54:31.767 [info] [AgentHost] No token resolved for resource: https://api.github.com
2026-08-15 17:54:31.768 [info] [AgentHost] No token resolved for resource: https://api.github.com
2026-08-15 17:54:31.769 [info] [AgentHost] No token resolved for resource: https://api.github.com
2026-08-15 17:54:31.769 [info] [AgentHost] No token resolved for resource: https://api.github.com
2026-08-15 17:54:31.769 [info] [AgentHost] No token resolved for resource: https://api.github.com
2026-08-15 17:54:31.769 [info] [AgentHost] No token resolved for resource: https://api.github.com
2026-08-15 17:54:31.769 [info] [AgentHost] No token resolved for resource: https://api.github.com
2026-08-15 17:54:31.769 [info] [AgentHost] No token resolved for resource: https://api.github.com/repos
2026-08-15 17:54:31.770 [info] [AgentHost] No token resolved for resource: https://api.github.com
2026-08-15 17:54:31.770 [info] [AgentHost] No token resolved for resource: https://api.github.com
2026-08-15 17:54:31.770 [info] [AgentHost] No token resolved for resource: https://api.github.com
2026-08-15 17:54:31.771 [info] [AgentHost] No token resolved for resource: https://api.github.com/repos
2026-08-15 17:54:31.771 [info] [AgentHost] No token resolved for resource: https://api.github.com/repos
2026-08-15 17:54:31.771 [info] [AgentHost] No token resolved for resource: https://api.github.com/repos
2026-08-15 17:54:31.771 [info] [AgentHost] No token resolved for resource: https://api.github.com/repos
2026-08-15 17:54:31.771 [info] [AgentHost] No token resolved for resource: https://api.github.com/repos
2026-08-15 17:54:31.771 [info] [AgentHost] No token resolved for resource: https://api.github.com/repos
2026-08-15 17:54:31.771 [info] [AgentHost] No token resolved for resource: https://api.github.com
2026-08-15 17:54:31.771 [info] [AgentHost] No token resolved for resource: https://api.github.com/repos
2026-08-15 17:54:31.771 [info] [AgentHost] No token resolved for resource: https://api.github.com/repos
2026-08-15 17:54:31.771 [info] [AgentHost] No token resolved for resource: https://api.github.com/repos
2026-08-15 17:54:31.771 [info] [AgentHost] No token resolved for resource: https://api.github.com
2026-08-15 17:54:31.771 [info] [AgentHost] No token resolved for resource: https://api.github.com
2026-08-15 17:54:31.772 [info] [AgentHost] No token resolved for resource: https://api.github.com
2026-08-15 17:54:31.772 [info] [AgentHost] No token resolved for resource: https://api.github.com
2026-08-15 17:54:31.772 [info] [AgentHost] No token resolved for resource: https://api.github.com
2026-08-15 17:54:31.772 [info] [AgentHost] No token resolved for resource: https://api.github.com
2026-08-15 17:54:31.772 [info] [AgentHost] No token resolved for resource: https://api.github.com/repos
2026-08-15 17:54:31.772 [info] [AgentHost] No token resolved for resource: https://api.github.com
2026-08-15 17:54:31.772 [info] [AgentHost] No token resolved for resource: https://api.github.com
2026-08-15 17:54:31.772 [info] [AgentHost] No token resolved for resource: https://api.github.com
2026-08-15 17:54:31.773 [info] [AgentHost] No token resolved for resource: https://api.github.com/repos
2026-08-15 17:54:31.773 [info] [AgentHost] No token resolved for resource: https://api.github.com/repos
2026-08-15 17:54:31.773 [info] [AgentHost] No token resolved for resource: https://api.github.com/repos
2026-08-15 17:54:31.773 [info] [AgentHost] No token resolved for resource: https://api.github.com/repos
2026-08-15 17:54:31.773 [info] [AgentHost] No token resolved for resource: https://api.github.com/repos
2026-08-15 17:54:31.773 [info] [AgentHost] No token resolved for resource: https://api.github.com/repos
2026-08-15 17:54:31.773 [info] [AgentHost] No token resolved for resource: https://api.github.com/repos
2026-08-15 17:54:31.773 [info] [AgentHost] No token resolved for resource: https://api.github.com/repos
2026-08-15 17:54:31.773 [info] [AgentHost] No token resolved for resource: https://api.github.com/repos
2026-08-15 17:54:33.316 [info] [perf] Render performance baseline is 12ms
2026-08-15 17:54:33.753 [error] [Extension Host] (node:27366) [DEP0169] DeprecationWarning: `url.parse()` behavior is not standardized and prone to errors that have security implications. Use the WHATWG URL API instead. CVEs are not issued for `url.parse()` vulnerabilities.
(Use `exe --trace-deprecation ...` to show where the warning was created)
2026-08-15 17:54:36.414 [info] [AccountPolicyGate] apply: state=inactive, reason=undefined, isRestricted=false
