2026-08-14 13:37:44.979 [info] Reading sessions from keychain...
2026-08-14 13:37:44.979 [info] Getting sessions for all scopes...
2026-08-14 13:37:44.979 [info] Got 0 sessions for ...
2026-08-14 13:37:44.979 [info] Getting sessions for all scopes...
2026-08-14 13:37:44.979 [info] Got 0 sessions for ...
2026-08-14 13:37:44.979 [info] Getting sessions for all scopes...
2026-08-14 13:37:44.979 [info] Got 0 sessions for ...
2026-08-14 13:37:44.979 [info] Getting sessions for all scopes...
2026-08-14 13:37:44.979 [info] Got 0 sessions for ...
2026-08-14 13:37:44.979 [info] Getting sessions for all scopes...
2026-08-14 13:37:44.979 [info] Got 0 sessions for ...
2026-08-14 13:37:45.267 [info] Getting sessions for read:user,user:email...
2026-08-14 13:37:45.267 [info] Got 0 sessions for read:user,user:email...
2026-08-14 13:37:45.271 [info] Getting sessions for all scopes...
2026-08-14 13:37:45.271 [info] Got 0 sessions for ...
2026-08-14 13:37:45.271 [info] Getting sessions for read:user,user:email...
2026-08-14 13:37:45.271 [info] Got 0 sessions for read:user,user:email...
2026-08-14 13:37:45.271 [info] Getting sessions for read:user,user:email...
2026-08-14 13:37:45.271 [info] Got 0 sessions for read:user,user:email...
2026-08-14 13:37:45.272 [info] Getting sessions for read:user,user:email...
2026-08-14 13:37:45.272 [info] Got 0 sessions for read:user,user:email...
2026-08-14 13:37:45.275 [info] Getting sessions for read:user,user:email...
2026-08-14 13:37:45.275 [info] Got 0 sessions for read:user,user:email...
2026-08-14 13:37:45.275 [info] Getting sessions for repo...
2026-08-14 13:37:45.275 [info] Got 0 sessions for repo...
2026-08-14 13:37:45.275 [info] Getting sessions for all scopes...
2026-08-14 13:37:45.275 [info] Got 0 sessions for ...
2026-08-14 13:37:45.275 [info] Getting sessions for all scopes...
2026-08-14 13:37:45.275 [info] Got 0 sessions for ...
2026-08-14 13:37:45.275 [info] Getting sessions for all scopes...
2026-08-14 13:37:45.275 [info] Got 0 sessions for ...
2026-08-14 13:37:45.275 [info] Getting sessions for read:user,user:email...
2026-08-14 13:37:45.275 [info] Got 0 sessions for read:user,user:email...
2026-08-14 13:37:45.275 [info] Getting sessions for read:user,user:email...
2026-08-14 13:37:45.275 [info] Got 0 sessions for read:user,user:email...
2026-08-14 13:37:45.275 [info] Getting sessions for read:user,user:email...
2026-08-14 13:37:45.275 [info] Got 0 sessions for read:user,user:email...
2026-08-14 13:37:45.275 [info] Getting sessions for read:user,user:email...
2026-08-14 13:37:45.275 [info] Got 0 sessions for read:user,user:email...
2026-08-14 13:37:45.275 [info] Getting sessions for read:user,user:email...
2026-08-14 13:37:45.275 [info] Got 0 sessions for read:user,user:email...
2026-08-14 13:37:45.275 [info] Getting sessions for all scopes...
2026-08-14 13:37:45.275 [info] Got 0 sessions for ...
2026-08-14 13:37:45.275 [info] Getting sessions for all scopes...
2026-08-14 13:37:45.275 [info] Got 0 sessions for ...
2026-08-14 13:37:45.276 [info] Getting sessions for repo...
2026-08-14 13:37:45.276 [info] Got 0 sessions for repo...
2026-08-14 13:37:45.278 [info] Getting sessions for repo...
2026-08-14 13:37:45.278 [info] Got 0 sessions for repo...
2026-08-14 13:37:45.278 [info] Getting sessions for repo...
2026-08-14 13:37:45.278 [info] Got 0 sessions for repo...
2026-08-14 13:37:45.278 [info] Getting sessions for all scopes...
2026-08-14 13:37:45.278 [info] Got 0 sessions for ...
2026-08-14 13:37:45.279 [info] Getting sessions for all scopes...
2026-08-14 13:37:45.279 [info] Got 0 sessions for ...
2026-08-14 13:37:45.279 [info] Getting sessions for all scopes...
2026-08-14 13:37:45.279 [info] Got 0 sessions for ...
2026-08-14 13:37:45.279 [info] Getting sessions for all scopes...
2026-08-14 13:37:45.279 [info] Got 0 sessions for ...
2026-08-14 13:37:45.279 [info] Getting sessions for all scopes...
2026-08-14 13:37:45.279 [info] Got 0 sessions for ...
2026-08-14 13:37:45.279 [info] Getting sessions for repo...
2026-08-14 13:37:45.279 [info] Got 0 sessions for repo...
2026-08-14 13:37:45.279 [info] Getting sessions for read:user,user:email...
2026-08-14 13:37:45.279 [info] Got 0 sessions for read:user,user:email...
2026-08-14 13:37:45.279 [info] Getting sessions for all scopes...
2026-08-14 13:37:45.279 [info] Got 0 sessions for ...
2026-08-14 13:37:45.279 [info] Getting sessions for all scopes...
2026-08-14 13:37:45.279 [info] Got 0 sessions for ...
2026-08-14 13:37:45.279 [info] Getting sessions for all scopes...
2026-08-14 13:37:45.279 [info] Got 0 sessions for ...
2026-08-14 13:37:45.282 [info] Getting sessions for repo...
2026-08-14 13:37:45.282 [info] Got 0 sessions for repo...
2026-08-14 13:37:45.282 [info] Getting sessions for repo...
2026-08-14 13:37:45.282 [info] Got 0 sessions for repo...
2026-08-14 13:37:45.282 [info] Getting sessions for repo...
2026-08-14 13:37:45.282 [info] Got 0 sessions for repo...
2026-08-14 13:37:45.282 [info] Getting sessions for repo...
2026-08-14 13:37:45.282 [info] Got 0 sessions for repo...
2026-08-14 13:37:45.282 [info] Getting sessions for repo...
2026-08-14 13:37:45.282 [info] Got 0 sessions for repo...
2026-08-14 13:37:45.282 [info] Getting sessions for all scopes...
2026-08-14 13:37:45.282 [info] Got 0 sessions for ...
2026-08-14 13:37:45.282 [info] Getting sessions for all scopes...
2026-08-14 13:37:45.282 [info] Got 0 sessions for ...
2026-08-14 13:37:45.282 [info] Getting sessions for read:user,user:email...
2026-08-14 13:37:45.282 [info] Got 0 sessions for read:user,user:email...
2026-08-14 13:37:45.282 [info] Getting sessions for read:user,user:email...
2026-08-14 13:37:45.282 [info] Got 0 sessions for read:user,user:email...
2026-08-14 13:37:45.282 [info] Getting sessions for read:user,user:email...
2026-08-14 13:37:45.282 [info] Got 0 sessions for read:user,user:email...
2026-08-14 13:37:45.282 [info] Getting sessions for all scopes...
2026-08-14 13:37:45.282 [info] Got 0 sessions for ...
2026-08-14 13:37:45.282 [info] Getting sessions for all scopes...
2026-08-14 13:37:45.282 [info] Got 0 sessions for ...
2026-08-14 13:37:45.282 [info] Getting sessions for all scopes...
2026-08-14 13:37:45.282 [info] Got 0 sessions for ...
2026-08-14 13:37:45.282 [info] Getting sessions for all scopes...
2026-08-14 13:37:45.282 [info] Got 0 sessions for ...
2026-08-14 13:37:45.283 [info] Getting sessions for all scopes...
2026-08-14 13:37:45.283 [info] Got 0 sessions for ...
2026-08-14 13:37:45.283 [info] Getting sessions for read:user,user:email...
2026-08-14 13:37:45.283 [info] Got 0 sessions for read:user,user:email...
2026-08-14 13:37:45.283 [info] Getting sessions for repo...
2026-08-14 13:37:45.283 [info] Got 0 sessions for repo...
2026-08-14 13:37:45.283 [info] Getting sessions for all scopes...
2026-08-14 13:37:45.283 [info] Got 0 sessions for ...
2026-08-14 13:37:45.283 [info] Getting sessions for all scopes...
2026-08-14 13:37:45.283 [info] Got 0 sessions for ...
2026-08-14 13:37:45.283 [info] Getting sessions for all scopes...
2026-08-14 13:37:45.283 [info] Got 0 sessions for ...
2026-08-14 13:37:45.286 [info] Getting sessions for read:user,user:email...
2026-08-14 13:37:45.286 [info] Got 0 sessions for read:user,user:email...
2026-08-14 13:37:45.287 [info] Getting sessions for read:user,user:email...
2026-08-14 13:37:45.287 [info] Got 0 sessions for read:user,user:email...
2026-08-14 13:37:45.287 [info] Getting sessions for read:user,user:email...
2026-08-14 13:37:45.287 [info] Got 0 sessions for read:user,user:email...
2026-08-14 13:37:45.287 [info] Getting sessions for read:user,user:email...
2026-08-14 13:37:45.287 [info] Got 0 sessions for read:user,user:email...
2026-08-14 13:37:45.287 [info] Getting sessions for read:user,user:email...
2026-08-14 13:37:45.287 [info] Got 0 sessions for read:user,user:email...
2026-08-14 13:37:45.287 [info] Getting sessions for all scopes...
2026-08-14 13:37:45.287 [info] Got 0 sessions for ...
2026-08-14 13:37:45.287 [info] Getting sessions for all scopes...
2026-08-14 13:37:45.287 [info] Got 0 sessions for ...
2026-08-14 13:37:45.288 [info] Getting sessions for repo...
2026-08-14 13:37:45.288 [info] Got 0 sessions for repo...
2026-08-14 13:37:45.288 [info] Getting sessions for repo...
2026-08-14 13:37:45.288 [info] Got 0 sessions for repo...
2026-08-14 13:37:45.288 [info] Getting sessions for repo...
2026-08-14 13:37:45.288 [info] Got 0 sessions for repo...
2026-08-14 13:37:45.288 [info] Getting sessions for all scopes...
2026-08-14 13:37:45.288 [info] Got 0 sessions for ...
2026-08-14 13:37:45.288 [info] Getting sessions for all scopes...
2026-08-14 13:37:45.288 [info] Got 0 sessions for ...
2026-08-14 13:37:45.288 [info] Getting sessions for all scopes...
2026-08-14 13:37:45.288 [info] Got 0 sessions for ...
2026-08-14 13:37:45.289 [info] Getting sessions for all scopes...
2026-08-14 13:37:45.289 [info] Got 0 sessions for ...
2026-08-14 13:37:45.289 [info] Getting sessions for all scopes...
2026-08-14 13:37:45.289 [info] Got 0 sessions for ...
2026-08-14 13:37:45.289 [info] Getting sessions for repo...
2026-08-14 13:37:45.289 [info] Got 0 sessions for repo...
2026-08-14 13:37:45.289 [info] Getting sessions for all scopes...
2026-08-14 13:37:45.289 [info] Got 0 sessions for ...
2026-08-14 13:37:45.289 [info] Getting sessions for all scopes...
2026-08-14 13:37:45.289 [info] Got 0 sessions for ...
2026-08-14 13:37:45.289 [info] Getting sessions for all scopes...
2026-08-14 13:37:45.289 [info] Got 0 sessions for ...
2026-08-14 13:37:45.289 [info] Getting sessions for repo...
2026-08-14 13:37:45.289 [info] Got 0 sessions for repo...
2026-08-14 13:37:45.293 [info] Getting sessions for repo...
2026-08-14 13:37:45.293 [info] Got 0 sessions for repo...
2026-08-14 13:37:45.293 [info] Getting sessions for repo...
2026-08-14 13:37:45.293 [info] Got 0 sessions for repo...
2026-08-14 13:37:45.293 [info] Getting sessions for repo...
2026-08-14 13:37:45.293 [info] Got 0 sessions for repo...
2026-08-14 13:37:45.293 [info] Getting sessions for repo...
2026-08-14 13:37:45.293 [info] Got 0 sessions for repo...
2026-08-14 13:37:45.293 [info] Getting sessions for all scopes...
2026-08-14 13:37:45.293 [info] Got 0 sessions for ...
2026-08-14 13:37:45.293 [info] Getting sessions for all scopes...
2026-08-14 13:37:45.293 [info] Got 0 sessions for ...
2026-08-14 13:37:45.293 [info] Getting sessions for all scopes...
2026-08-14 13:37:45.293 [info] Got 0 sessions for ...
2026-08-14 13:37:45.293 [info] Getting sessions for all scopes...
2026-08-14 13:37:45.293 [info] Got 0 sessions for ...
2026-08-14 13:37:45.296 [info] Getting sessions for all scopes...
2026-08-14 13:37:45.296 [info] Got 0 sessions for ...
2026-08-14 13:37:45.296 [info] Getting sessions for all scopes...
2026-08-14 13:37:45.296 [info] Got 0 sessions for ...
2026-08-14 13:37:46.783 [info] Getting sessions for all scopes...
2026-08-14 13:37:46.783 [info] Got 0 sessions for ...
