2026-08-14 13:37:44.279 [info] Started local extension host with pid 81081.
2026-08-14 13:37:44.470 [error] [vscode.mermaid-markdown-features]: Extension 'vscode.mermaid-markdown-features' CANNOT use 'legacyToolReferenceFullNames' without the 'chatParticipantPrivate' API proposal enabled
2026-08-14 13:37:44.843 [info] [AgentHost:renderer] Acquiring MessagePort to agent host...
2026-08-14 13:37:44.861 [info] [AgentHost:renderer] MessagePort acquired, creating client...
2026-08-14 13:37:44.890 [error] [Extension Host] (node:81081) [DEP0169] DeprecationWarning: `url.parse()` behavior is not standardized and prone to errors that have security implications. Use the WHATWG URL API instead. CVEs are not issued for `url.parse()` vulnerabilities.
(Use `exe --trace-deprecation ...` to show where the warning was created)
2026-08-14 13:37:44.937 [info] [AccountPolicyGate] apply: state=inactive, reason=undefined, isRestricted=false
2026-08-14 13:37:45.119 [info] Settings Sync: Account status changed from uninitialized to unavailable
2026-08-14 13:37:45.267 [info] [AgentHost:renderer] Protocol connection established; clientId=19f9364f-4915-4831-9c36-4e3a99c61a7b
2026-08-14 13:37:45.272 [info] [AgentHost] No token resolved for resource: https://api.github.com
2026-08-14 13:37:45.275 [info] [AgentHost] No token resolved for resource: https://api.github.com
2026-08-14 13:37:45.276 [info] [AgentHost] No token resolved for resource: https://api.github.com
2026-08-14 13:37:45.276 [info] [AgentHost] No token resolved for resource: https://api.github.com
2026-08-14 13:37:45.276 [info] [AgentHost] No token resolved for resource: https://api.github.com
2026-08-14 13:37:45.277 [info] [AgentHost] No token resolved for resource: https://api.github.com/repos
2026-08-14 13:37:45.279 [info] [AgentHost] No token resolved for resource: https://api.github.com
2026-08-14 13:37:45.279 [info] [AgentHost] No token resolved for resource: https://api.github.com
2026-08-14 13:37:45.279 [info] [AgentHost] No token resolved for resource: https://api.github.com
2026-08-14 13:37:45.279 [info] [AgentHost] No token resolved for resource: https://api.github.com
2026-08-14 13:37:45.280 [info] [AgentHost] No token resolved for resource: https://api.github.com
2026-08-14 13:37:45.280 [info] [AgentHost] No token resolved for resource: https://api.github.com/repos
2026-08-14 13:37:45.280 [info] [AgentHost] No token resolved for resource: https://api.github.com/repos
2026-08-14 13:37:45.281 [info] [AgentHost] No token resolved for resource: https://api.github.com/repos
2026-08-14 13:37:45.282 [info] [AgentHost] No token resolved for resource: https://api.github.com/repos
2026-08-14 13:37:45.282 [info] [AgentHost] No token resolved for resource: https://api.github.com
2026-08-14 13:37:45.283 [info] [AgentHost] No token resolved for resource: https://api.github.com/repos
2026-08-14 13:37:45.283 [info] [AgentHost] No token resolved for resource: https://api.github.com/repos
2026-08-14 13:37:45.283 [info] [AgentHost] No token resolved for resource: https://api.github.com/repos
2026-08-14 13:37:45.283 [info] [AgentHost] No token resolved for resource: https://api.github.com/repos
2026-08-14 13:37:45.283 [info] [AgentHost] No token resolved for resource: https://api.github.com/repos
2026-08-14 13:37:45.283 [info] [AgentHost] No token resolved for resource: https://api.github.com
2026-08-14 13:37:45.283 [info] [AgentHost] No token resolved for resource: https://api.github.com
2026-08-14 13:37:45.284 [info] [AgentHost] No token resolved for resource: https://api.github.com
2026-08-14 13:37:45.288 [info] [AgentHost] No token resolved for resource: https://api.github.com
2026-08-14 13:37:45.288 [info] [AgentHost] No token resolved for resource: https://api.github.com/repos
2026-08-14 13:37:45.288 [info] [AgentHost] No token resolved for resource: https://api.github.com
2026-08-14 13:37:45.288 [info] [AgentHost] No token resolved for resource: https://api.github.com
2026-08-14 13:37:45.288 [info] [AgentHost] No token resolved for resource: https://api.github.com
2026-08-14 13:37:45.289 [info] [AgentHost] No token resolved for resource: https://api.github.com
2026-08-14 13:37:45.289 [info] [AgentHost] No token resolved for resource: https://api.github.com
2026-08-14 13:37:45.289 [info] [AgentHost] No token resolved for resource: https://api.github.com/repos
2026-08-14 13:37:45.290 [info] [AgentHost] No token resolved for resource: https://api.github.com/repos
2026-08-14 13:37:45.290 [info] [AgentHost] No token resolved for resource: https://api.github.com/repos
2026-08-14 13:37:45.294 [info] [AgentHost] No token resolved for resource: https://api.github.com/repos
2026-08-14 13:37:45.294 [info] [AgentHost] No token resolved for resource: https://api.github.com/repos
2026-08-14 13:37:45.294 [info] [AgentHost] No token resolved for resource: https://api.github.com/repos
2026-08-14 13:37:45.294 [info] [AgentHost] No token resolved for resource: https://api.github.com/repos
2026-08-14 13:37:45.297 [info] [AgentHost] No token resolved for resource: https://api.github.com/repos
2026-08-14 13:37:45.297 [info] [AgentHost] No token resolved for resource: https://api.github.com/repos
2026-08-14 13:37:46.957 [info] [perf] Render performance baseline is 21ms
2026-08-14 13:37:49.937 [info] [AccountPolicyGate] apply: state=inactive, reason=undefined, isRestricted=false
