2026-08-15 16:30:57.366 [info] Reading sessions from keychain...
2026-08-15 16:30:57.366 [info] Getting sessions for all scopes...
2026-08-15 16:30:57.366 [info] Got 0 sessions for ...
2026-08-15 16:30:57.366 [info] Getting sessions for all scopes...
2026-08-15 16:30:57.366 [info] Got 0 sessions for ...
2026-08-15 16:30:57.366 [info] Getting sessions for all scopes...
2026-08-15 16:30:57.366 [info] Got 0 sessions for ...
2026-08-15 16:30:57.366 [info] Getting sessions for all scopes...
2026-08-15 16:30:57.366 [info] Got 0 sessions for ...
2026-08-15 16:30:57.366 [info] Getting sessions for all scopes...
2026-08-15 16:30:57.366 [info] Got 0 sessions for ...
2026-08-15 16:30:57.594 [info] Getting sessions for read:user,user:email...
2026-08-15 16:30:57.594 [info] Got 0 sessions for read:user,user:email...
2026-08-15 16:30:57.594 [info] Getting sessions for read:user,user:email...
2026-08-15 16:30:57.594 [info] Got 0 sessions for read:user,user:email...
2026-08-15 16:30:57.594 [info] Getting sessions for read:user,user:email...
2026-08-15 16:30:57.594 [info] Got 0 sessions for read:user,user:email...
2026-08-15 16:30:57.594 [info] Getting sessions for read:user,user:email...
2026-08-15 16:30:57.594 [info] Got 0 sessions for read:user,user:email...
2026-08-15 16:30:57.594 [info] Getting sessions for read:user,user:email...
2026-08-15 16:30:57.594 [info] Got 0 sessions for read:user,user:email...
2026-08-15 16:30:57.594 [info] Getting sessions for read:user,user:email...
2026-08-15 16:30:57.594 [info] Got 0 sessions for read:user,user:email...
2026-08-15 16:30:57.594 [info] Getting sessions for read:user,user:email...
2026-08-15 16:30:57.594 [info] Got 0 sessions for read:user,user:email...
2026-08-15 16:30:57.594 [info] Getting sessions for read:user,user:email...
2026-08-15 16:30:57.594 [info] Got 0 sessions for read:user,user:email...
2026-08-15 16:30:57.595 [info] Getting sessions for read:user,user:email...
2026-08-15 16:30:57.595 [info] Got 0 sessions for read:user,user:email...
2026-08-15 16:30:57.601 [info] Getting sessions for read:user,user:email...
2026-08-15 16:30:57.601 [info] Got 0 sessions for read:user,user:email...
2026-08-15 16:30:57.602 [info] Getting sessions for all scopes...
2026-08-15 16:30:57.602 [info] Got 0 sessions for ...
2026-08-15 16:30:57.602 [info] Getting sessions for all scopes...
2026-08-15 16:30:57.602 [info] Got 0 sessions for ...
2026-08-15 16:30:57.602 [info] Getting sessions for all scopes...
2026-08-15 16:30:57.602 [info] Got 0 sessions for ...
2026-08-15 16:30:57.602 [info] Getting sessions for all scopes...
2026-08-15 16:30:57.602 [info] Got 0 sessions for ...
2026-08-15 16:30:57.602 [info] Getting sessions for all scopes...
2026-08-15 16:30:57.602 [info] Got 0 sessions for ...
2026-08-15 16:30:57.602 [info] Getting sessions for all scopes...
2026-08-15 16:30:57.602 [info] Got 0 sessions for ...
2026-08-15 16:30:57.603 [info] Getting sessions for all scopes...
2026-08-15 16:30:57.603 [info] Got 0 sessions for ...
2026-08-15 16:30:57.603 [info] Getting sessions for all scopes...
2026-08-15 16:30:57.603 [info] Got 0 sessions for ...
2026-08-15 16:30:57.603 [info] Getting sessions for all scopes...
2026-08-15 16:30:57.603 [info] Got 0 sessions for ...
2026-08-15 16:30:57.603 [info] Getting sessions for all scopes...
2026-08-15 16:30:57.603 [info] Got 0 sessions for ...
2026-08-15 16:30:57.604 [info] Getting sessions for repo...
2026-08-15 16:30:57.604 [info] Got 0 sessions for repo...
2026-08-15 16:30:57.604 [info] Getting sessions for repo...
2026-08-15 16:30:57.604 [info] Got 0 sessions for repo...
2026-08-15 16:30:57.615 [info] Getting sessions for repo...
2026-08-15 16:30:57.615 [info] Got 0 sessions for repo...
2026-08-15 16:30:57.615 [info] Getting sessions for repo...
2026-08-15 16:30:57.615 [info] Got 0 sessions for repo...
2026-08-15 16:30:57.615 [info] Getting sessions for repo...
2026-08-15 16:30:57.615 [info] Got 0 sessions for repo...
2026-08-15 16:30:57.615 [info] Getting sessions for repo...
2026-08-15 16:30:57.615 [info] Got 0 sessions for repo...
2026-08-15 16:30:57.615 [info] Getting sessions for repo...
2026-08-15 16:30:57.615 [info] Got 0 sessions for repo...
2026-08-15 16:30:57.615 [info] Getting sessions for repo...
2026-08-15 16:30:57.615 [info] Got 0 sessions for repo...
2026-08-15 16:30:57.615 [info] Getting sessions for repo...
2026-08-15 16:30:57.615 [info] Got 0 sessions for repo...
2026-08-15 16:30:57.619 [info] Getting sessions for repo...
2026-08-15 16:30:57.619 [info] Got 0 sessions for repo...
2026-08-15 16:30:57.619 [info] Getting sessions for all scopes...
2026-08-15 16:30:57.619 [info] Got 0 sessions for ...
2026-08-15 16:30:57.619 [info] Getting sessions for all scopes...
2026-08-15 16:30:57.619 [info] Got 0 sessions for ...
2026-08-15 16:30:57.637 [info] Getting sessions for all scopes...
2026-08-15 16:30:57.637 [info] Got 0 sessions for ...
2026-08-15 16:30:57.637 [info] Getting sessions for all scopes...
2026-08-15 16:30:57.637 [info] Got 0 sessions for ...
2026-08-15 16:30:57.637 [info] Getting sessions for all scopes...
2026-08-15 16:30:57.637 [info] Got 0 sessions for ...
2026-08-15 16:30:57.637 [info] Getting sessions for all scopes...
2026-08-15 16:30:57.637 [info] Got 0 sessions for ...
2026-08-15 16:30:57.637 [info] Getting sessions for all scopes...
2026-08-15 16:30:57.637 [info] Got 0 sessions for ...
2026-08-15 16:30:57.637 [info] Getting sessions for all scopes...
2026-08-15 16:30:57.637 [info] Got 0 sessions for ...
2026-08-15 16:30:57.637 [info] Getting sessions for all scopes...
2026-08-15 16:30:57.637 [info] Got 0 sessions for ...
2026-08-15 16:30:57.638 [info] Getting sessions for all scopes...
2026-08-15 16:30:57.639 [info] Got 0 sessions for ...
2026-08-15 16:30:57.639 [info] Getting sessions for read:user,user:email...
2026-08-15 16:30:57.639 [info] Got 0 sessions for read:user,user:email...
2026-08-15 16:30:57.640 [info] Getting sessions for read:user,user:email...
2026-08-15 16:30:57.640 [info] Got 0 sessions for read:user,user:email...
2026-08-15 16:30:57.648 [info] Getting sessions for read:user,user:email...
2026-08-15 16:30:57.648 [info] Got 0 sessions for read:user,user:email...
2026-08-15 16:30:57.648 [info] Getting sessions for read:user,user:email...
2026-08-15 16:30:57.648 [info] Got 0 sessions for read:user,user:email...
2026-08-15 16:30:57.648 [info] Getting sessions for read:user,user:email...
2026-08-15 16:30:57.648 [info] Got 0 sessions for read:user,user:email...
2026-08-15 16:30:57.648 [info] Getting sessions for read:user,user:email...
2026-08-15 16:30:57.648 [info] Got 0 sessions for read:user,user:email...
2026-08-15 16:30:57.648 [info] Getting sessions for read:user,user:email...
2026-08-15 16:30:57.648 [info] Got 0 sessions for read:user,user:email...
2026-08-15 16:30:57.648 [info] Getting sessions for read:user,user:email...
2026-08-15 16:30:57.648 [info] Got 0 sessions for read:user,user:email...
2026-08-15 16:30:57.648 [info] Getting sessions for read:user,user:email...
2026-08-15 16:30:57.648 [info] Got 0 sessions for read:user,user:email...
2026-08-15 16:30:57.652 [info] Getting sessions for read:user,user:email...
2026-08-15 16:30:57.652 [info] Got 0 sessions for read:user,user:email...
2026-08-15 16:30:57.652 [info] Getting sessions for all scopes...
2026-08-15 16:30:57.652 [info] Got 0 sessions for ...
2026-08-15 16:30:57.652 [info] Getting sessions for all scopes...
2026-08-15 16:30:57.652 [info] Got 0 sessions for ...
2026-08-15 16:30:57.653 [info] Getting sessions for all scopes...
2026-08-15 16:30:57.653 [info] Got 0 sessions for ...
2026-08-15 16:30:57.653 [info] Getting sessions for all scopes...
2026-08-15 16:30:57.653 [info] Got 0 sessions for ...
2026-08-15 16:30:57.653 [info] Getting sessions for all scopes...
2026-08-15 16:30:57.653 [info] Got 0 sessions for ...
2026-08-15 16:30:57.653 [info] Getting sessions for all scopes...
2026-08-15 16:30:57.653 [info] Got 0 sessions for ...
2026-08-15 16:30:57.653 [info] Getting sessions for all scopes...
2026-08-15 16:30:57.653 [info] Got 0 sessions for ...
2026-08-15 16:30:57.653 [info] Getting sessions for all scopes...
2026-08-15 16:30:57.653 [info] Got 0 sessions for ...
2026-08-15 16:30:57.653 [info] Getting sessions for all scopes...
2026-08-15 16:30:57.653 [info] Got 0 sessions for ...
2026-08-15 16:30:57.653 [info] Getting sessions for all scopes...
2026-08-15 16:30:57.653 [info] Got 0 sessions for ...
2026-08-15 16:30:57.653 [info] Getting sessions for repo...
2026-08-15 16:30:57.653 [info] Got 0 sessions for repo...
2026-08-15 16:30:57.653 [info] Getting sessions for repo...
2026-08-15 16:30:57.653 [info] Got 0 sessions for repo...
2026-08-15 16:30:57.653 [info] Getting sessions for repo...
2026-08-15 16:30:57.653 [info] Got 0 sessions for repo...
2026-08-15 16:30:57.653 [info] Getting sessions for repo...
2026-08-15 16:30:57.653 [info] Got 0 sessions for repo...
2026-08-15 16:30:57.653 [info] Getting sessions for repo...
2026-08-15 16:30:57.653 [info] Got 0 sessions for repo...
2026-08-15 16:30:57.653 [info] Getting sessions for repo...
2026-08-15 16:30:57.653 [info] Got 0 sessions for repo...
2026-08-15 16:30:57.654 [info] Getting sessions for repo...
2026-08-15 16:30:57.654 [info] Got 0 sessions for repo...
2026-08-15 16:30:57.654 [info] Getting sessions for repo...
2026-08-15 16:30:57.654 [info] Got 0 sessions for repo...
2026-08-15 16:30:57.654 [info] Getting sessions for repo...
2026-08-15 16:30:57.654 [info] Got 0 sessions for repo...
2026-08-15 16:30:57.654 [info] Getting sessions for repo...
2026-08-15 16:30:57.654 [info] Got 0 sessions for repo...
2026-08-15 16:30:57.654 [info] Getting sessions for all scopes...
2026-08-15 16:30:57.654 [info] Got 0 sessions for ...
2026-08-15 16:30:57.654 [info] Getting sessions for all scopes...
2026-08-15 16:30:57.654 [info] Got 0 sessions for ...
2026-08-15 16:30:57.654 [info] Getting sessions for all scopes...
2026-08-15 16:30:57.654 [info] Got 0 sessions for ...
2026-08-15 16:30:57.654 [info] Getting sessions for all scopes...
2026-08-15 16:30:57.654 [info] Got 0 sessions for ...
2026-08-15 16:30:57.654 [info] Getting sessions for all scopes...
2026-08-15 16:30:57.654 [info] Got 0 sessions for ...
2026-08-15 16:30:57.654 [info] Getting sessions for all scopes...
2026-08-15 16:30:57.654 [info] Got 0 sessions for ...
2026-08-15 16:30:57.654 [info] Getting sessions for all scopes...
2026-08-15 16:30:57.654 [info] Got 0 sessions for ...
2026-08-15 16:30:57.654 [info] Getting sessions for all scopes...
2026-08-15 16:30:57.654 [info] Got 0 sessions for ...
2026-08-15 16:30:57.654 [info] Getting sessions for all scopes...
2026-08-15 16:30:57.654 [info] Got 0 sessions for ...
2026-08-15 16:30:57.654 [info] Getting sessions for all scopes...
2026-08-15 16:30:57.654 [info] Got 0 sessions for ...
2026-08-15 16:30:59.206 [info] Getting sessions for all scopes...
2026-08-15 16:30:59.206 [info] Got 0 sessions for ...
