2026-08-14 20:52:32.582 [info] Reading sessions from keychain...
2026-08-14 20:52:32.582 [info] Getting sessions for all scopes...
2026-08-14 20:52:32.598 [info] Got 0 sessions for ...
2026-08-14 20:52:32.599 [info] Getting sessions for all scopes...
2026-08-14 20:52:32.599 [info] Got 0 sessions for ...
2026-08-14 20:52:32.614 [info] Getting sessions for all scopes...
2026-08-14 20:52:32.614 [info] Got 0 sessions for ...
2026-08-14 20:52:49.137 [info] Getting sessions for all scopes...
2026-08-14 20:52:49.137 [info] Got 0 sessions for ...
2026-08-14 20:52:49.317 [info] Getting sessions for read:user,user:email...
2026-08-14 20:52:49.317 [info] Got 0 sessions for read:user,user:email...
2026-08-14 20:52:49.319 [info] Getting sessions for all scopes...
2026-08-14 20:52:49.319 [info] Got 0 sessions for ...
2026-08-14 20:52:49.334 [info] Getting sessions for repo...
2026-08-14 20:52:49.334 [info] Got 0 sessions for repo...
2026-08-14 20:52:49.345 [info] Getting sessions for all scopes...
2026-08-14 20:52:49.345 [info] Got 0 sessions for ...
2026-08-14 20:52:49.347 [info] Getting sessions for read:user,user:email...
2026-08-14 20:52:49.347 [info] Got 0 sessions for read:user,user:email...
2026-08-14 20:52:49.347 [info] Getting sessions for all scopes...
2026-08-14 20:52:49.347 [info] Got 0 sessions for ...
2026-08-14 20:52:49.347 [info] Getting sessions for repo...
2026-08-14 20:52:49.347 [info] Got 0 sessions for repo...
2026-08-14 20:52:49.349 [info] Getting sessions for all scopes...
2026-08-14 20:52:49.349 [info] Got 0 sessions for ...
2026-08-14 20:52:49.391 [info] Getting sessions for all scopes...
2026-08-14 20:52:49.391 [info] Got 0 sessions for ...
