2026-08-16 01:28:28.565 [info] Reading sessions from keychain...
2026-08-16 01:28:28.565 [info] Getting sessions for all scopes...
2026-08-16 01:28:28.593 [info] Got 0 sessions for ...
2026-08-16 01:28:28.593 [info] Getting sessions for all scopes...
2026-08-16 01:28:28.593 [info] Got 0 sessions for ...
2026-08-16 01:28:28.638 [info] Getting sessions for all scopes...
2026-08-16 01:28:28.638 [info] Got 0 sessions for ...
2026-08-16 01:28:28.825 [info] Getting sessions for all scopes...
2026-08-16 01:28:28.825 [info] Got 0 sessions for ...
2026-08-16 01:28:29.130 [info] Getting sessions for read:user,user:email...
2026-08-16 01:28:29.130 [info] Got 0 sessions for read:user,user:email...
2026-08-16 01:28:29.132 [info] Getting sessions for all scopes...
2026-08-16 01:28:29.132 [info] Got 0 sessions for ...
2026-08-16 01:28:29.132 [info] Getting sessions for repo...
2026-08-16 01:28:29.132 [info] Got 0 sessions for repo...
2026-08-16 01:28:29.132 [info] Getting sessions for all scopes...
2026-08-16 01:28:29.132 [info] Got 0 sessions for ...
2026-08-16 01:28:29.132 [info] Getting sessions for read:user,user:email...
2026-08-16 01:28:29.132 [info] Got 0 sessions for read:user,user:email...
2026-08-16 01:28:29.133 [info] Getting sessions for all scopes...
2026-08-16 01:28:29.133 [info] Got 0 sessions for ...
2026-08-16 01:28:29.135 [info] Getting sessions for repo...
2026-08-16 01:28:29.135 [info] Got 0 sessions for repo...
2026-08-16 01:28:29.135 [info] Getting sessions for all scopes...
2026-08-16 01:28:29.135 [info] Got 0 sessions for ...
2026-08-16 01:28:30.428 [info] Getting sessions for all scopes...
2026-08-16 01:28:30.428 [info] Got 0 sessions for ...
2026-08-16 01:29:18.051 [info] Logging in with google,  'any' account...
2026-08-16 01:29:18.051 [info] Logging in for the following scopes: read:user repo user:email workflow
2026-08-16 01:29:18.104 [info] Trying with local server... (read:user repo user:email workflow)
2026-08-16 01:29:23.216 [info] Exchanging code for token...
2026-08-16 01:29:23.733 [info] Token exchange success!
2026-08-16 01:29:23.734 [info] Getting user info...
2026-08-16 01:29:24.704 [info] Got account info!
2026-08-16 01:29:24.704 [info] Storing 1 sessions...
2026-08-16 01:29:25.572 [info] FetcherService: Electron fetch failed with status: 429 
2026-08-16 01:29:25.572 [info] Unable to resolve optional EDU details. Status: 429 
2026-08-16 01:31:13.456 [info] Reading sessions from keychain...
2026-08-16 01:31:13.456 [info] Stored 1 sessions!
2026-08-16 01:31:13.456 [info] Login success!
2026-08-16 01:31:13.457 [info] Got stored sessions!
2026-08-16 01:31:13.457 [info] Got 1 verified sessions.
2026-08-16 01:31:13.458 [info] Getting sessions for read:user,user:email...
2026-08-16 01:31:13.458 [info] Got 0 sessions for read:user,user:email...
2026-08-16 01:31:13.458 [info] Getting sessions for read:user,user:email...
2026-08-16 01:31:13.458 [info] Got 0 sessions for read:user,user:email...
2026-08-16 01:31:13.458 [info] Getting sessions for all scopes...
2026-08-16 01:31:13.458 [info] Got 1 sessions for ...
2026-08-16 01:31:13.458 [info] Getting sessions for all scopes...
2026-08-16 01:31:13.458 [info] Got 1 sessions for ...
2026-08-16 01:31:13.559 [info] Getting sessions for all scopes...
2026-08-16 01:31:13.559 [info] Got 1 sessions for ...
2026-08-16 01:31:13.559 [info] Getting sessions for all scopes...
2026-08-16 01:31:13.559 [info] Got 1 sessions for ...
2026-08-16 01:31:16.062 [info] Getting sessions for repo...
2026-08-16 01:31:16.062 [info] Got 0 sessions for repo...
2026-08-16 01:31:16.062 [info] Getting sessions for repo...
2026-08-16 01:31:16.062 [info] Got 0 sessions for repo...
2026-08-16 01:31:16.062 [info] Getting sessions for all scopes...
2026-08-16 01:31:16.062 [info] Got 1 sessions for ...
2026-08-16 01:31:16.062 [info] Getting sessions for all scopes...
2026-08-16 01:31:16.062 [info] Got 1 sessions for ...
2026-08-16 01:31:16.069 [info] Getting sessions for read:user,user:email...
2026-08-16 01:31:16.069 [info] Got 0 sessions for read:user,user:email...
2026-08-16 01:31:16.069 [info] Getting sessions for read:user,user:email...
2026-08-16 01:31:16.069 [info] Got 0 sessions for read:user,user:email...
2026-08-16 01:31:16.069 [info] Getting sessions for all scopes...
2026-08-16 01:31:16.069 [info] Got 1 sessions for ...
2026-08-16 01:31:16.069 [info] Getting sessions for all scopes...
2026-08-16 01:31:16.069 [info] Got 1 sessions for ...
2026-08-16 01:31:16.070 [info] Getting sessions for repo...
2026-08-16 01:31:16.070 [info] Got 0 sessions for repo...
2026-08-16 01:31:16.070 [info] Getting sessions for repo...
2026-08-16 01:31:16.070 [info] Got 0 sessions for repo...
2026-08-16 01:31:16.070 [info] Getting sessions for all scopes...
2026-08-16 01:31:16.070 [info] Got 1 sessions for ...
2026-08-16 01:31:16.070 [info] Getting sessions for all scopes...
2026-08-16 01:31:16.070 [info] Got 1 sessions for ...
2026-08-16 01:31:18.017 [info] Getting sessions for read:user,user:email...
2026-08-16 01:31:18.017 [info] Got 0 sessions for read:user,user:email...
2026-08-16 01:31:18.019 [info] Getting sessions for all scopes...
2026-08-16 01:31:18.019 [info] Got 1 sessions for ...
2026-08-16 01:31:18.020 [info] Getting sessions for repo...
2026-08-16 01:31:18.020 [info] Got 0 sessions for repo...
2026-08-16 01:31:18.020 [info] Getting sessions for all scopes...
2026-08-16 01:31:18.020 [info] Got 1 sessions for ...
2026-08-16 01:31:18.020 [info] Getting sessions for read:user,user:email...
2026-08-16 01:31:18.020 [info] Got 0 sessions for read:user,user:email...
2026-08-16 01:31:18.021 [info] Getting sessions for all scopes...
2026-08-16 01:31:18.021 [info] Got 1 sessions for ...
2026-08-16 01:31:18.021 [info] Getting sessions for repo...
2026-08-16 01:31:18.021 [info] Got 0 sessions for repo...
2026-08-16 01:31:18.021 [info] Getting sessions for all scopes...
2026-08-16 01:31:18.021 [info] Got 1 sessions for ...
2026-08-16 01:31:19.520 [info] Getting sessions for read:user,user:email...
2026-08-16 01:31:19.520 [info] Got 0 sessions for read:user,user:email...
2026-08-16 01:31:19.520 [info] Getting sessions for read:user,user:email...
2026-08-16 01:31:19.520 [info] Got 0 sessions for read:user,user:email...
2026-08-16 01:31:19.737 [info] Getting sessions for all scopes...
2026-08-16 01:31:19.737 [info] Got 1 sessions for ...
2026-08-16 01:31:19.737 [info] Getting sessions for all scopes...
2026-08-16 01:31:19.737 [info] Got 1 sessions for ...
2026-08-16 01:31:19.790 [info] Getting sessions for repo...
2026-08-16 01:31:19.790 [info] Got 0 sessions for repo...
2026-08-16 01:31:19.790 [info] Getting sessions for repo...
2026-08-16 01:31:19.790 [info] Got 0 sessions for repo...
2026-08-16 01:31:20.278 [info] Getting sessions for all scopes...
2026-08-16 01:31:20.278 [info] Got 1 sessions for ...
2026-08-16 01:31:20.278 [info] Getting sessions for all scopes...
2026-08-16 01:31:20.278 [info] Got 1 sessions for ...
2026-08-16 01:31:20.328 [info] Getting sessions for read:user,user:email...
2026-08-16 01:31:20.328 [info] Got 0 sessions for read:user,user:email...
2026-08-16 01:31:20.328 [info] Getting sessions for read:user,user:email...
2026-08-16 01:31:20.328 [info] Got 0 sessions for read:user,user:email...
2026-08-16 01:31:20.334 [info] Getting sessions for all scopes...
2026-08-16 01:31:20.334 [info] Got 1 sessions for ...
2026-08-16 01:31:20.334 [info] Getting sessions for all scopes...
2026-08-16 01:31:20.334 [info] Got 1 sessions for ...
2026-08-16 01:31:20.334 [info] Getting sessions for all scopes...
2026-08-16 01:31:20.334 [info] Got 1 sessions for ...
2026-08-16 01:31:20.334 [info] Getting sessions for all scopes...
2026-08-16 01:31:20.334 [info] Got 1 sessions for ...
2026-08-16 01:31:20.363 [info] Getting sessions for repo...
2026-08-16 01:31:20.363 [info] Got 0 sessions for repo...
2026-08-16 01:31:20.363 [info] Getting sessions for repo...
2026-08-16 01:31:20.363 [info] Got 0 sessions for repo...
2026-08-16 01:31:20.371 [info] Getting sessions for all scopes...
2026-08-16 01:31:20.371 [info] Got 1 sessions for ...
2026-08-16 01:31:20.371 [info] Getting sessions for all scopes...
2026-08-16 01:31:20.371 [info] Got 1 sessions for ...
2026-08-16 01:31:20.373 [info] Getting sessions for read:user,repo,user:email,workflow...
2026-08-16 01:31:20.373 [info] Got 1 sessions for read:user,repo,user:email,workflow...
2026-08-16 01:31:20.384 [info] Getting sessions for all scopes...
2026-08-16 01:31:20.384 [info] Got 1 sessions for ...
2026-08-16 01:31:20.385 [info] Getting sessions for read:user,repo,user:email,workflow...
2026-08-16 01:31:20.385 [info] Got 1 sessions for read:user,repo,user:email,workflow...
2026-08-16 01:31:20.849 [info] Getting sessions for all scopes...
2026-08-16 01:31:20.849 [info] Got 1 sessions for ...
2026-08-16 01:31:20.849 [info] Getting sessions for all scopes...
2026-08-16 01:31:20.849 [info] Got 1 sessions for ...
2026-08-16 01:31:20.854 [info] Getting sessions for read:user,repo,user:email,workflow...
2026-08-16 01:31:20.854 [info] Got 1 sessions for read:user,repo,user:email,workflow...
2026-08-16 01:31:21.051 [info] Getting sessions for all scopes...
2026-08-16 01:31:21.051 [info] Got 1 sessions for ...
2026-08-16 01:31:21.052 [info] Getting sessions for all scopes...
2026-08-16 01:31:21.052 [info] Got 1 sessions for ...
2026-08-16 01:31:21.080 [info] Getting sessions for read:user,repo,user:email,workflow...
2026-08-16 01:31:21.080 [info] Got 1 sessions for read:user,repo,user:email,workflow...
2026-08-16 01:31:21.124 [info] Getting sessions for all scopes...
2026-08-16 01:31:21.124 [info] Got 1 sessions for ...
2026-08-16 01:31:21.124 [info] Getting sessions for all scopes...
2026-08-16 01:31:21.124 [info] Got 1 sessions for ...
2026-08-16 01:31:21.512 [info] Getting sessions for all scopes...
2026-08-16 01:31:21.512 [info] Got 1 sessions for ...
2026-08-16 01:31:21.513 [info] Getting sessions for read:user,repo,user:email,workflow...
2026-08-16 01:31:21.513 [info] Got 1 sessions for read:user,repo,user:email,workflow...
2026-08-16 01:31:21.886 [info] Getting sessions for all scopes...
2026-08-16 01:31:21.886 [info] Got 1 sessions for ...
2026-08-16 01:31:21.887 [info] Getting sessions for read:user,repo,user:email,workflow...
2026-08-16 01:31:21.887 [info] Got 1 sessions for read:user,repo,user:email,workflow...
2026-08-16 01:31:21.934 [info] Getting sessions for all scopes...
2026-08-16 01:31:21.934 [info] Got 1 sessions for ...
2026-08-16 01:31:21.936 [info] Getting sessions for read:user,repo,user:email,workflow...
2026-08-16 01:31:21.936 [info] Got 1 sessions for read:user,repo,user:email,workflow...
2026-08-16 01:31:25.885 [info] Getting sessions for read:user,user:email...
2026-08-16 01:31:25.885 [info] Got 0 sessions for read:user,user:email...
2026-08-16 01:31:25.885 [info] Getting sessions for read:user,user:email...
2026-08-16 01:31:25.885 [info] Got 0 sessions for read:user,user:email...
2026-08-16 01:31:25.885 [info] Getting sessions for all scopes...
2026-08-16 01:31:25.885 [info] Got 1 sessions for ...
2026-08-16 01:31:25.885 [info] Getting sessions for all scopes...
2026-08-16 01:31:25.885 [info] Got 1 sessions for ...
2026-08-16 01:31:25.886 [info] Getting sessions for repo...
2026-08-16 01:31:25.886 [info] Got 0 sessions for repo...
2026-08-16 01:31:25.886 [info] Getting sessions for repo...
2026-08-16 01:31:25.886 [info] Got 0 sessions for repo...
2026-08-16 01:31:25.886 [info] Getting sessions for all scopes...
2026-08-16 01:31:25.886 [info] Got 1 sessions for ...
2026-08-16 01:31:25.886 [info] Getting sessions for all scopes...
2026-08-16 01:31:25.886 [info] Got 1 sessions for ...
2026-08-16 01:31:25.886 [info] Getting sessions for read:user,user:email...
2026-08-16 01:31:25.886 [info] Got 0 sessions for read:user,user:email...
2026-08-16 01:31:25.886 [info] Getting sessions for read:user,user:email...
2026-08-16 01:31:25.886 [info] Got 0 sessions for read:user,user:email...
2026-08-16 01:31:25.887 [info] Getting sessions for all scopes...
2026-08-16 01:31:25.887 [info] Got 1 sessions for ...
2026-08-16 01:31:25.887 [info] Getting sessions for all scopes...
2026-08-16 01:31:25.887 [info] Got 1 sessions for ...
2026-08-16 01:31:25.887 [info] Getting sessions for repo...
2026-08-16 01:31:25.887 [info] Got 0 sessions for repo...
2026-08-16 01:31:25.887 [info] Getting sessions for repo...
2026-08-16 01:31:25.887 [info] Got 0 sessions for repo...
2026-08-16 01:31:25.887 [info] Getting sessions for all scopes...
2026-08-16 01:31:25.887 [info] Got 1 sessions for ...
2026-08-16 01:31:25.887 [info] Getting sessions for all scopes...
2026-08-16 01:31:25.887 [info] Got 1 sessions for ...
2026-08-16 01:31:28.635 [info] Getting sessions for all scopes...
2026-08-16 01:31:28.635 [info] Got 1 sessions for ...
2026-08-16 01:31:28.635 [info] Getting sessions for all scopes...
2026-08-16 01:31:28.635 [info] Got 1 sessions for ...
2026-08-16 01:31:32.497 [info] Getting sessions for all scopes...
2026-08-16 01:31:32.497 [info] Got 1 sessions for ...
2026-08-16 01:31:32.498 [info] Getting sessions for all scopes...
2026-08-16 01:31:32.498 [info] Got 1 sessions for ...
2026-08-16 01:31:38.143 [info] Getting sessions for all scopes...
2026-08-16 01:31:38.143 [info] Got 1 sessions for ...
2026-08-16 01:31:38.143 [info] Getting sessions for all scopes...
2026-08-16 01:31:38.144 [info] Got 1 sessions for ...
2026-08-16 01:31:39.928 [info] Getting sessions for all scopes...
2026-08-16 01:31:39.928 [info] Got 1 sessions for ...
2026-08-16 01:31:39.928 [info] Getting sessions for all scopes...
2026-08-16 01:31:39.928 [info] Got 1 sessions for ...
2026-08-16 01:31:49.114 [info] Getting sessions for read:user,user:email...
2026-08-16 01:31:49.114 [info] Got 0 sessions for read:user,user:email...
2026-08-16 01:31:49.114 [info] Getting sessions for read:user,user:email...
2026-08-16 01:31:49.114 [info] Got 0 sessions for read:user,user:email...
2026-08-16 01:31:49.114 [info] Getting sessions for read:user,user:email...
2026-08-16 01:31:49.114 [info] Got 0 sessions for read:user,user:email...
2026-08-16 01:31:49.114 [info] Getting sessions for read:user,user:email...
2026-08-16 01:31:49.114 [info] Got 0 sessions for read:user,user:email...
2026-08-16 01:31:49.120 [info] Getting sessions for all scopes...
2026-08-16 01:31:49.120 [info] Got 1 sessions for ...
2026-08-16 01:31:49.120 [info] Getting sessions for all scopes...
2026-08-16 01:31:49.120 [info] Got 1 sessions for ...
2026-08-16 01:31:49.120 [info] Getting sessions for all scopes...
2026-08-16 01:31:49.120 [info] Got 1 sessions for ...
2026-08-16 01:31:49.120 [info] Getting sessions for all scopes...
2026-08-16 01:31:49.120 [info] Got 1 sessions for ...
2026-08-16 01:31:49.120 [info] Getting sessions for all scopes...
2026-08-16 01:31:49.120 [info] Got 1 sessions for ...
2026-08-16 01:31:49.120 [info] Getting sessions for all scopes...
2026-08-16 01:31:49.120 [info] Got 1 sessions for ...
2026-08-16 01:31:49.122 [info] Getting sessions for repo...
2026-08-16 01:31:49.122 [info] Got 0 sessions for repo...
2026-08-16 01:31:49.122 [info] Getting sessions for repo...
2026-08-16 01:31:49.122 [info] Got 0 sessions for repo...
2026-08-16 01:31:49.122 [info] Getting sessions for repo...
2026-08-16 01:31:49.122 [info] Got 0 sessions for repo...
2026-08-16 01:31:49.122 [info] Getting sessions for repo...
2026-08-16 01:31:49.122 [info] Got 0 sessions for repo...
2026-08-16 01:31:49.122 [info] Getting sessions for all scopes...
2026-08-16 01:31:49.122 [info] Got 1 sessions for ...
2026-08-16 01:31:49.122 [info] Getting sessions for all scopes...
2026-08-16 01:31:49.122 [info] Got 1 sessions for ...
2026-08-16 01:31:49.122 [info] Getting sessions for all scopes...
2026-08-16 01:31:49.122 [info] Got 1 sessions for ...
2026-08-16 01:31:49.122 [info] Getting sessions for all scopes...
2026-08-16 01:31:49.122 [info] Got 1 sessions for ...
2026-08-16 01:31:49.123 [info] Getting sessions for read:user,user:email...
2026-08-16 01:31:49.123 [info] Got 0 sessions for read:user,user:email...
2026-08-16 01:31:49.123 [info] Getting sessions for read:user,user:email...
2026-08-16 01:31:49.123 [info] Got 0 sessions for read:user,user:email...
2026-08-16 01:31:49.123 [info] Getting sessions for read:user,user:email...
2026-08-16 01:31:49.123 [info] Got 0 sessions for read:user,user:email...
2026-08-16 01:31:49.123 [info] Getting sessions for read:user,user:email...
2026-08-16 01:31:49.123 [info] Got 0 sessions for read:user,user:email...
2026-08-16 01:31:49.123 [info] Getting sessions for read:user,repo,user:email,workflow...
2026-08-16 01:31:49.123 [info] Got 1 sessions for read:user,repo,user:email,workflow...
2026-08-16 01:31:49.123 [info] Getting sessions for all scopes...
2026-08-16 01:31:49.123 [info] Got 1 sessions for ...
2026-08-16 01:31:49.123 [info] Getting sessions for all scopes...
2026-08-16 01:31:49.123 [info] Got 1 sessions for ...
2026-08-16 01:31:49.123 [info] Getting sessions for all scopes...
2026-08-16 01:31:49.123 [info] Got 1 sessions for ...
2026-08-16 01:31:49.123 [info] Getting sessions for all scopes...
2026-08-16 01:31:49.123 [info] Got 1 sessions for ...
2026-08-16 01:31:49.124 [info] Getting sessions for repo...
2026-08-16 01:31:49.124 [info] Got 0 sessions for repo...
2026-08-16 01:31:49.124 [info] Getting sessions for repo...
2026-08-16 01:31:49.124 [info] Got 0 sessions for repo...
2026-08-16 01:31:49.124 [info] Getting sessions for repo...
2026-08-16 01:31:49.124 [info] Got 0 sessions for repo...
2026-08-16 01:31:49.124 [info] Getting sessions for repo...
2026-08-16 01:31:49.124 [info] Got 0 sessions for repo...
2026-08-16 01:31:49.124 [info] Getting sessions for all scopes...
2026-08-16 01:31:49.124 [info] Got 1 sessions for ...
2026-08-16 01:31:49.124 [info] Getting sessions for all scopes...
2026-08-16 01:31:49.124 [info] Got 1 sessions for ...
2026-08-16 01:31:49.124 [info] Getting sessions for all scopes...
2026-08-16 01:31:49.124 [info] Got 1 sessions for ...
2026-08-16 01:31:49.124 [info] Getting sessions for all scopes...
2026-08-16 01:31:49.124 [info] Got 1 sessions for ...
2026-08-16 01:31:49.210 [info] Getting sessions for all scopes...
2026-08-16 01:31:49.210 [info] Got 1 sessions for ...
2026-08-16 01:31:49.211 [info] Getting sessions for all scopes...
2026-08-16 01:31:49.211 [info] Got 1 sessions for ...
2026-08-16 01:31:57.579 [info] Getting sessions for all scopes...
2026-08-16 01:31:57.579 [info] Got 1 sessions for ...
2026-08-16 01:31:57.579 [info] Getting sessions for all scopes...
2026-08-16 01:31:57.579 [info] Got 1 sessions for ...
2026-08-16 01:32:08.585 [info] Getting sessions for all scopes...
2026-08-16 01:32:08.585 [info] Got 1 sessions for ...
2026-08-16 01:32:08.585 [info] Getting sessions for all scopes...
2026-08-16 01:32:08.585 [info] Got 1 sessions for ...
2026-08-16 01:32:14.347 [info] Getting sessions for all scopes...
2026-08-16 01:32:14.347 [info] Got 1 sessions for ...
2026-08-16 01:32:14.348 [info] Getting sessions for all scopes...
2026-08-16 01:32:14.348 [info] Got 1 sessions for ...
2026-08-16 01:32:25.936 [info] Getting sessions for all scopes...
2026-08-16 01:32:25.936 [info] Got 1 sessions for ...
2026-08-16 01:32:25.937 [info] Getting sessions for all scopes...
2026-08-16 01:32:25.937 [info] Got 1 sessions for ...
2026-08-16 01:32:26.129 [info] Getting sessions for all scopes...
2026-08-16 01:32:26.129 [info] Got 1 sessions for ...
2026-08-16 01:32:26.130 [info] Getting sessions for all scopes...
2026-08-16 01:32:26.130 [info] Got 1 sessions for ...
2026-08-16 01:32:29.975 [info] Getting sessions for all scopes...
2026-08-16 01:32:29.975 [info] Got 1 sessions for ...
2026-08-16 01:32:29.977 [info] Getting sessions for all scopes...
2026-08-16 01:32:29.977 [info] Got 1 sessions for ...
2026-08-16 01:32:32.733 [info] Getting sessions for all scopes...
2026-08-16 01:32:32.733 [info] Got 1 sessions for ...
2026-08-16 01:32:32.733 [info] Getting sessions for all scopes...
2026-08-16 01:32:32.733 [info] Got 1 sessions for ...
2026-08-16 01:33:02.225 [info] Getting sessions for all scopes...
2026-08-16 01:33:02.225 [info] Got 1 sessions for ...
2026-08-16 01:33:02.226 [info] Getting sessions for all scopes...
2026-08-16 01:33:02.226 [info] Got 1 sessions for ...
2026-08-16 01:33:02.553 [info] Getting sessions for all scopes...
2026-08-16 01:33:02.553 [info] Got 1 sessions for ...
2026-08-16 01:33:02.554 [info] Getting sessions for all scopes...
2026-08-16 01:33:02.554 [info] Got 1 sessions for ...
2026-08-16 01:33:03.638 [info] Getting sessions for all scopes...
2026-08-16 01:33:03.638 [info] Got 1 sessions for ...
2026-08-16 01:33:03.639 [info] Getting sessions for all scopes...
2026-08-16 01:33:03.639 [info] Got 1 sessions for ...
2026-08-16 01:33:04.355 [info] Getting sessions for all scopes...
2026-08-16 01:33:04.355 [info] Got 1 sessions for ...
2026-08-16 01:33:04.355 [info] Getting sessions for all scopes...
2026-08-16 01:33:04.355 [info] Got 1 sessions for ...
2026-08-16 01:33:09.517 [info] Getting sessions for read:user,repo,user:email,workflow...
2026-08-16 01:33:09.517 [info] Got 1 sessions for read:user,repo,user:email,workflow...
2026-08-16 01:33:09.998 [info] Getting sessions for all scopes...
2026-08-16 01:33:09.998 [info] Got 1 sessions for ...
2026-08-16 01:33:10.000 [info] Getting sessions for all scopes...
2026-08-16 01:33:10.000 [info] Got 1 sessions for ...
2026-08-16 01:33:12.069 [info] Getting sessions for all scopes...
2026-08-16 01:33:12.069 [info] Got 1 sessions for ...
2026-08-16 01:33:12.170 [info] Getting sessions for all scopes...
2026-08-16 01:33:12.170 [info] Got 1 sessions for ...
2026-08-16 01:33:12.170 [info] Getting sessions for all scopes...
2026-08-16 01:33:12.170 [info] Got 1 sessions for ...
2026-08-16 01:33:13.753 [info] Getting sessions for read:user,user:email...
2026-08-16 01:33:13.753 [info] Got 0 sessions for read:user,user:email...
2026-08-16 01:33:13.753 [info] Getting sessions for read:user,user:email...
2026-08-16 01:33:13.753 [info] Got 0 sessions for read:user,user:email...
2026-08-16 01:33:13.754 [info] Getting sessions for read:user,user:email...
2026-08-16 01:33:13.754 [info] Got 0 sessions for read:user,user:email...
2026-08-16 01:33:13.754 [info] Getting sessions for read:user,user:email...
2026-08-16 01:33:13.754 [info] Got 0 sessions for read:user,user:email...
2026-08-16 01:33:13.762 [info] Getting sessions for all scopes...
2026-08-16 01:33:13.763 [info] Got 1 sessions for ...
2026-08-16 01:33:13.763 [info] Getting sessions for all scopes...
2026-08-16 01:33:13.763 [info] Got 1 sessions for ...
2026-08-16 01:33:13.763 [info] Getting sessions for all scopes...
2026-08-16 01:33:13.763 [info] Got 1 sessions for ...
2026-08-16 01:33:13.763 [info] Getting sessions for all scopes...
2026-08-16 01:33:13.763 [info] Got 1 sessions for ...
2026-08-16 01:33:13.763 [info] Getting sessions for all scopes...
2026-08-16 01:33:13.763 [info] Got 1 sessions for ...
2026-08-16 01:33:13.763 [info] Getting sessions for all scopes...
2026-08-16 01:33:13.763 [info] Got 1 sessions for ...
2026-08-16 01:33:13.763 [info] Getting sessions for repo...
2026-08-16 01:33:13.763 [info] Got 0 sessions for repo...
2026-08-16 01:33:13.763 [info] Getting sessions for repo...
2026-08-16 01:33:13.763 [info] Got 0 sessions for repo...
2026-08-16 01:33:13.763 [info] Getting sessions for repo...
2026-08-16 01:33:13.763 [info] Got 0 sessions for repo...
2026-08-16 01:33:13.763 [info] Getting sessions for repo...
2026-08-16 01:33:13.763 [info] Got 0 sessions for repo...
2026-08-16 01:33:13.784 [info] Getting sessions for all scopes...
2026-08-16 01:33:13.784 [info] Got 1 sessions for ...
2026-08-16 01:33:13.784 [info] Getting sessions for all scopes...
2026-08-16 01:33:13.784 [info] Got 1 sessions for ...
2026-08-16 01:33:13.784 [info] Getting sessions for all scopes...
2026-08-16 01:33:13.784 [info] Got 1 sessions for ...
2026-08-16 01:33:13.784 [info] Getting sessions for all scopes...
2026-08-16 01:33:13.784 [info] Got 1 sessions for ...
2026-08-16 01:33:13.784 [info] Getting sessions for read:user,user:email...
2026-08-16 01:33:13.784 [info] Got 0 sessions for read:user,user:email...
2026-08-16 01:33:13.784 [info] Getting sessions for read:user,user:email...
2026-08-16 01:33:13.784 [info] Got 0 sessions for read:user,user:email...
2026-08-16 01:33:13.784 [info] Getting sessions for read:user,user:email...
2026-08-16 01:33:13.784 [info] Got 0 sessions for read:user,user:email...
2026-08-16 01:33:13.784 [info] Getting sessions for read:user,user:email...
2026-08-16 01:33:13.784 [info] Got 0 sessions for read:user,user:email...
2026-08-16 01:33:13.784 [info] Getting sessions for read:user,repo,user:email,workflow...
2026-08-16 01:33:13.784 [info] Got 1 sessions for read:user,repo,user:email,workflow...
2026-08-16 01:33:13.784 [info] Getting sessions for all scopes...
2026-08-16 01:33:13.784 [info] Got 1 sessions for ...
2026-08-16 01:33:13.784 [info] Getting sessions for all scopes...
2026-08-16 01:33:13.784 [info] Got 1 sessions for ...
2026-08-16 01:33:13.784 [info] Getting sessions for all scopes...
2026-08-16 01:33:13.784 [info] Got 1 sessions for ...
2026-08-16 01:33:13.784 [info] Getting sessions for all scopes...
2026-08-16 01:33:13.784 [info] Got 1 sessions for ...
2026-08-16 01:33:13.785 [info] Getting sessions for repo...
2026-08-16 01:33:13.785 [info] Got 0 sessions for repo...
2026-08-16 01:33:13.785 [info] Getting sessions for repo...
2026-08-16 01:33:13.785 [info] Got 0 sessions for repo...
2026-08-16 01:33:13.785 [info] Getting sessions for repo...
2026-08-16 01:33:13.785 [info] Got 0 sessions for repo...
2026-08-16 01:33:13.785 [info] Getting sessions for repo...
2026-08-16 01:33:13.785 [info] Got 0 sessions for repo...
2026-08-16 01:33:13.785 [info] Getting sessions for all scopes...
2026-08-16 01:33:13.785 [info] Got 1 sessions for ...
2026-08-16 01:33:13.785 [info] Getting sessions for all scopes...
2026-08-16 01:33:13.785 [info] Got 1 sessions for ...
2026-08-16 01:33:13.785 [info] Getting sessions for all scopes...
2026-08-16 01:33:13.785 [info] Got 1 sessions for ...
2026-08-16 01:33:13.785 [info] Getting sessions for all scopes...
2026-08-16 01:33:13.785 [info] Got 1 sessions for ...
2026-08-16 01:33:13.853 [info] Getting sessions for all scopes...
2026-08-16 01:33:13.853 [info] Got 1 sessions for ...
2026-08-16 01:33:13.854 [info] Getting sessions for all scopes...
2026-08-16 01:33:13.854 [info] Got 1 sessions for ...
2026-08-16 01:33:31.816 [info] Getting sessions for all scopes...
2026-08-16 01:33:31.816 [info] Got 1 sessions for ...
2026-08-16 01:33:31.817 [info] Getting sessions for all scopes...
2026-08-16 01:33:31.817 [info] Got 1 sessions for ...
2026-08-16 01:33:32.225 [info] Getting sessions for all scopes...
2026-08-16 01:33:32.225 [info] Got 1 sessions for ...
2026-08-16 01:33:32.228 [info] Getting sessions for read:user,repo,user:email,workflow...
2026-08-16 01:33:32.228 [info] Got 1 sessions for read:user,repo,user:email,workflow...
2026-08-16 01:33:32.753 [info] Getting sessions for all scopes...
2026-08-16 01:33:32.753 [info] Got 1 sessions for ...
2026-08-16 01:33:32.753 [info] Getting sessions for read:user,repo,user:email,workflow...
2026-08-16 01:33:32.753 [info] Got 1 sessions for read:user,repo,user:email,workflow...
2026-08-16 01:33:36.301 [info] Getting sessions for all scopes...
2026-08-16 01:33:36.301 [info] Got 1 sessions for ...
2026-08-16 01:33:36.302 [info] Getting sessions for all scopes...
2026-08-16 01:33:36.302 [info] Got 1 sessions for ...
2026-08-16 01:33:41.658 [info] Getting sessions for read:user,repo,user:email,workflow...
2026-08-16 01:33:41.658 [info] Got 1 sessions for read:user,repo,user:email,workflow...
2026-08-16 01:33:42.652 [info] Getting sessions for all scopes...
2026-08-16 01:33:42.652 [info] Got 1 sessions for ...
2026-08-16 01:33:42.653 [info] Getting sessions for all scopes...
2026-08-16 01:33:42.653 [info] Got 1 sessions for ...
2026-08-16 01:33:47.424 [info] Getting sessions for all scopes...
2026-08-16 01:33:47.424 [info] Got 1 sessions for ...
2026-08-16 01:33:47.424 [info] Getting sessions for all scopes...
2026-08-16 01:33:47.424 [info] Got 1 sessions for ...
2026-08-16 01:36:40.829 [info] Getting sessions for all scopes...
2026-08-16 01:36:40.829 [info] Got 1 sessions for ...
2026-08-16 01:36:40.831 [info] Getting sessions for all scopes...
2026-08-16 01:36:40.831 [info] Got 1 sessions for ...
2026-08-16 01:37:27.210 [info] Getting sessions for all scopes...
2026-08-16 01:37:27.210 [info] Got 1 sessions for ...
2026-08-16 01:37:27.211 [info] Getting sessions for all scopes...
2026-08-16 01:37:27.211 [info] Got 1 sessions for ...
2026-08-16 01:37:29.548 [info] Getting sessions for all scopes...
2026-08-16 01:37:29.548 [info] Got 1 sessions for ...
2026-08-16 01:37:29.549 [info] Getting sessions for all scopes...
2026-08-16 01:37:29.549 [info] Got 1 sessions for ...
2026-08-16 01:37:50.904 [info] Getting sessions for all scopes...
2026-08-16 01:37:50.904 [info] Got 1 sessions for ...
2026-08-16 01:37:50.904 [info] Getting sessions for all scopes...
2026-08-16 01:37:50.904 [info] Got 1 sessions for ...
2026-08-16 01:37:55.439 [info] Getting sessions for all scopes...
2026-08-16 01:37:55.439 [info] Got 1 sessions for ...
2026-08-16 01:37:55.445 [info] Getting sessions for all scopes...
2026-08-16 01:37:55.445 [info] Got 1 sessions for ...
2026-08-16 01:37:59.564 [info] Getting sessions for all scopes...
2026-08-16 01:37:59.564 [info] Got 1 sessions for ...
2026-08-16 01:37:59.565 [info] Getting sessions for all scopes...
2026-08-16 01:37:59.565 [info] Got 1 sessions for ...
2026-08-16 01:38:16.105 [info] Getting sessions for all scopes...
2026-08-16 01:38:16.105 [info] Got 1 sessions for ...
2026-08-16 01:38:16.105 [info] Getting sessions for all scopes...
2026-08-16 01:38:16.105 [info] Got 1 sessions for ...
2026-08-16 01:38:46.922 [info] Getting sessions for all scopes...
2026-08-16 01:38:46.922 [info] Got 1 sessions for ...
2026-08-16 01:38:46.922 [info] Getting sessions for all scopes...
2026-08-16 01:38:46.922 [info] Got 1 sessions for ...
2026-08-16 01:38:48.537 [info] Getting sessions for all scopes...
2026-08-16 01:38:48.537 [info] Got 1 sessions for ...
2026-08-16 01:38:48.538 [info] Getting sessions for all scopes...
2026-08-16 01:38:48.538 [info] Got 1 sessions for ...
2026-08-16 01:38:53.712 [info] Getting sessions for all scopes...
2026-08-16 01:38:53.712 [info] Got 1 sessions for ...
2026-08-16 01:38:53.712 [info] Getting sessions for all scopes...
2026-08-16 01:38:53.712 [info] Got 1 sessions for ...
2026-08-16 01:39:15.119 [info] Getting sessions for all scopes...
2026-08-16 01:39:15.119 [info] Got 1 sessions for ...
2026-08-16 01:39:15.120 [info] Getting sessions for all scopes...
2026-08-16 01:39:15.120 [info] Got 1 sessions for ...
2026-08-16 01:39:38.889 [info] Getting sessions for all scopes...
2026-08-16 01:39:38.889 [info] Got 1 sessions for ...
2026-08-16 01:39:38.891 [info] Getting sessions for all scopes...
2026-08-16 01:39:38.891 [info] Got 1 sessions for ...
2026-08-16 01:39:44.838 [info] Getting sessions for all scopes...
2026-08-16 01:39:44.838 [info] Got 1 sessions for ...
2026-08-16 01:39:44.839 [info] Getting sessions for all scopes...
2026-08-16 01:39:44.839 [info] Got 1 sessions for ...
2026-08-16 01:40:14.663 [info] Getting sessions for all scopes...
2026-08-16 01:40:14.663 [info] Got 1 sessions for ...
2026-08-16 01:40:14.664 [info] Getting sessions for all scopes...
2026-08-16 01:40:14.664 [info] Got 1 sessions for ...
2026-08-16 01:40:15.099 [info] Getting sessions for all scopes...
2026-08-16 01:40:15.099 [info] Got 1 sessions for ...
2026-08-16 01:40:15.099 [info] Getting sessions for all scopes...
2026-08-16 01:40:15.099 [info] Got 1 sessions for ...
2026-08-16 01:41:06.465 [info] Getting sessions for all scopes...
2026-08-16 01:41:06.465 [info] Got 1 sessions for ...
2026-08-16 01:41:06.465 [info] Getting sessions for all scopes...
2026-08-16 01:41:06.465 [info] Got 1 sessions for ...
2026-08-16 01:42:22.397 [info] Getting sessions for all scopes...
2026-08-16 01:42:22.397 [info] Got 1 sessions for ...
2026-08-16 01:42:22.397 [info] Getting sessions for all scopes...
2026-08-16 01:42:22.397 [info] Got 1 sessions for ...
2026-08-16 01:42:37.928 [info] Getting sessions for all scopes...
2026-08-16 01:42:37.928 [info] Got 1 sessions for ...
2026-08-16 01:42:37.928 [info] Getting sessions for all scopes...
2026-08-16 01:42:37.928 [info] Got 1 sessions for ...
2026-08-16 01:42:38.114 [info] Getting sessions for all scopes...
2026-08-16 01:42:38.114 [info] Got 1 sessions for ...
2026-08-16 01:42:38.124 [info] Getting sessions for all scopes...
2026-08-16 01:42:38.124 [info] Got 1 sessions for ...
2026-08-16 01:42:41.015 [info] Getting sessions for all scopes...
2026-08-16 01:42:41.015 [info] Got 1 sessions for ...
2026-08-16 01:42:41.015 [info] Getting sessions for all scopes...
2026-08-16 01:42:41.015 [info] Got 1 sessions for ...
2026-08-16 01:42:42.681 [info] Getting sessions for all scopes...
2026-08-16 01:42:42.681 [info] Got 1 sessions for ...
2026-08-16 01:42:42.682 [info] Getting sessions for all scopes...
2026-08-16 01:42:42.682 [info] Got 1 sessions for ...
2026-08-16 01:44:09.071 [info] Getting sessions for all scopes...
2026-08-16 01:44:09.071 [info] Got 1 sessions for ...
2026-08-16 01:44:09.071 [info] Getting sessions for all scopes...
2026-08-16 01:44:09.071 [info] Got 1 sessions for ...
2026-08-16 01:44:20.314 [info] Getting sessions for all scopes...
2026-08-16 01:44:20.314 [info] Got 1 sessions for ...
2026-08-16 01:44:20.314 [info] Getting sessions for all scopes...
2026-08-16 01:44:20.314 [info] Got 1 sessions for ...
2026-08-16 01:45:35.750 [info] Getting sessions for all scopes...
2026-08-16 01:45:35.750 [info] Got 1 sessions for ...
2026-08-16 01:45:35.750 [info] Getting sessions for all scopes...
2026-08-16 01:45:35.750 [info] Got 1 sessions for ...
2026-08-16 01:45:40.993 [info] Getting sessions for all scopes...
2026-08-16 01:45:40.993 [info] Got 1 sessions for ...
2026-08-16 01:45:40.994 [info] Getting sessions for all scopes...
2026-08-16 01:45:40.994 [info] Got 1 sessions for ...
2026-08-16 01:45:46.972 [info] Getting sessions for all scopes...
2026-08-16 01:45:46.973 [info] Got 1 sessions for ...
2026-08-16 01:45:46.973 [info] Getting sessions for all scopes...
2026-08-16 01:45:46.973 [info] Got 1 sessions for ...
2026-08-16 01:45:52.065 [info] Getting sessions for all scopes...
2026-08-16 01:45:52.065 [info] Got 1 sessions for ...
2026-08-16 01:45:52.066 [info] Getting sessions for all scopes...
2026-08-16 01:45:52.066 [info] Got 1 sessions for ...
2026-08-16 01:46:02.013 [info] Getting sessions for all scopes...
2026-08-16 01:46:02.013 [info] Got 1 sessions for ...
2026-08-16 01:46:02.013 [info] Getting sessions for all scopes...
2026-08-16 01:46:02.013 [info] Got 1 sessions for ...
2026-08-16 01:46:07.308 [info] Getting sessions for all scopes...
2026-08-16 01:46:07.308 [info] Got 1 sessions for ...
2026-08-16 01:46:07.309 [info] Getting sessions for all scopes...
2026-08-16 01:46:07.309 [info] Got 1 sessions for ...
2026-08-16 01:46:13.918 [info] Getting sessions for all scopes...
2026-08-16 01:46:13.918 [info] Got 1 sessions for ...
2026-08-16 01:46:13.919 [info] Getting sessions for all scopes...
2026-08-16 01:46:13.919 [info] Got 1 sessions for ...
2026-08-16 01:46:27.512 [info] Getting sessions for all scopes...
2026-08-16 01:46:27.512 [info] Got 1 sessions for ...
2026-08-16 01:46:27.513 [info] Getting sessions for all scopes...
2026-08-16 01:46:27.513 [info] Got 1 sessions for ...
2026-08-16 01:46:27.667 [info] Getting sessions for all scopes...
2026-08-16 01:46:27.668 [info] Got 1 sessions for ...
2026-08-16 01:46:27.668 [info] Getting sessions for all scopes...
2026-08-16 01:46:27.668 [info] Got 1 sessions for ...
2026-08-16 01:46:28.388 [info] Getting sessions for all scopes...
2026-08-16 01:46:28.388 [info] Got 1 sessions for ...
2026-08-16 01:46:28.392 [info] Getting sessions for all scopes...
2026-08-16 01:46:28.392 [info] Got 1 sessions for ...
2026-08-16 01:46:30.571 [info] Getting sessions for all scopes...
2026-08-16 01:46:30.571 [info] Got 1 sessions for ...
2026-08-16 01:46:30.572 [info] Getting sessions for all scopes...
2026-08-16 01:46:30.572 [info] Got 1 sessions for ...
2026-08-16 01:46:33.615 [info] Getting sessions for all scopes...
2026-08-16 01:46:33.615 [info] Got 1 sessions for ...
2026-08-16 01:46:33.615 [info] Getting sessions for all scopes...
2026-08-16 01:46:33.615 [info] Got 1 sessions for ...
2026-08-16 01:46:35.771 [info] Getting sessions for all scopes...
2026-08-16 01:46:35.771 [info] Got 1 sessions for ...
2026-08-16 01:46:35.771 [info] Getting sessions for all scopes...
2026-08-16 01:46:35.771 [info] Got 1 sessions for ...
2026-08-16 01:46:58.702 [info] Getting sessions for all scopes...
2026-08-16 01:46:58.702 [info] Got 1 sessions for ...
2026-08-16 01:46:58.703 [info] Getting sessions for all scopes...
2026-08-16 01:46:58.703 [info] Got 1 sessions for ...
2026-08-16 01:46:58.903 [info] Getting sessions for all scopes...
2026-08-16 01:46:58.903 [info] Got 1 sessions for ...
2026-08-16 01:46:58.904 [info] Getting sessions for all scopes...
2026-08-16 01:46:58.904 [info] Got 1 sessions for ...
2026-08-16 01:47:00.140 [info] Getting sessions for all scopes...
2026-08-16 01:47:00.141 [info] Got 1 sessions for ...
2026-08-16 01:47:00.141 [info] Getting sessions for all scopes...
2026-08-16 01:47:00.141 [info] Got 1 sessions for ...
2026-08-16 01:47:58.307 [info] Getting sessions for all scopes...
2026-08-16 01:47:58.307 [info] Got 1 sessions for ...
2026-08-16 01:47:58.307 [info] Getting sessions for all scopes...
2026-08-16 01:47:58.307 [info] Got 1 sessions for ...
2026-08-16 01:47:58.488 [info] Getting sessions for all scopes...
2026-08-16 01:47:58.488 [info] Got 1 sessions for ...
2026-08-16 01:47:58.488 [info] Getting sessions for all scopes...
2026-08-16 01:47:58.488 [info] Got 1 sessions for ...
2026-08-16 01:47:59.167 [info] Getting sessions for all scopes...
2026-08-16 01:47:59.167 [info] Got 1 sessions for ...
2026-08-16 01:47:59.171 [info] Getting sessions for all scopes...
2026-08-16 01:47:59.171 [info] Got 1 sessions for ...
2026-08-16 01:47:59.418 [info] Getting sessions for all scopes...
2026-08-16 01:47:59.418 [info] Got 1 sessions for ...
2026-08-16 01:47:59.418 [info] Getting sessions for all scopes...
2026-08-16 01:47:59.418 [info] Got 1 sessions for ...
2026-08-16 01:47:59.882 [info] Getting sessions for all scopes...
2026-08-16 01:47:59.882 [info] Got 1 sessions for ...
2026-08-16 01:47:59.882 [info] Getting sessions for all scopes...
2026-08-16 01:47:59.882 [info] Got 1 sessions for ...
2026-08-16 01:48:00.766 [info] Getting sessions for all scopes...
2026-08-16 01:48:00.766 [info] Got 1 sessions for ...
2026-08-16 01:48:00.766 [info] Getting sessions for all scopes...
2026-08-16 01:48:00.766 [info] Got 1 sessions for ...
2026-08-16 01:48:24.946 [info] Getting sessions for all scopes...
2026-08-16 01:48:24.946 [info] Got 1 sessions for ...
2026-08-16 01:48:24.946 [info] Getting sessions for all scopes...
2026-08-16 01:48:24.946 [info] Got 1 sessions for ...
2026-08-16 01:48:47.403 [info] Getting sessions for all scopes...
2026-08-16 01:48:47.403 [info] Got 1 sessions for ...
2026-08-16 01:48:47.403 [info] Getting sessions for all scopes...
2026-08-16 01:48:47.403 [info] Got 1 sessions for ...
2026-08-16 01:48:55.481 [info] Getting sessions for all scopes...
2026-08-16 01:48:55.481 [info] Got 1 sessions for ...
2026-08-16 01:48:55.481 [info] Getting sessions for all scopes...
2026-08-16 01:48:55.481 [info] Got 1 sessions for ...
2026-08-16 01:49:44.248 [info] Getting sessions for all scopes...
2026-08-16 01:49:44.248 [info] Got 1 sessions for ...
2026-08-16 01:49:44.249 [info] Getting sessions for all scopes...
2026-08-16 01:49:44.249 [info] Got 1 sessions for ...
2026-08-16 01:49:44.790 [info] Getting sessions for all scopes...
2026-08-16 01:49:44.790 [info] Got 1 sessions for ...
2026-08-16 01:49:44.791 [info] Getting sessions for all scopes...
2026-08-16 01:49:44.791 [info] Got 1 sessions for ...
2026-08-16 01:50:19.032 [info] Getting sessions for all scopes...
2026-08-16 01:50:19.032 [info] Got 1 sessions for ...
2026-08-16 01:50:19.032 [info] Getting sessions for all scopes...
2026-08-16 01:50:19.032 [info] Got 1 sessions for ...
2026-08-16 01:50:40.819 [info] Getting sessions for all scopes...
2026-08-16 01:50:40.819 [info] Got 1 sessions for ...
2026-08-16 01:50:40.820 [info] Getting sessions for all scopes...
2026-08-16 01:50:40.820 [info] Got 1 sessions for ...
2026-08-16 01:50:46.608 [info] Getting sessions for all scopes...
2026-08-16 01:50:46.608 [info] Got 1 sessions for ...
2026-08-16 01:50:46.608 [info] Getting sessions for all scopes...
2026-08-16 01:50:46.608 [info] Got 1 sessions for ...
2026-08-16 01:50:47.590 [info] Getting sessions for all scopes...
2026-08-16 01:50:47.590 [info] Got 1 sessions for ...
2026-08-16 01:50:47.591 [info] Getting sessions for all scopes...
2026-08-16 01:50:47.591 [info] Got 1 sessions for ...
2026-08-16 01:51:47.102 [info] Getting sessions for all scopes...
2026-08-16 01:51:47.103 [info] Got 1 sessions for ...
2026-08-16 01:51:47.103 [info] Getting sessions for all scopes...
2026-08-16 01:51:47.103 [info] Got 1 sessions for ...
2026-08-16 01:51:48.797 [info] Getting sessions for all scopes...
2026-08-16 01:51:48.797 [info] Got 1 sessions for ...
2026-08-16 01:51:48.797 [info] Getting sessions for all scopes...
2026-08-16 01:51:48.797 [info] Got 1 sessions for ...
2026-08-16 01:52:16.530 [info] Getting sessions for all scopes...
2026-08-16 01:52:16.530 [info] Got 1 sessions for ...
2026-08-16 01:52:16.531 [info] Getting sessions for all scopes...
2026-08-16 01:52:16.531 [info] Got 1 sessions for ...
2026-08-16 01:54:48.870 [info] Getting sessions for all scopes...
2026-08-16 01:54:48.870 [info] Got 1 sessions for ...
2026-08-16 01:54:48.870 [info] Getting sessions for all scopes...
2026-08-16 01:54:48.870 [info] Got 1 sessions for ...
2026-08-16 01:55:41.424 [info] Getting sessions for all scopes...
2026-08-16 01:55:41.424 [info] Got 1 sessions for ...
2026-08-16 01:55:41.426 [info] Getting sessions for all scopes...
2026-08-16 01:55:41.426 [info] Got 1 sessions for ...
2026-08-16 01:55:51.174 [info] Getting sessions for all scopes...
2026-08-16 01:55:51.174 [info] Got 1 sessions for ...
2026-08-16 01:55:51.175 [info] Getting sessions for all scopes...
2026-08-16 01:55:51.175 [info] Got 1 sessions for ...
2026-08-16 01:56:50.457 [info] Getting sessions for all scopes...
2026-08-16 01:56:50.457 [info] Got 1 sessions for ...
2026-08-16 01:56:50.458 [info] Getting sessions for all scopes...
2026-08-16 01:56:50.458 [info] Got 1 sessions for ...
2026-08-16 01:57:39.373 [info] Getting sessions for all scopes...
2026-08-16 01:57:39.373 [info] Got 1 sessions for ...
2026-08-16 01:57:39.373 [info] Getting sessions for all scopes...
2026-08-16 01:57:39.373 [info] Got 1 sessions for ...
2026-08-16 01:57:40.722 [info] Getting sessions for all scopes...
2026-08-16 01:57:40.723 [info] Got 1 sessions for ...
2026-08-16 01:57:40.723 [info] Getting sessions for all scopes...
2026-08-16 01:57:40.723 [info] Got 1 sessions for ...
2026-08-16 01:57:56.069 [info] Getting sessions for all scopes...
2026-08-16 01:57:56.069 [info] Got 1 sessions for ...
2026-08-16 01:57:56.069 [info] Getting sessions for all scopes...
2026-08-16 01:57:56.070 [info] Got 1 sessions for ...
2026-08-16 01:58:12.122 [info] Getting sessions for all scopes...
2026-08-16 01:58:12.122 [info] Got 1 sessions for ...
2026-08-16 01:58:12.122 [info] Getting sessions for all scopes...
2026-08-16 01:58:12.122 [info] Got 1 sessions for ...
2026-08-16 01:59:08.602 [info] Getting sessions for all scopes...
2026-08-16 01:59:08.603 [info] Got 1 sessions for ...
2026-08-16 01:59:08.603 [info] Getting sessions for all scopes...
2026-08-16 01:59:08.603 [info] Got 1 sessions for ...
2026-08-16 01:59:10.148 [info] Getting sessions for all scopes...
2026-08-16 01:59:10.148 [info] Got 1 sessions for ...
2026-08-16 01:59:10.149 [info] Getting sessions for all scopes...
2026-08-16 01:59:10.149 [info] Got 1 sessions for ...
