2026-08-14 13:48:08.997 [info] Reading sessions from keychain...
2026-08-14 13:48:08.997 [info] Getting sessions for all scopes...
2026-08-14 13:48:08.997 [info] Got 0 sessions for ...
2026-08-14 13:48:08.997 [info] Getting sessions for all scopes...
2026-08-14 13:48:08.997 [info] Got 0 sessions for ...
2026-08-14 13:48:08.997 [info] Getting sessions for all scopes...
2026-08-14 13:48:08.997 [info] Got 0 sessions for ...
2026-08-14 13:48:08.997 [info] Getting sessions for all scopes...
2026-08-14 13:48:08.997 [info] Got 0 sessions for ...
2026-08-14 13:48:08.997 [info] Getting sessions for all scopes...
2026-08-14 13:48:08.997 [info] Got 0 sessions for ...
2026-08-14 13:48:09.202 [info] Getting sessions for read:user,user:email...
2026-08-14 13:48:09.202 [info] Got 0 sessions for read:user,user:email...
2026-08-14 13:48:09.206 [info] Getting sessions for all scopes...
2026-08-14 13:48:09.206 [info] Got 0 sessions for ...
2026-08-14 13:48:09.206 [info] Getting sessions for read:user,user:email...
2026-08-14 13:48:09.206 [info] Got 0 sessions for read:user,user:email...
2026-08-14 13:48:09.206 [info] Getting sessions for read:user,user:email...
2026-08-14 13:48:09.206 [info] Got 0 sessions for read:user,user:email...
2026-08-14 13:48:09.206 [info] Getting sessions for read:user,user:email...
2026-08-14 13:48:09.206 [info] Got 0 sessions for read:user,user:email...
2026-08-14 13:48:09.206 [info] Getting sessions for read:user,user:email...
2026-08-14 13:48:09.206 [info] Got 0 sessions for read:user,user:email...
2026-08-14 13:48:09.206 [info] Getting sessions for read:user,user:email...
2026-08-14 13:48:09.206 [info] Got 0 sessions for read:user,user:email...
2026-08-14 13:48:09.207 [info] Getting sessions for read:user,user:email...
2026-08-14 13:48:09.207 [info] Got 0 sessions for read:user,user:email...
2026-08-14 13:48:09.207 [info] Getting sessions for read:user,user:email...
2026-08-14 13:48:09.207 [info] Got 0 sessions for read:user,user:email...
2026-08-14 13:48:09.207 [info] Getting sessions for read:user,user:email...
2026-08-14 13:48:09.207 [info] Got 0 sessions for read:user,user:email...
2026-08-14 13:48:09.207 [info] Getting sessions for read:user,user:email...
2026-08-14 13:48:09.207 [info] Got 0 sessions for read:user,user:email...
2026-08-14 13:48:09.207 [info] Getting sessions for repo...
2026-08-14 13:48:09.207 [info] Got 0 sessions for repo...
2026-08-14 13:48:09.207 [info] Getting sessions for all scopes...
2026-08-14 13:48:09.207 [info] Got 0 sessions for ...
2026-08-14 13:48:09.207 [info] Getting sessions for all scopes...
2026-08-14 13:48:09.207 [info] Got 0 sessions for ...
2026-08-14 13:48:09.207 [info] Getting sessions for all scopes...
2026-08-14 13:48:09.207 [info] Got 0 sessions for ...
2026-08-14 13:48:09.207 [info] Getting sessions for all scopes...
2026-08-14 13:48:09.207 [info] Got 0 sessions for ...
2026-08-14 13:48:09.207 [info] Getting sessions for all scopes...
2026-08-14 13:48:09.207 [info] Got 0 sessions for ...
2026-08-14 13:48:09.207 [info] Getting sessions for all scopes...
2026-08-14 13:48:09.207 [info] Got 0 sessions for ...
2026-08-14 13:48:09.207 [info] Getting sessions for all scopes...
2026-08-14 13:48:09.207 [info] Got 0 sessions for ...
2026-08-14 13:48:09.207 [info] Getting sessions for all scopes...
2026-08-14 13:48:09.207 [info] Got 0 sessions for ...
2026-08-14 13:48:09.208 [info] Getting sessions for all scopes...
2026-08-14 13:48:09.208 [info] Got 0 sessions for ...
2026-08-14 13:48:09.208 [info] Getting sessions for all scopes...
2026-08-14 13:48:09.208 [info] Got 0 sessions for ...
2026-08-14 13:48:09.208 [info] Getting sessions for repo...
2026-08-14 13:48:09.208 [info] Got 0 sessions for repo...
2026-08-14 13:48:09.211 [info] Getting sessions for repo...
2026-08-14 13:48:09.211 [info] Got 0 sessions for repo...
2026-08-14 13:48:09.211 [info] Getting sessions for repo...
2026-08-14 13:48:09.211 [info] Got 0 sessions for repo...
2026-08-14 13:48:09.211 [info] Getting sessions for repo...
2026-08-14 13:48:09.211 [info] Got 0 sessions for repo...
2026-08-14 13:48:09.211 [info] Getting sessions for repo...
2026-08-14 13:48:09.211 [info] Got 0 sessions for repo...
2026-08-14 13:48:09.211 [info] Getting sessions for repo...
2026-08-14 13:48:09.211 [info] Got 0 sessions for repo...
2026-08-14 13:48:09.211 [info] Getting sessions for repo...
2026-08-14 13:48:09.211 [info] Got 0 sessions for repo...
2026-08-14 13:48:09.211 [info] Getting sessions for repo...
2026-08-14 13:48:09.211 [info] Got 0 sessions for repo...
2026-08-14 13:48:09.211 [info] Getting sessions for repo...
2026-08-14 13:48:09.211 [info] Got 0 sessions for repo...
2026-08-14 13:48:09.211 [info] Getting sessions for read:user,user:email...
2026-08-14 13:48:09.211 [info] Got 0 sessions for read:user,user:email...
2026-08-14 13:48:09.211 [info] Getting sessions for all scopes...
2026-08-14 13:48:09.211 [info] Got 0 sessions for ...
2026-08-14 13:48:09.211 [info] Getting sessions for all scopes...
2026-08-14 13:48:09.211 [info] Got 0 sessions for ...
2026-08-14 13:48:09.211 [info] Getting sessions for all scopes...
2026-08-14 13:48:09.211 [info] Got 0 sessions for ...
2026-08-14 13:48:09.211 [info] Getting sessions for all scopes...
2026-08-14 13:48:09.211 [info] Got 0 sessions for ...
2026-08-14 13:48:09.211 [info] Getting sessions for all scopes...
2026-08-14 13:48:09.211 [info] Got 0 sessions for ...
2026-08-14 13:48:09.211 [info] Getting sessions for all scopes...
2026-08-14 13:48:09.212 [info] Got 0 sessions for ...
2026-08-14 13:48:09.212 [info] Getting sessions for all scopes...
2026-08-14 13:48:09.212 [info] Got 0 sessions for ...
2026-08-14 13:48:09.212 [info] Getting sessions for all scopes...
2026-08-14 13:48:09.212 [info] Got 0 sessions for ...
2026-08-14 13:48:09.212 [info] Getting sessions for all scopes...
2026-08-14 13:48:09.212 [info] Got 0 sessions for ...
2026-08-14 13:48:09.212 [info] Getting sessions for all scopes...
2026-08-14 13:48:09.212 [info] Got 0 sessions for ...
2026-08-14 13:48:09.212 [info] Getting sessions for read:user,user:email...
2026-08-14 13:48:09.212 [info] Got 0 sessions for read:user,user:email...
2026-08-14 13:48:09.212 [info] Getting sessions for read:user,user:email...
2026-08-14 13:48:09.212 [info] Got 0 sessions for read:user,user:email...
2026-08-14 13:48:09.212 [info] Getting sessions for read:user,user:email...
2026-08-14 13:48:09.212 [info] Got 0 sessions for read:user,user:email...
2026-08-14 13:48:09.214 [info] Getting sessions for read:user,user:email...
2026-08-14 13:48:09.214 [info] Got 0 sessions for read:user,user:email...
2026-08-14 13:48:09.214 [info] Getting sessions for read:user,user:email...
2026-08-14 13:48:09.214 [info] Got 0 sessions for read:user,user:email...
2026-08-14 13:48:09.214 [info] Getting sessions for read:user,user:email...
2026-08-14 13:48:09.214 [info] Got 0 sessions for read:user,user:email...
2026-08-14 13:48:09.214 [info] Getting sessions for read:user,user:email...
2026-08-14 13:48:09.214 [info] Got 0 sessions for read:user,user:email...
2026-08-14 13:48:09.214 [info] Getting sessions for read:user,user:email...
2026-08-14 13:48:09.214 [info] Got 0 sessions for read:user,user:email...
2026-08-14 13:48:09.214 [info] Getting sessions for read:user,user:email...
2026-08-14 13:48:09.215 [info] Got 0 sessions for read:user,user:email...
2026-08-14 13:48:09.215 [info] Getting sessions for repo...
2026-08-14 13:48:09.215 [info] Got 0 sessions for repo...
2026-08-14 13:48:09.215 [info] Getting sessions for all scopes...
2026-08-14 13:48:09.215 [info] Got 0 sessions for ...
2026-08-14 13:48:09.215 [info] Getting sessions for all scopes...
2026-08-14 13:48:09.215 [info] Got 0 sessions for ...
2026-08-14 13:48:09.215 [info] Getting sessions for all scopes...
2026-08-14 13:48:09.215 [info] Got 0 sessions for ...
2026-08-14 13:48:09.215 [info] Getting sessions for all scopes...
2026-08-14 13:48:09.215 [info] Got 0 sessions for ...
2026-08-14 13:48:09.215 [info] Getting sessions for all scopes...
2026-08-14 13:48:09.215 [info] Got 0 sessions for ...
2026-08-14 13:48:09.215 [info] Getting sessions for all scopes...
2026-08-14 13:48:09.215 [info] Got 0 sessions for ...
2026-08-14 13:48:09.215 [info] Getting sessions for all scopes...
2026-08-14 13:48:09.215 [info] Got 0 sessions for ...
2026-08-14 13:48:09.215 [info] Getting sessions for all scopes...
2026-08-14 13:48:09.215 [info] Got 0 sessions for ...
2026-08-14 13:48:09.215 [info] Getting sessions for all scopes...
2026-08-14 13:48:09.215 [info] Got 0 sessions for ...
2026-08-14 13:48:09.215 [info] Getting sessions for all scopes...
2026-08-14 13:48:09.215 [info] Got 0 sessions for ...
2026-08-14 13:48:09.215 [info] Getting sessions for repo...
2026-08-14 13:48:09.215 [info] Got 0 sessions for repo...
2026-08-14 13:48:09.215 [info] Getting sessions for repo...
2026-08-14 13:48:09.215 [info] Got 0 sessions for repo...
2026-08-14 13:48:09.215 [info] Getting sessions for repo...
2026-08-14 13:48:09.215 [info] Got 0 sessions for repo...
2026-08-14 13:48:09.218 [info] Getting sessions for repo...
2026-08-14 13:48:09.218 [info] Got 0 sessions for repo...
2026-08-14 13:48:09.218 [info] Getting sessions for repo...
2026-08-14 13:48:09.218 [info] Got 0 sessions for repo...
2026-08-14 13:48:09.218 [info] Getting sessions for repo...
2026-08-14 13:48:09.218 [info] Got 0 sessions for repo...
2026-08-14 13:48:09.218 [info] Getting sessions for repo...
2026-08-14 13:48:09.218 [info] Got 0 sessions for repo...
2026-08-14 13:48:09.218 [info] Getting sessions for repo...
2026-08-14 13:48:09.218 [info] Got 0 sessions for repo...
2026-08-14 13:48:09.218 [info] Getting sessions for repo...
2026-08-14 13:48:09.218 [info] Got 0 sessions for repo...
2026-08-14 13:48:09.218 [info] Getting sessions for all scopes...
2026-08-14 13:48:09.218 [info] Got 0 sessions for ...
2026-08-14 13:48:09.218 [info] Getting sessions for all scopes...
2026-08-14 13:48:09.218 [info] Got 0 sessions for ...
2026-08-14 13:48:09.218 [info] Getting sessions for all scopes...
2026-08-14 13:48:09.218 [info] Got 0 sessions for ...
2026-08-14 13:48:09.218 [info] Getting sessions for all scopes...
2026-08-14 13:48:09.218 [info] Got 0 sessions for ...
2026-08-14 13:48:09.218 [info] Getting sessions for all scopes...
2026-08-14 13:48:09.218 [info] Got 0 sessions for ...
2026-08-14 13:48:09.218 [info] Getting sessions for all scopes...
2026-08-14 13:48:09.218 [info] Got 0 sessions for ...
2026-08-14 13:48:09.218 [info] Getting sessions for all scopes...
2026-08-14 13:48:09.218 [info] Got 0 sessions for ...
2026-08-14 13:48:09.218 [info] Getting sessions for all scopes...
2026-08-14 13:48:09.218 [info] Got 0 sessions for ...
2026-08-14 13:48:09.218 [info] Getting sessions for all scopes...
2026-08-14 13:48:09.218 [info] Got 0 sessions for ...
2026-08-14 13:48:10.844 [info] Getting sessions for all scopes...
2026-08-14 13:48:10.844 [info] Got 0 sessions for ...
