--------------------------------------------------------------------------------
[Jun 11, 2026 10:38:47.4 AM GMT:ERROR:creative_new_tab_page_ads_util.cc(153)] Successfully saved creative new tab page ads
[Jun 11, 2026 10:38:47.4 AM GMT:ERROR:creative_new_tab_page_ads_util.cc(138)] Successfully saved creative set conversions
--------------------------------------------------------------------------------
[Jun 12, 2026 8:43:12.3 AM GMT:ERROR:creative_new_tab_page_ads_util.cc(153)] Successfully saved creative new tab page ads
[Jun 12, 2026 8:43:12.3 AM GMT:ERROR:creative_new_tab_page_ads_util.cc(138)] Successfully saved creative set conversions
[Jun 12, 2026 8:43:16.9 AM GMT:ERROR:creative_new_tab_page_ads_util.cc(153)] Successfully saved creative new tab page ads
[Jun 12, 2026 8:43:16.9 AM GMT:ERROR:creative_new_tab_page_ads_util.cc(138)] Successfully saved creative set conversions
--------------------------------------------------------------------------------
[Jun 12, 2026 8:43:22.4 AM GMT:ERROR:creative_new_tab_page_ads_util.cc(153)] Successfully saved creative new tab page ads
[Jun 12, 2026 8:43:22.4 AM GMT:ERROR:creative_new_tab_page_ads_util.cc(138)] Successfully saved creative set conversions
--------------------------------------------------------------------------------
[Jun 12, 2026 9:20:13.7 AM GMT:ERROR:creative_new_tab_page_ads_util.cc(153)] Successfully saved creative new tab page ads
[Jun 12, 2026 9:20:13.7 AM GMT:ERROR:creative_new_tab_page_ads_util.cc(138)] Successfully saved creative set conversions
--------------------------------------------------------------------------------
[Jun 12, 2026 9:39:10.8 AM GMT:ERROR:creative_new_tab_page_ads_util.cc(153)] Successfully saved creative new tab page ads
[Jun 12, 2026 9:39:10.8 AM GMT:ERROR:creative_new_tab_page_ads_util.cc(138)] Successfully saved creative set conversions
--------------------------------------------------------------------------------
[Jun 12, 2026 9:55:03.3 AM GMT:ERROR:creative_new_tab_page_ads_util.cc(153)] Successfully saved creative new tab page ads
[Jun 12, 2026 9:55:03.3 AM GMT:ERROR:creative_new_tab_page_ads_util.cc(138)] Successfully saved creative set conversions
--------------------------------------------------------------------------------
[Jun 12, 2026 9:55:32.7 AM GMT:ERROR:creative_new_tab_page_ads_util.cc(153)] Successfully saved creative new tab page ads
[Jun 12, 2026 9:55:32.7 AM GMT:ERROR:creative_new_tab_page_ads_util.cc(138)] Successfully saved creative set conversions
--------------------------------------------------------------------------------
[Jun 12, 2026 10:36:16.8 AM GMT:ERROR:creative_new_tab_page_ads_util.cc(153)] Successfully saved creative new tab page ads
[Jun 12, 2026 10:36:16.8 AM GMT:ERROR:creative_new_tab_page_ads_util.cc(138)] Successfully saved creative set conversions
--------------------------------------------------------------------------------
[Jun 12, 2026 10:45:12.8 AM GMT:ERROR:creative_new_tab_page_ads_util.cc(153)] Successfully saved creative new tab page ads
[Jun 12, 2026 10:45:12.8 AM GMT:ERROR:creative_new_tab_page_ads_util.cc(138)] Successfully saved creative set conversions
--------------------------------------------------------------------------------
[Jun 12, 2026 10:51:47.9 AM GMT:ERROR:creative_new_tab_page_ads_util.cc(153)] Successfully saved creative new tab page ads
[Jun 12, 2026 10:51:47.9 AM GMT:ERROR:creative_new_tab_page_ads_util.cc(138)] Successfully saved creative set conversions
--------------------------------------------------------------------------------
[Jun 12, 2026 10:57:22.0 AM GMT:ERROR:creative_new_tab_page_ads_util.cc(153)] Successfully saved creative new tab page ads
[Jun 12, 2026 10:57:22.0 AM GMT:ERROR:creative_new_tab_page_ads_util.cc(138)] Successfully saved creative set conversions
--------------------------------------------------------------------------------
[Jun 12, 2026 1:25:56.2 PM GMT:ERROR:creative_new_tab_page_ads_util.cc(153)] Successfully saved creative new tab page ads
[Jun 12, 2026 1:25:56.2 PM GMT:ERROR:creative_new_tab_page_ads_util.cc(138)] Successfully saved creative set conversions
--------------------------------------------------------------------------------
[Jun 12, 2026 1:26:54.1 PM GMT:ERROR:creative_new_tab_page_ads_util.cc(153)] Successfully saved creative new tab page ads
[Jun 12, 2026 1:26:54.1 PM GMT:ERROR:creative_new_tab_page_ads_util.cc(138)] Successfully saved creative set conversions
--------------------------------------------------------------------------------
[Jun 12, 2026 1:29:30.2 PM GMT:ERROR:creative_new_tab_page_ads_util.cc(153)] Successfully saved creative new tab page ads
[Jun 12, 2026 1:29:30.2 PM GMT:ERROR:creative_new_tab_page_ads_util.cc(138)] Successfully saved creative set conversions
--------------------------------------------------------------------------------
[Jun 12, 2026 1:30:37.7 PM GMT:ERROR:creative_new_tab_page_ads_util.cc(153)] Successfully saved creative new tab page ads
[Jun 12, 2026 1:30:37.7 PM GMT:ERROR:creative_new_tab_page_ads_util.cc(138)] Successfully saved creative set conversions
--------------------------------------------------------------------------------
[Jun 12, 2026 1:32:49.5 PM GMT:ERROR:creative_new_tab_page_ads_util.cc(153)] Successfully saved creative new tab page ads
[Jun 12, 2026 1:32:49.5 PM GMT:ERROR:creative_new_tab_page_ads_util.cc(138)] Successfully saved creative set conversions
--------------------------------------------------------------------------------
[Jun 12, 2026 1:33:19.8 PM GMT:ERROR:creative_new_tab_page_ads_util.cc(153)] Successfully saved creative new tab page ads
[Jun 12, 2026 1:33:19.8 PM GMT:ERROR:creative_new_tab_page_ads_util.cc(138)] Successfully saved creative set conversions
--------------------------------------------------------------------------------
[Jun 12, 2026 6:11:01.8 PM GMT:ERROR:creative_new_tab_page_ads_util.cc(153)] Successfully saved creative new tab page ads
[Jun 12, 2026 6:11:01.8 PM GMT:ERROR:creative_new_tab_page_ads_util.cc(138)] Successfully saved creative set conversions
--------------------------------------------------------------------------------
[Jun 30, 2026 8:06:18.4 PM GMT:ERROR:creative_new_tab_page_ads_util.cc(153)] Successfully saved creative new tab page ads
[Jun 30, 2026 8:06:18.4 PM GMT:ERROR:creative_new_tab_page_ads_util.cc(138)] Successfully saved creative set conversions
[Jun 30, 2026 8:07:19.8 PM GMT:ERROR:creative_new_tab_page_ads_util.cc(153)] Successfully saved creative new tab page ads
[Jun 30, 2026 8:07:19.8 PM GMT:ERROR:creative_new_tab_page_ads_util.cc(138)] Successfully saved creative set conversions
--------------------------------------------------------------------------------
[Jul 09, 2026 10:55:30.2 AM GMT:ERROR:creative_new_tab_page_ads_util.cc(153)] Successfully saved creative new tab page ads
[Jul 09, 2026 10:55:30.2 AM GMT:ERROR:creative_new_tab_page_ads_util.cc(138)] Successfully saved creative set conversions
--------------------------------------------------------------------------------
[Jul 09, 2026 10:57:01.7 AM GMT:ERROR:creative_new_tab_page_ads_util.cc(153)] Successfully saved creative new tab page ads
[Jul 09, 2026 10:57:01.7 AM GMT:ERROR:creative_new_tab_page_ads_util.cc(138)] Successfully saved creative set conversions
[Jul 09, 2026 10:57:10.5 AM GMT:ERROR:creative_new_tab_page_ads_util.cc(153)] Successfully saved creative new tab page ads
[Jul 09, 2026 10:57:10.5 AM GMT:ERROR:creative_new_tab_page_ads_util.cc(138)] Successfully saved creative set conversions
--------------------------------------------------------------------------------
[Jul 09, 2026 12:22:33.0 PM GMT:ERROR:creative_new_tab_page_ads_util.cc(153)] Successfully saved creative new tab page ads
[Jul 09, 2026 12:22:33.0 PM GMT:ERROR:creative_new_tab_page_ads_util.cc(138)] Successfully saved creative set conversions
--------------------------------------------------------------------------------
[Jul 09, 2026 12:23:21.9 PM GMT:ERROR:creative_new_tab_page_ads_util.cc(153)] Successfully saved creative new tab page ads
[Jul 09, 2026 12:23:21.9 PM GMT:ERROR:creative_new_tab_page_ads_util.cc(138)] Successfully saved creative set conversions
--------------------------------------------------------------------------------
[Jul 09, 2026 12:40:06.4 PM GMT:ERROR:creative_new_tab_page_ads_util.cc(153)] Successfully saved creative new tab page ads
[Jul 09, 2026 12:40:06.4 PM GMT:ERROR:creative_new_tab_page_ads_util.cc(138)] Successfully saved creative set conversions
--------------------------------------------------------------------------------
[Jul 31, 2026 2:12:51.0 AM GMT:ERROR:creative_new_tab_page_ads_util.cc(153)] Successfully saved creative new tab page ads
[Jul 31, 2026 2:12:51.0 AM GMT:ERROR:creative_new_tab_page_ads_util.cc(138)] Successfully saved creative set conversions
[Jul 31, 2026 2:12:59.3 AM GMT:ERROR:creative_new_tab_page_ads_util.cc(153)] Successfully saved creative new tab page ads
[Jul 31, 2026 2:12:59.3 AM GMT:ERROR:creative_new_tab_page_ads_util.cc(138)] Successfully saved creative set conversions
--------------------------------------------------------------------------------
[Jul 31, 2026 3:48:04.7 PM GMT:ERROR:creative_new_tab_page_ads_util.cc(153)] Successfully saved creative new tab page ads
[Jul 31, 2026 3:48:04.7 PM GMT:ERROR:creative_new_tab_page_ads_util.cc(138)] Successfully saved creative set conversions
[Jul 31, 2026 3:49:21.9 PM GMT:ERROR:creative_new_tab_page_ads_util.cc(153)] Successfully saved creative new tab page ads
[Jul 31, 2026 3:49:21.9 PM GMT:ERROR:creative_new_tab_page_ads_util.cc(138)] Successfully saved creative set conversions
--------------------------------------------------------------------------------
[Jul 31, 2026 3:53:16.8 PM GMT:ERROR:creative_new_tab_page_ads_util.cc(153)] Successfully saved creative new tab page ads
[Jul 31, 2026 3:53:16.8 PM GMT:ERROR:creative_new_tab_page_ads_util.cc(138)] Successfully saved creative set conversions
--------------------------------------------------------------------------------
[Jul 31, 2026 3:57:14.8 PM GMT:ERROR:creative_new_tab_page_ads_util.cc(153)] Successfully saved creative new tab page ads
[Jul 31, 2026 3:57:14.8 PM GMT:ERROR:creative_new_tab_page_ads_util.cc(138)] Successfully saved creative set conversions
--------------------------------------------------------------------------------
[Aug 01, 2026 1:51:10.7 PM GMT:ERROR:creative_new_tab_page_ads_util.cc(153)] Successfully saved creative new tab page ads
[Aug 01, 2026 1:51:10.7 PM GMT:ERROR:creative_new_tab_page_ads_util.cc(138)] Successfully saved creative set conversions
[Aug 01, 2026 1:51:38.6 PM GMT:ERROR:creative_new_tab_page_ads_util.cc(153)] Successfully saved creative new tab page ads
[Aug 01, 2026 1:51:38.6 PM GMT:ERROR:creative_new_tab_page_ads_util.cc(138)] Successfully saved creative set conversions
--------------------------------------------------------------------------------
[Aug 01, 2026 2:25:22.8 PM GMT:ERROR:creative_new_tab_page_ads_util.cc(153)] Successfully saved creative new tab page ads
[Aug 01, 2026 2:25:22.8 PM GMT:ERROR:creative_new_tab_page_ads_util.cc(138)] Successfully saved creative set conversions
--------------------------------------------------------------------------------
[Aug 01, 2026 2:26:03.2 PM GMT:ERROR:creative_new_tab_page_ads_util.cc(153)] Successfully saved creative new tab page ads
[Aug 01, 2026 2:26:03.2 PM GMT:ERROR:creative_new_tab_page_ads_util.cc(138)] Successfully saved creative set conversions
--------------------------------------------------------------------------------
[Aug 01, 2026 2:26:10.6 PM GMT:ERROR:creative_new_tab_page_ads_util.cc(153)] Successfully saved creative new tab page ads
[Aug 01, 2026 2:26:10.6 PM GMT:ERROR:creative_new_tab_page_ads_util.cc(138)] Successfully saved creative set conversions
--------------------------------------------------------------------------------
[Aug 01, 2026 3:01:42.8 PM GMT:ERROR:creative_new_tab_page_ads_util.cc(153)] Successfully saved creative new tab page ads
[Aug 01, 2026 3:01:42.8 PM GMT:ERROR:creative_new_tab_page_ads_util.cc(138)] Successfully saved creative set conversions
--------------------------------------------------------------------------------
[Aug 01, 2026 3:09:06.1 PM GMT:ERROR:creative_new_tab_page_ads_util.cc(153)] Successfully saved creative new tab page ads
[Aug 01, 2026 3:09:06.1 PM GMT:ERROR:creative_new_tab_page_ads_util.cc(138)] Successfully saved creative set conversions
--------------------------------------------------------------------------------
[Aug 01, 2026 3:41:15.3 PM GMT:ERROR:creative_new_tab_page_ads_util.cc(153)] Successfully saved creative new tab page ads
[Aug 01, 2026 3:41:15.3 PM GMT:ERROR:creative_new_tab_page_ads_util.cc(138)] Successfully saved creative set conversions
--------------------------------------------------------------------------------
[Aug 01, 2026 3:48:09.9 PM GMT:ERROR:creative_new_tab_page_ads_util.cc(153)] Successfully saved creative new tab page ads
[Aug 01, 2026 3:48:09.9 PM GMT:ERROR:creative_new_tab_page_ads_util.cc(138)] Successfully saved creative set conversions
--------------------------------------------------------------------------------
[Aug 01, 2026 4:02:08.8 PM GMT:ERROR:creative_new_tab_page_ads_util.cc(153)] Successfully saved creative new tab page ads
[Aug 01, 2026 4:02:08.8 PM GMT:ERROR:creative_new_tab_page_ads_util.cc(138)] Successfully saved creative set conversions
--------------------------------------------------------------------------------
[Aug 01, 2026 4:10:40.1 PM GMT:ERROR:creative_new_tab_page_ads_util.cc(153)] Successfully saved creative new tab page ads
[Aug 01, 2026 4:10:40.1 PM GMT:ERROR:creative_new_tab_page_ads_util.cc(138)] Successfully saved creative set conversions
--------------------------------------------------------------------------------
[Aug 02, 2026 2:46:42.0 PM GMT:ERROR:creative_new_tab_page_ads_util.cc(153)] Successfully saved creative new tab page ads
[Aug 02, 2026 2:46:42.0 PM GMT:ERROR:creative_new_tab_page_ads_util.cc(138)] Successfully saved creative set conversions
[Aug 02, 2026 2:46:50.8 PM GMT:ERROR:creative_new_tab_page_ads_util.cc(153)] Successfully saved creative new tab page ads
[Aug 02, 2026 2:46:50.8 PM GMT:ERROR:creative_new_tab_page_ads_util.cc(138)] Successfully saved creative set conversions
--------------------------------------------------------------------------------
[Aug 02, 2026 2:47:42.3 PM GMT:ERROR:creative_new_tab_page_ads_util.cc(153)] Successfully saved creative new tab page ads
[Aug 02, 2026 2:47:42.3 PM GMT:ERROR:creative_new_tab_page_ads_util.cc(138)] Successfully saved creative set conversions
--------------------------------------------------------------------------------
[Aug 08, 2026 2:16:08.6 PM GMT:ERROR:creative_new_tab_page_ads_util.cc(153)] Successfully saved creative new tab page ads
[Aug 08, 2026 2:16:08.6 PM GMT:ERROR:creative_new_tab_page_ads_util.cc(138)] Successfully saved creative set conversions
[Aug 08, 2026 2:16:17.5 PM GMT:ERROR:creative_new_tab_page_ads_util.cc(153)] Successfully saved creative new tab page ads
[Aug 08, 2026 2:16:17.5 PM GMT:ERROR:creative_new_tab_page_ads_util.cc(138)] Successfully saved creative set conversions
--------------------------------------------------------------------------------
[Aug 08, 2026 2:26:44.9 PM GMT:ERROR:creative_new_tab_page_ads_util.cc(153)] Successfully saved creative new tab page ads
[Aug 08, 2026 2:26:44.9 PM GMT:ERROR:creative_new_tab_page_ads_util.cc(138)] Successfully saved creative set conversions
--------------------------------------------------------------------------------
[Aug 08, 2026 2:30:29.3 PM GMT:ERROR:creative_new_tab_page_ads_util.cc(153)] Successfully saved creative new tab page ads
[Aug 08, 2026 2:30:29.3 PM GMT:ERROR:creative_new_tab_page_ads_util.cc(138)] Successfully saved creative set conversions
--------------------------------------------------------------------------------
[Aug 08, 2026 5:00:25.8 PM GMT:ERROR:creative_new_tab_page_ads_util.cc(153)] Successfully saved creative new tab page ads
[Aug 08, 2026 5:00:25.8 PM GMT:ERROR:creative_new_tab_page_ads_util.cc(138)] Successfully saved creative set conversions
--------------------------------------------------------------------------------
[Aug 08, 2026 5:49:27.2 PM GMT:ERROR:creative_new_tab_page_ads_util.cc(153)] Successfully saved creative new tab page ads
[Aug 08, 2026 5:49:27.2 PM GMT:ERROR:creative_new_tab_page_ads_util.cc(138)] Successfully saved creative set conversions
--------------------------------------------------------------------------------
[Aug 08, 2026 5:51:28.7 PM GMT:ERROR:creative_new_tab_page_ads_util.cc(153)] Successfully saved creative new tab page ads
[Aug 08, 2026 5:51:28.7 PM GMT:ERROR:creative_new_tab_page_ads_util.cc(138)] Successfully saved creative set conversions
--------------------------------------------------------------------------------
[Aug 09, 2026 6:57:27.9 AM GMT:ERROR:creative_new_tab_page_ads_util.cc(153)] Successfully saved creative new tab page ads
[Aug 09, 2026 6:57:27.9 AM GMT:ERROR:creative_new_tab_page_ads_util.cc(138)] Successfully saved creative set conversions
[Aug 09, 2026 6:57:40.1 AM GMT:ERROR:creative_new_tab_page_ads_util.cc(153)] Successfully saved creative new tab page ads
[Aug 09, 2026 6:57:40.1 AM GMT:ERROR:creative_new_tab_page_ads_util.cc(138)] Successfully saved creative set conversions
--------------------------------------------------------------------------------
[Aug 12, 2026 6:05:03.6 AM GMT:ERROR:creative_new_tab_page_ads_util.cc(153)] Successfully saved creative new tab page ads
[Aug 12, 2026 6:05:03.6 AM GMT:ERROR:creative_new_tab_page_ads_util.cc(138)] Successfully saved creative set conversions
[Aug 12, 2026 6:05:17.1 AM GMT:ERROR:creative_new_tab_page_ads_util.cc(153)] Successfully saved creative new tab page ads
[Aug 12, 2026 6:05:17.1 AM GMT:ERROR:creative_new_tab_page_ads_util.cc(138)] Successfully saved creative set conversions
--------------------------------------------------------------------------------
[Aug 12, 2026 7:49:39.8 AM GMT:ERROR:creative_new_tab_page_ads_util.cc(153)] Successfully saved creative new tab page ads
[Aug 12, 2026 7:49:39.8 AM GMT:ERROR:creative_new_tab_page_ads_util.cc(138)] Successfully saved creative set conversions
--------------------------------------------------------------------------------
[Aug 12, 2026 9:16:30.8 AM GMT:ERROR:creative_new_tab_page_ads_util.cc(153)] Successfully saved creative new tab page ads
[Aug 12, 2026 9:16:30.8 AM GMT:ERROR:creative_new_tab_page_ads_util.cc(138)] Successfully saved creative set conversions
--------------------------------------------------------------------------------
[Aug 12, 2026 10:32:08.9 AM GMT:ERROR:creative_new_tab_page_ads_util.cc(153)] Successfully saved creative new tab page ads
[Aug 12, 2026 10:32:08.9 AM GMT:ERROR:creative_new_tab_page_ads_util.cc(138)] Successfully saved creative set conversions
--------------------------------------------------------------------------------
[Aug 12, 2026 12:26:30.8 PM GMT:ERROR:creative_new_tab_page_ads_util.cc(153)] Successfully saved creative new tab page ads
[Aug 12, 2026 12:26:30.8 PM GMT:ERROR:creative_new_tab_page_ads_util.cc(138)] Successfully saved creative set conversions
--------------------------------------------------------------------------------
[Aug 12, 2026 3:05:43.8 PM GMT:ERROR:creative_new_tab_page_ads_util.cc(153)] Successfully saved creative new tab page ads
[Aug 12, 2026 3:05:43.8 PM GMT:ERROR:creative_new_tab_page_ads_util.cc(138)] Successfully saved creative set conversions
--------------------------------------------------------------------------------
[Aug 12, 2026 3:52:12.0 PM GMT:ERROR:creative_new_tab_page_ads_util.cc(153)] Successfully saved creative new tab page ads
[Aug 12, 2026 3:52:12.0 PM GMT:ERROR:creative_new_tab_page_ads_util.cc(138)] Successfully saved creative set conversions
--------------------------------------------------------------------------------
[Aug 13, 2026 1:21:24.9 AM GMT:ERROR:creative_new_tab_page_ads_util.cc(153)] Successfully saved creative new tab page ads
[Aug 13, 2026 1:21:24.9 AM GMT:ERROR:creative_new_tab_page_ads_util.cc(138)] Successfully saved creative set conversions
--------------------------------------------------------------------------------
[Aug 13, 2026 2:43:19.0 AM GMT:ERROR:creative_new_tab_page_ads_util.cc(153)] Successfully saved creative new tab page ads
[Aug 13, 2026 2:43:19.0 AM GMT:ERROR:creative_new_tab_page_ads_util.cc(138)] Successfully saved creative set conversions
--------------------------------------------------------------------------------
[Aug 13, 2026 2:43:58.6 AM GMT:ERROR:creative_new_tab_page_ads_util.cc(153)] Successfully saved creative new tab page ads
[Aug 13, 2026 2:43:58.6 AM GMT:ERROR:creative_new_tab_page_ads_util.cc(138)] Successfully saved creative set conversions
--------------------------------------------------------------------------------
[Aug 13, 2026 4:40:16.2 AM GMT:ERROR:creative_new_tab_page_ads_util.cc(153)] Successfully saved creative new tab page ads
[Aug 13, 2026 4:40:16.2 AM GMT:ERROR:creative_new_tab_page_ads_util.cc(138)] Successfully saved creative set conversions
[Aug 13, 2026 4:40:24.4 AM GMT:ERROR:creative_new_tab_page_ads_util.cc(153)] Successfully saved creative new tab page ads
[Aug 13, 2026 4:40:24.4 AM GMT:ERROR:creative_new_tab_page_ads_util.cc(138)] Successfully saved creative set conversions
--------------------------------------------------------------------------------
[Aug 13, 2026 11:37:35.5 AM GMT:ERROR:creative_new_tab_page_ads_util.cc(153)] Successfully saved creative new tab page ads
[Aug 13, 2026 11:37:35.5 AM GMT:ERROR:creative_new_tab_page_ads_util.cc(138)] Successfully saved creative set conversions
--------------------------------------------------------------------------------
[Aug 13, 2026 1:14:49.7 PM GMT:ERROR:creative_new_tab_page_ads_util.cc(153)] Successfully saved creative new tab page ads
[Aug 13, 2026 1:14:49.7 PM GMT:ERROR:creative_new_tab_page_ads_util.cc(138)] Successfully saved creative set conversions
--------------------------------------------------------------------------------
[Aug 14, 2026 5:26:42.5 AM GMT:ERROR:creative_new_tab_page_ads_util.cc(153)] Successfully saved creative new tab page ads
[Aug 14, 2026 5:26:42.5 AM GMT:ERROR:creative_new_tab_page_ads_util.cc(138)] Successfully saved creative set conversions
[Aug 14, 2026 5:26:49.7 AM GMT:ERROR:creative_new_tab_page_ads_util.cc(153)] Successfully saved creative new tab page ads
[Aug 14, 2026 5:26:49.7 AM GMT:ERROR:creative_new_tab_page_ads_util.cc(138)] Successfully saved creative set conversions
--------------------------------------------------------------------------------
[Aug 14, 2026 6:33:51.2 AM GMT:ERROR:creative_new_tab_page_ads_util.cc(153)] Successfully saved creative new tab page ads
[Aug 14, 2026 6:33:51.2 AM GMT:ERROR:creative_new_tab_page_ads_util.cc(138)] Successfully saved creative set conversions
--------------------------------------------------------------------------------
[Aug 14, 2026 6:37:38.8 AM GMT:ERROR:creative_new_tab_page_ads_util.cc(153)] Successfully saved creative new tab page ads
[Aug 14, 2026 6:37:38.8 AM GMT:ERROR:creative_new_tab_page_ads_util.cc(138)] Successfully saved creative set conversions
--------------------------------------------------------------------------------
[Aug 14, 2026 6:49:46.9 AM GMT:ERROR:creative_new_tab_page_ads_util.cc(153)] Successfully saved creative new tab page ads
[Aug 14, 2026 6:49:46.9 AM GMT:ERROR:creative_new_tab_page_ads_util.cc(138)] Successfully saved creative set conversions
--------------------------------------------------------------------------------
[Aug 14, 2026 8:09:15.4 AM GMT:ERROR:creative_new_tab_page_ads_util.cc(153)] Successfully saved creative new tab page ads
[Aug 14, 2026 8:09:15.4 AM GMT:ERROR:creative_new_tab_page_ads_util.cc(138)] Successfully saved creative set conversions
--------------------------------------------------------------------------------
[Aug 14, 2026 1:24:20.5 PM GMT:ERROR:creative_new_tab_page_ads_util.cc(153)] Successfully saved creative new tab page ads
[Aug 14, 2026 1:24:20.5 PM GMT:ERROR:creative_new_tab_page_ads_util.cc(138)] Successfully saved creative set conversions
--------------------------------------------------------------------------------
[Aug 14, 2026 1:29:12.5 PM GMT:ERROR:creative_new_tab_page_ads_util.cc(153)] Successfully saved creative new tab page ads
[Aug 14, 2026 1:29:12.5 PM GMT:ERROR:creative_new_tab_page_ads_util.cc(138)] Successfully saved creative set conversions
--------------------------------------------------------------------------------
[Aug 14, 2026 1:48:58.4 PM GMT:ERROR:creative_new_tab_page_ads_util.cc(153)] Successfully saved creative new tab page ads
[Aug 14, 2026 1:48:58.4 PM GMT:ERROR:creative_new_tab_page_ads_util.cc(138)] Successfully saved creative set conversions
[Aug 14, 2026 2:18:59.7 PM GMT:ERROR:creative_new_tab_page_ads_util.cc(153)] Successfully saved creative new tab page ads
[Aug 14, 2026 2:18:59.7 PM GMT:ERROR:creative_new_tab_page_ads_util.cc(138)] Successfully saved creative set conversions
--------------------------------------------------------------------------------
[Aug 15, 2026 6:04:08.3 AM GMT:ERROR:creative_new_tab_page_ads_util.cc(153)] Successfully saved creative new tab page ads
[Aug 15, 2026 6:04:08.3 AM GMT:ERROR:creative_new_tab_page_ads_util.cc(138)] Successfully saved creative set conversions
[Aug 15, 2026 6:04:22.1 AM GMT:ERROR:creative_new_tab_page_ads_util.cc(153)] Successfully saved creative new tab page ads
[Aug 15, 2026 6:04:22.1 AM GMT:ERROR:creative_new_tab_page_ads_util.cc(138)] Successfully saved creative set conversions
--------------------------------------------------------------------------------
[Aug 15, 2026 6:11:03.6 AM GMT:ERROR:creative_new_tab_page_ads_util.cc(153)] Successfully saved creative new tab page ads
[Aug 15, 2026 6:11:03.6 AM GMT:ERROR:creative_new_tab_page_ads_util.cc(138)] Successfully saved creative set conversions
--------------------------------------------------------------------------------
[Aug 15, 2026 6:13:43.0 AM GMT:ERROR:creative_new_tab_page_ads_util.cc(153)] Successfully saved creative new tab page ads
[Aug 15, 2026 6:13:43.0 AM GMT:ERROR:creative_new_tab_page_ads_util.cc(138)] Successfully saved creative set conversions
--------------------------------------------------------------------------------
[Aug 15, 2026 9:31:08.0 AM GMT:ERROR:creative_new_tab_page_ads_util.cc(153)] Successfully saved creative new tab page ads
[Aug 15, 2026 9:31:08.0 AM GMT:ERROR:creative_new_tab_page_ads_util.cc(138)] Successfully saved creative set conversions
--------------------------------------------------------------------------------
[Aug 15, 2026 10:36:55.7 AM GMT:ERROR:creative_new_tab_page_ads_util.cc(153)] Successfully saved creative new tab page ads
[Aug 15, 2026 10:36:55.7 AM GMT:ERROR:creative_new_tab_page_ads_util.cc(138)] Successfully saved creative set conversions
--------------------------------------------------------------------------------
[Aug 15, 2026 1:00:13.6 PM GMT:ERROR:creative_new_tab_page_ads_util.cc(153)] Successfully saved creative new tab page ads
[Aug 15, 2026 1:00:13.6 PM GMT:ERROR:creative_new_tab_page_ads_util.cc(138)] Successfully saved creative set conversions
--------------------------------------------------------------------------------
[Aug 15, 2026 4:42:39.4 PM GMT:ERROR:creative_new_tab_page_ads_util.cc(153)] Successfully saved creative new tab page ads
[Aug 15, 2026 4:42:39.4 PM GMT:ERROR:creative_new_tab_page_ads_util.cc(138)] Successfully saved creative set conversions
--------------------------------------------------------------------------------
[Aug 15, 2026 6:14:12.5 PM GMT:ERROR:creative_new_tab_page_ads_util.cc(153)] Successfully saved creative new tab page ads
[Aug 15, 2026 6:14:12.5 PM GMT:ERROR:creative_new_tab_page_ads_util.cc(138)] Successfully saved creative set conversions
