2026-08-16 01:10:20.478 [info] Reading sessions from keychain...
2026-08-16 01:10:20.478 [info] Getting sessions for all scopes...
2026-08-16 01:10:20.482 [info] Got 0 sessions for ...
2026-08-16 01:10:20.482 [info] Getting sessions for all scopes...
2026-08-16 01:10:20.482 [info] Got 0 sessions for ...
2026-08-16 01:10:20.503 [info] Getting sessions for all scopes...
2026-08-16 01:10:20.503 [info] Got 0 sessions for ...
2026-08-16 01:10:20.625 [info] Getting sessions for all scopes...
2026-08-16 01:10:20.625 [info] Got 0 sessions for ...
2026-08-16 01:10:20.980 [info] Getting sessions for read:user,user:email...
2026-08-16 01:10:20.980 [info] Got 0 sessions for read:user,user:email...
2026-08-16 01:10:20.981 [info] Getting sessions for all scopes...
2026-08-16 01:10:20.981 [info] Got 0 sessions for ...
2026-08-16 01:10:20.982 [info] Getting sessions for read:user,user:email...
2026-08-16 01:10:20.982 [info] Got 0 sessions for read:user,user:email...
2026-08-16 01:10:20.982 [info] Getting sessions for repo...
2026-08-16 01:10:20.982 [info] Got 0 sessions for repo...
2026-08-16 01:10:20.982 [info] Getting sessions for read:user,user:email...
2026-08-16 01:10:20.982 [info] Got 0 sessions for read:user,user:email...
2026-08-16 01:10:20.982 [info] Getting sessions for read:user,user:email...
2026-08-16 01:10:20.982 [info] Got 0 sessions for read:user,user:email...
2026-08-16 01:10:20.983 [info] Getting sessions for read:user,user:email...
2026-08-16 01:10:20.983 [info] Got 0 sessions for read:user,user:email...
2026-08-16 01:10:20.983 [info] Getting sessions for all scopes...
2026-08-16 01:10:20.983 [info] Got 0 sessions for ...
2026-08-16 01:10:20.983 [info] Getting sessions for all scopes...
2026-08-16 01:10:20.983 [info] Got 0 sessions for ...
2026-08-16 01:10:20.983 [info] Getting sessions for read:user,user:email...
2026-08-16 01:10:20.983 [info] Got 0 sessions for read:user,user:email...
2026-08-16 01:10:20.985 [info] Getting sessions for read:user,user:email...
2026-08-16 01:10:20.985 [info] Got 0 sessions for read:user,user:email...
2026-08-16 01:10:20.985 [info] Getting sessions for read:user,user:email...
2026-08-16 01:10:20.985 [info] Got 0 sessions for read:user,user:email...
2026-08-16 01:10:20.985 [info] Getting sessions for all scopes...
2026-08-16 01:10:20.985 [info] Got 0 sessions for ...
2026-08-16 01:10:20.985 [info] Getting sessions for all scopes...
2026-08-16 01:10:20.985 [info] Got 0 sessions for ...
2026-08-16 01:10:20.985 [info] Getting sessions for all scopes...
2026-08-16 01:10:20.985 [info] Got 0 sessions for ...
2026-08-16 01:10:20.986 [info] Getting sessions for read:user,user:email...
2026-08-16 01:10:20.986 [info] Got 0 sessions for read:user,user:email...
2026-08-16 01:10:20.986 [info] Getting sessions for read:user,user:email...
2026-08-16 01:10:20.986 [info] Got 0 sessions for read:user,user:email...
2026-08-16 01:10:20.986 [info] Getting sessions for repo...
2026-08-16 01:10:20.986 [info] Got 0 sessions for repo...
2026-08-16 01:10:20.986 [info] Getting sessions for read:user,user:email...
2026-08-16 01:10:20.986 [info] Got 0 sessions for read:user,user:email...
2026-08-16 01:10:20.987 [info] Getting sessions for all scopes...
2026-08-16 01:10:20.987 [info] Got 0 sessions for ...
2026-08-16 01:10:20.987 [info] Getting sessions for all scopes...
2026-08-16 01:10:20.987 [info] Got 0 sessions for ...
2026-08-16 01:10:20.987 [info] Getting sessions for all scopes...
2026-08-16 01:10:20.987 [info] Got 0 sessions for ...
2026-08-16 01:10:20.987 [info] Getting sessions for repo...
2026-08-16 01:10:20.987 [info] Got 0 sessions for repo...
2026-08-16 01:10:20.987 [info] Getting sessions for repo...
2026-08-16 01:10:20.987 [info] Got 0 sessions for repo...
2026-08-16 01:10:20.987 [info] Getting sessions for repo...
2026-08-16 01:10:20.987 [info] Got 0 sessions for repo...
2026-08-16 01:10:20.987 [info] Getting sessions for all scopes...
2026-08-16 01:10:20.987 [info] Got 0 sessions for ...
2026-08-16 01:10:20.987 [info] Getting sessions for all scopes...
2026-08-16 01:10:20.987 [info] Got 0 sessions for ...
2026-08-16 01:10:20.987 [info] Getting sessions for all scopes...
2026-08-16 01:10:20.987 [info] Got 0 sessions for ...
2026-08-16 01:10:20.987 [info] Getting sessions for all scopes...
2026-08-16 01:10:20.987 [info] Got 0 sessions for ...
2026-08-16 01:10:20.987 [info] Getting sessions for repo...
2026-08-16 01:10:20.987 [info] Got 0 sessions for repo...
2026-08-16 01:10:20.987 [info] Getting sessions for repo...
2026-08-16 01:10:20.987 [info] Got 0 sessions for repo...
2026-08-16 01:10:20.987 [info] Getting sessions for repo...
2026-08-16 01:10:20.987 [info] Got 0 sessions for repo...
2026-08-16 01:10:20.987 [info] Getting sessions for all scopes...
2026-08-16 01:10:20.987 [info] Got 0 sessions for ...
2026-08-16 01:10:20.987 [info] Getting sessions for all scopes...
2026-08-16 01:10:20.987 [info] Got 0 sessions for ...
2026-08-16 01:10:20.987 [info] Getting sessions for all scopes...
2026-08-16 01:10:20.987 [info] Got 0 sessions for ...
2026-08-16 01:10:20.987 [info] Getting sessions for repo...
2026-08-16 01:10:20.987 [info] Got 0 sessions for repo...
2026-08-16 01:10:20.988 [info] Getting sessions for repo...
2026-08-16 01:10:20.988 [info] Got 0 sessions for repo...
2026-08-16 01:10:20.988 [info] Getting sessions for read:user,user:email...
2026-08-16 01:10:20.988 [info] Got 0 sessions for read:user,user:email...
2026-08-16 01:10:20.988 [info] Getting sessions for repo...
2026-08-16 01:10:20.988 [info] Got 0 sessions for repo...
2026-08-16 01:10:20.988 [info] Getting sessions for all scopes...
2026-08-16 01:10:20.988 [info] Got 0 sessions for ...
2026-08-16 01:10:20.988 [info] Getting sessions for all scopes...
2026-08-16 01:10:20.988 [info] Got 0 sessions for ...
2026-08-16 01:10:20.988 [info] Getting sessions for all scopes...
2026-08-16 01:10:20.988 [info] Got 0 sessions for ...
2026-08-16 01:10:20.988 [info] Getting sessions for read:user,user:email...
2026-08-16 01:10:20.988 [info] Got 0 sessions for read:user,user:email...
2026-08-16 01:10:20.988 [info] Getting sessions for read:user,user:email...
2026-08-16 01:10:20.988 [info] Got 0 sessions for read:user,user:email...
2026-08-16 01:10:20.988 [info] Getting sessions for read:user,user:email...
2026-08-16 01:10:20.988 [info] Got 0 sessions for read:user,user:email...
2026-08-16 01:10:20.988 [info] Getting sessions for all scopes...
2026-08-16 01:10:20.988 [info] Got 0 sessions for ...
2026-08-16 01:10:20.988 [info] Getting sessions for all scopes...
2026-08-16 01:10:20.988 [info] Got 0 sessions for ...
2026-08-16 01:10:20.988 [info] Getting sessions for all scopes...
2026-08-16 01:10:20.988 [info] Got 0 sessions for ...
2026-08-16 01:10:20.988 [info] Getting sessions for all scopes...
2026-08-16 01:10:20.988 [info] Got 0 sessions for ...
2026-08-16 01:10:20.988 [info] Getting sessions for read:user,user:email...
2026-08-16 01:10:20.988 [info] Got 0 sessions for read:user,user:email...
2026-08-16 01:10:20.988 [info] Getting sessions for read:user,user:email...
2026-08-16 01:10:20.988 [info] Got 0 sessions for read:user,user:email...
2026-08-16 01:10:20.989 [info] Getting sessions for read:user,user:email...
2026-08-16 01:10:20.989 [info] Got 0 sessions for read:user,user:email...
2026-08-16 01:10:20.989 [info] Getting sessions for all scopes...
2026-08-16 01:10:20.989 [info] Got 0 sessions for ...
2026-08-16 01:10:20.989 [info] Getting sessions for all scopes...
2026-08-16 01:10:20.989 [info] Got 0 sessions for ...
2026-08-16 01:10:20.989 [info] Getting sessions for all scopes...
2026-08-16 01:10:20.989 [info] Got 0 sessions for ...
2026-08-16 01:10:20.989 [info] Getting sessions for read:user,user:email...
2026-08-16 01:10:20.989 [info] Got 0 sessions for read:user,user:email...
2026-08-16 01:10:20.989 [info] Getting sessions for read:user,user:email...
2026-08-16 01:10:20.989 [info] Got 0 sessions for read:user,user:email...
2026-08-16 01:10:20.989 [info] Getting sessions for repo...
2026-08-16 01:10:20.989 [info] Got 0 sessions for repo...
2026-08-16 01:10:20.989 [info] Getting sessions for all scopes...
2026-08-16 01:10:20.989 [info] Got 0 sessions for ...
2026-08-16 01:10:20.989 [info] Getting sessions for all scopes...
2026-08-16 01:10:20.989 [info] Got 0 sessions for ...
2026-08-16 01:10:20.989 [info] Getting sessions for all scopes...
2026-08-16 01:10:20.989 [info] Got 0 sessions for ...
2026-08-16 01:10:20.989 [info] Getting sessions for repo...
2026-08-16 01:10:20.989 [info] Got 0 sessions for repo...
2026-08-16 01:10:20.989 [info] Getting sessions for repo...
2026-08-16 01:10:20.989 [info] Got 0 sessions for repo...
2026-08-16 01:10:20.989 [info] Getting sessions for repo...
2026-08-16 01:10:20.989 [info] Got 0 sessions for repo...
2026-08-16 01:10:20.989 [info] Getting sessions for all scopes...
2026-08-16 01:10:20.989 [info] Got 0 sessions for ...
2026-08-16 01:10:20.989 [info] Getting sessions for all scopes...
2026-08-16 01:10:20.989 [info] Got 0 sessions for ...
2026-08-16 01:10:20.989 [info] Getting sessions for all scopes...
2026-08-16 01:10:20.989 [info] Got 0 sessions for ...
2026-08-16 01:10:20.989 [info] Getting sessions for repo...
2026-08-16 01:10:20.989 [info] Got 0 sessions for repo...
2026-08-16 01:10:20.990 [info] Getting sessions for repo...
2026-08-16 01:10:20.990 [info] Got 0 sessions for repo...
2026-08-16 01:10:20.990 [info] Getting sessions for repo...
2026-08-16 01:10:20.990 [info] Got 0 sessions for repo...
2026-08-16 01:10:20.990 [info] Getting sessions for all scopes...
2026-08-16 01:10:20.990 [info] Got 0 sessions for ...
2026-08-16 01:10:20.990 [info] Getting sessions for all scopes...
2026-08-16 01:10:20.990 [info] Got 0 sessions for ...
2026-08-16 01:10:20.990 [info] Getting sessions for all scopes...
2026-08-16 01:10:20.990 [info] Got 0 sessions for ...
2026-08-16 01:10:20.990 [info] Getting sessions for repo...
2026-08-16 01:10:20.990 [info] Got 0 sessions for repo...
2026-08-16 01:10:20.990 [info] Getting sessions for repo...
2026-08-16 01:10:20.990 [info] Got 0 sessions for repo...
2026-08-16 01:10:20.990 [info] Getting sessions for all scopes...
2026-08-16 01:10:20.990 [info] Got 0 sessions for ...
2026-08-16 01:10:20.990 [info] Getting sessions for all scopes...
2026-08-16 01:10:20.990 [info] Got 0 sessions for ...
2026-08-16 01:10:20.990 [info] Getting sessions for all scopes...
2026-08-16 01:10:20.990 [info] Got 0 sessions for ...
2026-08-16 01:10:20.990 [info] Getting sessions for all scopes...
2026-08-16 01:10:20.990 [info] Got 0 sessions for ...
2026-08-16 01:10:20.991 [info] Getting sessions for all scopes...
2026-08-16 01:10:20.991 [info] Got 0 sessions for ...
2026-08-16 01:10:22.470 [info] Getting sessions for all scopes...
2026-08-16 01:10:22.470 [info] Got 0 sessions for ...
