2026-08-15 13:19:17.506 [info] Started local extension host with pid 19615.
2026-08-15 13:19:17.782 [error] [vscode.mermaid-markdown-features]: Extension 'vscode.mermaid-markdown-features' CANNOT use 'legacyToolReferenceFullNames' without the 'chatParticipantPrivate' API proposal enabled
2026-08-15 13:19:18.129 [info] [AgentHost:renderer] Acquiring MessagePort to agent host...
2026-08-15 13:19:18.173 [info] [AgentHost:renderer] MessagePort acquired, creating client...
2026-08-15 13:19:18.179 [error] [Extension Host] (node:19615) [DEP0169] DeprecationWarning: `url.parse()` behavior is not standardized and prone to errors that have security implications. Use the WHATWG URL API instead. CVEs are not issued for `url.parse()` vulnerabilities.
(Use `exe --trace-deprecation ...` to show where the warning was created)
2026-08-15 13:19:18.212 [info] [AccountPolicyGate] apply: state=inactive, reason=undefined, isRestricted=false
2026-08-15 13:19:18.421 [info] Settings Sync: Account status changed from uninitialized to unavailable
2026-08-15 13:19:18.581 [info] [AgentHost:renderer] Protocol connection established; clientId=652175e0-4ac2-4a9a-adc3-50daaf54d5a5
2026-08-15 13:19:18.605 [info] [AgentHost] No token resolved for resource: https://api.github.com
2026-08-15 13:19:18.608 [info] [AgentHost] No token resolved for resource: https://api.github.com
2026-08-15 13:19:18.609 [info] [AgentHost] No token resolved for resource: https://api.github.com
2026-08-15 13:19:18.609 [info] [AgentHost] No token resolved for resource: https://api.github.com
2026-08-15 13:19:18.609 [info] [AgentHost] No token resolved for resource: https://api.github.com
2026-08-15 13:19:18.609 [info] [AgentHost] No token resolved for resource: https://api.github.com
2026-08-15 13:19:18.609 [info] [AgentHost] No token resolved for resource: https://api.github.com
2026-08-15 13:19:18.609 [info] [AgentHost] No token resolved for resource: https://api.github.com
2026-08-15 13:19:18.609 [info] [AgentHost] No token resolved for resource: https://api.github.com
2026-08-15 13:19:18.610 [info] [AgentHost] No token resolved for resource: https://api.github.com
2026-08-15 13:19:18.614 [info] [AgentHost] No token resolved for resource: https://api.github.com/repos
2026-08-15 13:19:18.615 [info] [AgentHost] No token resolved for resource: https://api.github.com/repos
2026-08-15 13:19:18.615 [info] [AgentHost] No token resolved for resource: https://api.github.com/repos
2026-08-15 13:19:18.615 [info] [AgentHost] No token resolved for resource: https://api.github.com/repos
2026-08-15 13:19:18.616 [info] [AgentHost] No token resolved for resource: https://api.github.com/repos
2026-08-15 13:19:18.616 [info] [AgentHost] No token resolved for resource: https://api.github.com/repos
2026-08-15 13:19:18.616 [info] [AgentHost] No token resolved for resource: https://api.github.com/repos
2026-08-15 13:19:18.616 [info] [AgentHost] No token resolved for resource: https://api.github.com/repos
2026-08-15 13:19:18.616 [info] [AgentHost] No token resolved for resource: https://api.github.com/repos
2026-08-15 13:19:18.616 [info] [AgentHost] No token resolved for resource: https://api.github.com/repos
2026-08-15 13:19:18.616 [info] [AgentHost] No token resolved for resource: https://api.github.com
2026-08-15 13:19:18.622 [info] [AgentHost] No token resolved for resource: https://api.github.com
2026-08-15 13:19:18.622 [info] [AgentHost] No token resolved for resource: https://api.github.com
2026-08-15 13:19:18.622 [info] [AgentHost] No token resolved for resource: https://api.github.com
2026-08-15 13:19:18.622 [info] [AgentHost] No token resolved for resource: https://api.github.com
2026-08-15 13:19:18.622 [info] [AgentHost] No token resolved for resource: https://api.github.com
2026-08-15 13:19:18.622 [info] [AgentHost] No token resolved for resource: https://api.github.com
2026-08-15 13:19:18.625 [info] [AgentHost] No token resolved for resource: https://api.github.com
2026-08-15 13:19:18.625 [info] [AgentHost] No token resolved for resource: https://api.github.com
2026-08-15 13:19:18.625 [info] [AgentHost] No token resolved for resource: https://api.github.com
2026-08-15 13:19:18.625 [info] [AgentHost] No token resolved for resource: https://api.github.com/repos
2026-08-15 13:19:18.629 [info] [AgentHost] No token resolved for resource: https://api.github.com/repos
2026-08-15 13:19:18.629 [info] [AgentHost] No token resolved for resource: https://api.github.com/repos
2026-08-15 13:19:18.629 [info] [AgentHost] No token resolved for resource: https://api.github.com/repos
2026-08-15 13:19:18.629 [info] [AgentHost] No token resolved for resource: https://api.github.com/repos
2026-08-15 13:19:18.629 [info] [AgentHost] No token resolved for resource: https://api.github.com/repos
2026-08-15 13:19:18.630 [info] [AgentHost] No token resolved for resource: https://api.github.com/repos
2026-08-15 13:19:18.630 [info] [AgentHost] No token resolved for resource: https://api.github.com/repos
2026-08-15 13:19:18.630 [info] [AgentHost] No token resolved for resource: https://api.github.com/repos
2026-08-15 13:19:18.630 [info] [AgentHost] No token resolved for resource: https://api.github.com/repos
2026-08-15 13:19:20.243 [info] [perf] Render performance baseline is 11ms
2026-08-15 13:19:23.212 [info] [AccountPolicyGate] apply: state=inactive, reason=undefined, isRestricted=false
2026-08-15 13:25:21.923 [error] lock() request could not be registered.: InvalidStateError: lock() request could not be registered.
2026-08-15 13:25:23.985 [error] lock() request could not be registered.: InvalidStateError: lock() request could not be registered.
2026-08-15 13:25:26.375 [error] lock() request could not be registered.: InvalidStateError: lock() request could not be registered.
