2026-08-14 15:14:57.975 [info] Started local extension host with pid 5708.
2026-08-14 15:14:58.102 [error] [vscode.mermaid-markdown-features]: Extension 'vscode.mermaid-markdown-features' CANNOT use 'legacyToolReferenceFullNames' without the 'chatParticipantPrivate' API proposal enabled
2026-08-14 15:14:58.471 [info] [AgentHost:renderer] Acquiring MessagePort to agent host...
2026-08-14 15:14:58.475 [info] [AgentHost:renderer] MessagePort acquired, creating client...
2026-08-14 15:14:58.499 [info] [AccountPolicyGate] apply: state=inactive, reason=undefined, isRestricted=false
2026-08-14 15:14:58.699 [info] Settings Sync: Account status changed from uninitialized to unavailable
2026-08-14 15:14:58.837 [info] [AgentHost:renderer] Protocol connection established; clientId=719fec5e-8435-4b42-9495-0d0ce9d10b56
2026-08-14 15:14:58.839 [info] [AgentHost] No token resolved for resource: https://api.github.com
2026-08-14 15:14:58.842 [info] [AgentHost] No token resolved for resource: https://api.github.com
2026-08-14 15:14:58.842 [info] [AgentHost] No token resolved for resource: https://api.github.com
2026-08-14 15:14:58.842 [info] [AgentHost] No token resolved for resource: https://api.github.com/repos
2026-08-14 15:14:58.842 [info] [AgentHost] No token resolved for resource: https://api.github.com
2026-08-14 15:14:58.842 [info] [AgentHost] No token resolved for resource: https://api.github.com
2026-08-14 15:14:58.842 [info] [AgentHost] No token resolved for resource: https://api.github.com
2026-08-14 15:14:58.842 [info] [AgentHost] No token resolved for resource: https://api.github.com
2026-08-14 15:14:58.843 [info] [AgentHost] No token resolved for resource: https://api.github.com
2026-08-14 15:14:58.843 [info] [AgentHost] No token resolved for resource: https://api.github.com
2026-08-14 15:14:58.843 [info] [AgentHost] No token resolved for resource: https://api.github.com
2026-08-14 15:14:58.843 [info] [AgentHost] No token resolved for resource: https://api.github.com/repos
2026-08-14 15:14:58.843 [info] [AgentHost] No token resolved for resource: https://api.github.com/repos
2026-08-14 15:14:58.844 [info] [AgentHost] No token resolved for resource: https://api.github.com
2026-08-14 15:14:58.844 [info] [AgentHost] No token resolved for resource: https://api.github.com/repos
2026-08-14 15:14:58.844 [info] [AgentHost] No token resolved for resource: https://api.github.com/repos
2026-08-14 15:14:58.844 [info] [AgentHost] No token resolved for resource: https://api.github.com/repos
2026-08-14 15:14:58.844 [info] [AgentHost] No token resolved for resource: https://api.github.com/repos
2026-08-14 15:14:58.844 [info] [AgentHost] No token resolved for resource: https://api.github.com/repos
2026-08-14 15:14:58.844 [info] [AgentHost] No token resolved for resource: https://api.github.com/repos
2026-08-14 15:14:58.844 [info] [AgentHost] No token resolved for resource: https://api.github.com/repos
2026-08-14 15:14:58.844 [info] [AgentHost] No token resolved for resource: https://api.github.com
2026-08-14 15:14:58.844 [info] [AgentHost] No token resolved for resource: https://api.github.com
2026-08-14 15:14:58.845 [info] [AgentHost] No token resolved for resource: https://api.github.com/repos
2026-08-14 15:14:58.845 [info] [AgentHost] No token resolved for resource: https://api.github.com
2026-08-14 15:14:58.845 [info] [AgentHost] No token resolved for resource: https://api.github.com
2026-08-14 15:14:58.845 [info] [AgentHost] No token resolved for resource: https://api.github.com
2026-08-14 15:14:58.845 [info] [AgentHost] No token resolved for resource: https://api.github.com
2026-08-14 15:14:58.845 [info] [AgentHost] No token resolved for resource: https://api.github.com
2026-08-14 15:14:58.846 [info] [AgentHost] No token resolved for resource: https://api.github.com
2026-08-14 15:14:58.846 [info] [AgentHost] No token resolved for resource: https://api.github.com
2026-08-14 15:14:58.846 [info] [AgentHost] No token resolved for resource: https://api.github.com/repos
2026-08-14 15:14:58.846 [info] [AgentHost] No token resolved for resource: https://api.github.com/repos
2026-08-14 15:14:58.846 [info] [AgentHost] No token resolved for resource: https://api.github.com/repos
2026-08-14 15:14:58.846 [info] [AgentHost] No token resolved for resource: https://api.github.com/repos
2026-08-14 15:14:58.846 [info] [AgentHost] No token resolved for resource: https://api.github.com/repos
2026-08-14 15:14:58.846 [info] [AgentHost] No token resolved for resource: https://api.github.com/repos
2026-08-14 15:14:58.846 [info] [AgentHost] No token resolved for resource: https://api.github.com/repos
2026-08-14 15:14:58.846 [info] [AgentHost] No token resolved for resource: https://api.github.com/repos
2026-08-14 15:14:58.846 [info] [AgentHost] No token resolved for resource: https://api.github.com/repos
2026-08-14 15:15:00.618 [info] [perf] Render performance baseline is 13ms
2026-08-14 15:15:00.708 [error] [Extension Host] (node:5708) [DEP0169] DeprecationWarning: `url.parse()` behavior is not standardized and prone to errors that have security implications. Use the WHATWG URL API instead. CVEs are not issued for `url.parse()` vulnerabilities.
(Use `exe --trace-deprecation ...` to show where the warning was created)
2026-08-14 15:15:03.499 [info] [AccountPolicyGate] apply: state=inactive, reason=undefined, isRestricted=false
2026-08-14 15:23:36.430 [error] [text file model] handleSaveError(2) - exit - resulted in a save error: Error: Unable to write file '/home/HoaHung/.config/hypr/hyprtoolkit.conf' (NoPermissions (FileSystemError): Error: EACCES: permission denied, open '/home/HoaHung/.config/hypr/hyprtoolkit.conf') file:///home/HoaHung/.config/hypr/hyprtoolkit.conf
2026-08-14 15:23:50.528 [error] [text file model] handleSaveError(2) - exit - resulted in a save error: Error: Unable to write file '/home/HoaHung/.config/hypr/hyprtoolkit.conf' (NoPermissions (FileSystemError): Error: EACCES: permission denied, open '/home/HoaHung/.config/hypr/hyprtoolkit.conf') file:///home/HoaHung/.config/hypr/hyprtoolkit.conf
2026-08-14 15:23:51.464 [error] [text file model] handleSaveError(2) - exit - resulted in a save error: Error: Unable to write file '/home/HoaHung/.config/hypr/hyprtoolkit.conf' (NoPermissions (FileSystemError): Error: EACCES: permission denied, open '/home/HoaHung/.config/hypr/hyprtoolkit.conf') file:///home/HoaHung/.config/hypr/hyprtoolkit.conf
2026-08-14 15:23:58.911 [error] [text file model] handleSaveError(2) - exit - resulted in a save error: Error: Unable to write file '/home/HoaHung/.config/hypr/hyprtoolkit.conf' (NoPermissions (FileSystemError): Error: EACCES: permission denied, open '/home/HoaHung/.config/hypr/hyprtoolkit.conf') file:///home/HoaHung/.config/hypr/hyprtoolkit.conf
