2026-08-15 13:12:57.946 [info] Reading sessions from keychain...
2026-08-15 13:12:57.946 [info] Getting sessions for all scopes...
2026-08-15 13:12:57.946 [info] Got 0 sessions for ...
2026-08-15 13:12:57.946 [info] Getting sessions for all scopes...
2026-08-15 13:12:57.946 [info] Got 0 sessions for ...
2026-08-15 13:12:57.946 [info] Getting sessions for all scopes...
2026-08-15 13:12:57.946 [info] Got 0 sessions for ...
2026-08-15 13:12:57.946 [info] Getting sessions for all scopes...
2026-08-15 13:12:57.946 [info] Got 0 sessions for ...
2026-08-15 13:12:57.946 [info] Getting sessions for all scopes...
2026-08-15 13:12:57.946 [info] Got 0 sessions for ...
2026-08-15 13:12:58.189 [info] Getting sessions for read:user,user:email...
2026-08-15 13:12:58.189 [info] Got 0 sessions for read:user,user:email...
2026-08-15 13:12:58.189 [info] Getting sessions for read:user,user:email...
2026-08-15 13:12:58.189 [info] Got 0 sessions for read:user,user:email...
2026-08-15 13:12:58.189 [info] Getting sessions for read:user,user:email...
2026-08-15 13:12:58.189 [info] Got 0 sessions for read:user,user:email...
2026-08-15 13:12:58.189 [info] Getting sessions for read:user,user:email...
2026-08-15 13:12:58.189 [info] Got 0 sessions for read:user,user:email...
2026-08-15 13:12:58.189 [info] Getting sessions for read:user,user:email...
2026-08-15 13:12:58.189 [info] Got 0 sessions for read:user,user:email...
2026-08-15 13:12:58.189 [info] Getting sessions for read:user,user:email...
2026-08-15 13:12:58.189 [info] Got 0 sessions for read:user,user:email...
2026-08-15 13:12:58.189 [info] Getting sessions for read:user,user:email...
2026-08-15 13:12:58.189 [info] Got 0 sessions for read:user,user:email...
2026-08-15 13:12:58.189 [info] Getting sessions for read:user,user:email...
2026-08-15 13:12:58.189 [info] Got 0 sessions for read:user,user:email...
2026-08-15 13:12:58.189 [info] Getting sessions for read:user,user:email...
2026-08-15 13:12:58.189 [info] Got 0 sessions for read:user,user:email...
2026-08-15 13:12:58.189 [info] Getting sessions for read:user,user:email...
2026-08-15 13:12:58.189 [info] Got 0 sessions for read:user,user:email...
2026-08-15 13:12:58.198 [info] Getting sessions for all scopes...
2026-08-15 13:12:58.198 [info] Got 0 sessions for ...
2026-08-15 13:12:58.198 [info] Getting sessions for all scopes...
2026-08-15 13:12:58.198 [info] Got 0 sessions for ...
2026-08-15 13:12:58.198 [info] Getting sessions for all scopes...
2026-08-15 13:12:58.198 [info] Got 0 sessions for ...
2026-08-15 13:12:58.198 [info] Getting sessions for all scopes...
2026-08-15 13:12:58.198 [info] Got 0 sessions for ...
2026-08-15 13:12:58.198 [info] Getting sessions for all scopes...
2026-08-15 13:12:58.198 [info] Got 0 sessions for ...
2026-08-15 13:12:58.198 [info] Getting sessions for all scopes...
2026-08-15 13:12:58.198 [info] Got 0 sessions for ...
2026-08-15 13:12:58.198 [info] Getting sessions for all scopes...
2026-08-15 13:12:58.198 [info] Got 0 sessions for ...
2026-08-15 13:12:58.198 [info] Getting sessions for all scopes...
2026-08-15 13:12:58.198 [info] Got 0 sessions for ...
2026-08-15 13:12:58.198 [info] Getting sessions for all scopes...
2026-08-15 13:12:58.198 [info] Got 0 sessions for ...
2026-08-15 13:12:58.198 [info] Getting sessions for all scopes...
2026-08-15 13:12:58.198 [info] Got 0 sessions for ...
2026-08-15 13:12:58.210 [info] Getting sessions for repo...
2026-08-15 13:12:58.210 [info] Got 0 sessions for repo...
2026-08-15 13:12:58.213 [info] Getting sessions for repo...
2026-08-15 13:12:58.213 [info] Got 0 sessions for repo...
2026-08-15 13:12:58.214 [info] Getting sessions for repo...
2026-08-15 13:12:58.214 [info] Got 0 sessions for repo...
2026-08-15 13:12:58.214 [info] Getting sessions for repo...
2026-08-15 13:12:58.214 [info] Got 0 sessions for repo...
2026-08-15 13:12:58.214 [info] Getting sessions for repo...
2026-08-15 13:12:58.214 [info] Got 0 sessions for repo...
2026-08-15 13:12:58.214 [info] Getting sessions for repo...
2026-08-15 13:12:58.214 [info] Got 0 sessions for repo...
2026-08-15 13:12:58.214 [info] Getting sessions for repo...
2026-08-15 13:12:58.214 [info] Got 0 sessions for repo...
2026-08-15 13:12:58.214 [info] Getting sessions for repo...
2026-08-15 13:12:58.214 [info] Got 0 sessions for repo...
2026-08-15 13:12:58.214 [info] Getting sessions for repo...
2026-08-15 13:12:58.214 [info] Got 0 sessions for repo...
2026-08-15 13:12:58.214 [info] Getting sessions for repo...
2026-08-15 13:12:58.214 [info] Got 0 sessions for repo...
2026-08-15 13:12:58.231 [info] Getting sessions for all scopes...
2026-08-15 13:12:58.231 [info] Got 0 sessions for ...
2026-08-15 13:12:58.233 [info] Getting sessions for all scopes...
2026-08-15 13:12:58.233 [info] Got 0 sessions for ...
2026-08-15 13:12:58.233 [info] Getting sessions for all scopes...
2026-08-15 13:12:58.233 [info] Got 0 sessions for ...
2026-08-15 13:12:58.233 [info] Getting sessions for all scopes...
2026-08-15 13:12:58.233 [info] Got 0 sessions for ...
2026-08-15 13:12:58.233 [info] Getting sessions for all scopes...
2026-08-15 13:12:58.233 [info] Got 0 sessions for ...
2026-08-15 13:12:58.233 [info] Getting sessions for all scopes...
2026-08-15 13:12:58.233 [info] Got 0 sessions for ...
2026-08-15 13:12:58.233 [info] Getting sessions for all scopes...
2026-08-15 13:12:58.233 [info] Got 0 sessions for ...
2026-08-15 13:12:58.233 [info] Getting sessions for all scopes...
2026-08-15 13:12:58.233 [info] Got 0 sessions for ...
2026-08-15 13:12:58.233 [info] Getting sessions for all scopes...
2026-08-15 13:12:58.233 [info] Got 0 sessions for ...
2026-08-15 13:12:58.233 [info] Getting sessions for all scopes...
2026-08-15 13:12:58.233 [info] Got 0 sessions for ...
2026-08-15 13:12:58.244 [info] Getting sessions for read:user,user:email...
2026-08-15 13:12:58.244 [info] Got 0 sessions for read:user,user:email...
2026-08-15 13:12:58.244 [info] Getting sessions for read:user,user:email...
2026-08-15 13:12:58.244 [info] Got 0 sessions for read:user,user:email...
2026-08-15 13:12:58.244 [info] Getting sessions for read:user,user:email...
2026-08-15 13:12:58.244 [info] Got 0 sessions for read:user,user:email...
2026-08-15 13:12:58.244 [info] Getting sessions for read:user,user:email...
2026-08-15 13:12:58.244 [info] Got 0 sessions for read:user,user:email...
2026-08-15 13:12:58.244 [info] Getting sessions for read:user,user:email...
2026-08-15 13:12:58.244 [info] Got 0 sessions for read:user,user:email...
2026-08-15 13:12:58.244 [info] Getting sessions for read:user,user:email...
2026-08-15 13:12:58.244 [info] Got 0 sessions for read:user,user:email...
2026-08-15 13:12:58.244 [info] Getting sessions for read:user,user:email...
2026-08-15 13:12:58.244 [info] Got 0 sessions for read:user,user:email...
2026-08-15 13:12:58.244 [info] Getting sessions for read:user,user:email...
2026-08-15 13:12:58.244 [info] Got 0 sessions for read:user,user:email...
2026-08-15 13:12:58.244 [info] Getting sessions for read:user,user:email...
2026-08-15 13:12:58.244 [info] Got 0 sessions for read:user,user:email...
2026-08-15 13:12:58.244 [info] Getting sessions for read:user,user:email...
2026-08-15 13:12:58.244 [info] Got 0 sessions for read:user,user:email...
2026-08-15 13:12:58.246 [info] Getting sessions for all scopes...
2026-08-15 13:12:58.246 [info] Got 0 sessions for ...
2026-08-15 13:12:58.246 [info] Getting sessions for all scopes...
2026-08-15 13:12:58.246 [info] Got 0 sessions for ...
2026-08-15 13:12:58.246 [info] Getting sessions for all scopes...
2026-08-15 13:12:58.246 [info] Got 0 sessions for ...
2026-08-15 13:12:58.246 [info] Getting sessions for all scopes...
2026-08-15 13:12:58.246 [info] Got 0 sessions for ...
2026-08-15 13:12:58.246 [info] Getting sessions for all scopes...
2026-08-15 13:12:58.246 [info] Got 0 sessions for ...
2026-08-15 13:12:58.246 [info] Getting sessions for all scopes...
2026-08-15 13:12:58.246 [info] Got 0 sessions for ...
2026-08-15 13:12:58.246 [info] Getting sessions for all scopes...
2026-08-15 13:12:58.246 [info] Got 0 sessions for ...
2026-08-15 13:12:58.246 [info] Getting sessions for all scopes...
2026-08-15 13:12:58.247 [info] Got 0 sessions for ...
2026-08-15 13:12:58.247 [info] Getting sessions for all scopes...
2026-08-15 13:12:58.247 [info] Got 0 sessions for ...
2026-08-15 13:12:58.247 [info] Getting sessions for all scopes...
2026-08-15 13:12:58.247 [info] Got 0 sessions for ...
2026-08-15 13:12:58.253 [info] Getting sessions for repo...
2026-08-15 13:12:58.253 [info] Got 0 sessions for repo...
2026-08-15 13:12:58.253 [info] Getting sessions for repo...
2026-08-15 13:12:58.253 [info] Got 0 sessions for repo...
2026-08-15 13:12:58.253 [info] Getting sessions for repo...
2026-08-15 13:12:58.253 [info] Got 0 sessions for repo...
2026-08-15 13:12:58.253 [info] Getting sessions for repo...
2026-08-15 13:12:58.253 [info] Got 0 sessions for repo...
2026-08-15 13:12:58.253 [info] Getting sessions for repo...
2026-08-15 13:12:58.253 [info] Got 0 sessions for repo...
2026-08-15 13:12:58.257 [info] Getting sessions for repo...
2026-08-15 13:12:58.257 [info] Got 0 sessions for repo...
2026-08-15 13:12:58.257 [info] Getting sessions for repo...
2026-08-15 13:12:58.257 [info] Got 0 sessions for repo...
2026-08-15 13:12:58.257 [info] Getting sessions for repo...
2026-08-15 13:12:58.257 [info] Got 0 sessions for repo...
2026-08-15 13:12:58.257 [info] Getting sessions for repo...
2026-08-15 13:12:58.257 [info] Got 0 sessions for repo...
2026-08-15 13:12:58.257 [info] Getting sessions for repo...
2026-08-15 13:12:58.257 [info] Got 0 sessions for repo...
2026-08-15 13:12:58.260 [info] Getting sessions for all scopes...
2026-08-15 13:12:58.260 [info] Got 0 sessions for ...
2026-08-15 13:12:58.260 [info] Getting sessions for all scopes...
2026-08-15 13:12:58.260 [info] Got 0 sessions for ...
2026-08-15 13:12:58.260 [info] Getting sessions for all scopes...
2026-08-15 13:12:58.260 [info] Got 0 sessions for ...
2026-08-15 13:12:58.260 [info] Getting sessions for all scopes...
2026-08-15 13:12:58.260 [info] Got 0 sessions for ...
2026-08-15 13:12:58.260 [info] Getting sessions for all scopes...
2026-08-15 13:12:58.260 [info] Got 0 sessions for ...
2026-08-15 13:12:58.260 [info] Getting sessions for all scopes...
2026-08-15 13:12:58.260 [info] Got 0 sessions for ...
2026-08-15 13:12:58.260 [info] Getting sessions for all scopes...
2026-08-15 13:12:58.260 [info] Got 0 sessions for ...
2026-08-15 13:12:58.260 [info] Getting sessions for all scopes...
2026-08-15 13:12:58.260 [info] Got 0 sessions for ...
2026-08-15 13:12:58.260 [info] Getting sessions for all scopes...
2026-08-15 13:12:58.260 [info] Got 0 sessions for ...
2026-08-15 13:12:58.260 [info] Getting sessions for all scopes...
2026-08-15 13:12:58.260 [info] Got 0 sessions for ...
2026-08-15 13:12:59.881 [info] Getting sessions for all scopes...
2026-08-15 13:12:59.881 [info] Got 0 sessions for ...
