2026-08-14 15:14:58.425 [info] Reading sessions from keychain...
2026-08-14 15:14:58.425 [info] Getting sessions for all scopes...
2026-08-14 15:14:58.425 [info] Got 0 sessions for ...
2026-08-14 15:14:58.425 [info] Getting sessions for all scopes...
2026-08-14 15:14:58.425 [info] Got 0 sessions for ...
2026-08-14 15:14:58.425 [info] Getting sessions for all scopes...
2026-08-14 15:14:58.425 [info] Got 0 sessions for ...
2026-08-14 15:14:58.432 [info] Getting sessions for all scopes...
2026-08-14 15:14:58.432 [info] Got 0 sessions for ...
2026-08-14 15:14:58.501 [info] Getting sessions for all scopes...
2026-08-14 15:14:58.501 [info] Got 0 sessions for ...
2026-08-14 15:14:58.837 [info] Getting sessions for read:user,user:email...
2026-08-14 15:14:58.837 [info] Got 0 sessions for read:user,user:email...
2026-08-14 15:14:58.838 [info] Getting sessions for all scopes...
2026-08-14 15:14:58.838 [info] Got 0 sessions for ...
2026-08-14 15:14:58.839 [info] Getting sessions for read:user,user:email...
2026-08-14 15:14:58.839 [info] Got 0 sessions for read:user,user:email...
2026-08-14 15:14:58.839 [info] Getting sessions for read:user,user:email...
2026-08-14 15:14:58.839 [info] Got 0 sessions for read:user,user:email...
2026-08-14 15:14:58.839 [info] Getting sessions for repo...
2026-08-14 15:14:58.839 [info] Got 0 sessions for repo...
2026-08-14 15:14:58.840 [info] Getting sessions for read:user,user:email...
2026-08-14 15:14:58.840 [info] Got 0 sessions for read:user,user:email...
2026-08-14 15:14:58.840 [info] Getting sessions for read:user,user:email...
2026-08-14 15:14:58.840 [info] Got 0 sessions for read:user,user:email...
2026-08-14 15:14:58.840 [info] Getting sessions for all scopes...
2026-08-14 15:14:58.840 [info] Got 0 sessions for ...
2026-08-14 15:14:58.840 [info] Getting sessions for read:user,user:email...
2026-08-14 15:14:58.840 [info] Got 0 sessions for read:user,user:email...
2026-08-14 15:14:58.841 [info] Getting sessions for read:user,user:email...
2026-08-14 15:14:58.841 [info] Got 0 sessions for read:user,user:email...
2026-08-14 15:14:58.841 [info] Getting sessions for read:user,user:email...
2026-08-14 15:14:58.841 [info] Got 0 sessions for read:user,user:email...
2026-08-14 15:14:58.841 [info] Getting sessions for all scopes...
2026-08-14 15:14:58.841 [info] Got 0 sessions for ...
2026-08-14 15:14:58.841 [info] Getting sessions for all scopes...
2026-08-14 15:14:58.841 [info] Got 0 sessions for ...
2026-08-14 15:14:58.841 [info] Getting sessions for all scopes...
2026-08-14 15:14:58.841 [info] Got 0 sessions for ...
2026-08-14 15:14:58.841 [info] Getting sessions for all scopes...
2026-08-14 15:14:58.841 [info] Got 0 sessions for ...
2026-08-14 15:14:58.841 [info] Getting sessions for read:user,user:email...
2026-08-14 15:14:58.841 [info] Got 0 sessions for read:user,user:email...
2026-08-14 15:14:58.841 [info] Getting sessions for read:user,user:email...
2026-08-14 15:14:58.841 [info] Got 0 sessions for read:user,user:email...
2026-08-14 15:14:58.842 [info] Getting sessions for repo...
2026-08-14 15:14:58.842 [info] Got 0 sessions for repo...
2026-08-14 15:14:58.842 [info] Getting sessions for all scopes...
2026-08-14 15:14:58.842 [info] Got 0 sessions for ...
2026-08-14 15:14:58.842 [info] Getting sessions for all scopes...
2026-08-14 15:14:58.842 [info] Got 0 sessions for ...
2026-08-14 15:14:58.842 [info] Getting sessions for all scopes...
2026-08-14 15:14:58.842 [info] Got 0 sessions for ...
2026-08-14 15:14:58.842 [info] Getting sessions for repo...
2026-08-14 15:14:58.842 [info] Got 0 sessions for repo...
2026-08-14 15:14:58.842 [info] Getting sessions for read:user,user:email...
2026-08-14 15:14:58.842 [info] Got 0 sessions for read:user,user:email...
2026-08-14 15:14:58.842 [info] Getting sessions for repo...
2026-08-14 15:14:58.842 [info] Got 0 sessions for repo...
2026-08-14 15:14:58.842 [info] Getting sessions for repo...
2026-08-14 15:14:58.842 [info] Got 0 sessions for repo...
2026-08-14 15:14:58.842 [info] Getting sessions for all scopes...
2026-08-14 15:14:58.842 [info] Got 0 sessions for ...
2026-08-14 15:14:58.842 [info] Getting sessions for all scopes...
2026-08-14 15:14:58.842 [info] Got 0 sessions for ...
2026-08-14 15:14:58.842 [info] Getting sessions for all scopes...
2026-08-14 15:14:58.842 [info] Got 0 sessions for ...
2026-08-14 15:14:58.842 [info] Getting sessions for repo...
2026-08-14 15:14:58.842 [info] Got 0 sessions for repo...
2026-08-14 15:14:58.842 [info] Getting sessions for repo...
2026-08-14 15:14:58.842 [info] Got 0 sessions for repo...
2026-08-14 15:14:58.842 [info] Getting sessions for repo...
2026-08-14 15:14:58.842 [info] Got 0 sessions for repo...
2026-08-14 15:14:58.843 [info] Getting sessions for all scopes...
2026-08-14 15:14:58.843 [info] Got 0 sessions for ...
2026-08-14 15:14:58.843 [info] Getting sessions for all scopes...
2026-08-14 15:14:58.843 [info] Got 0 sessions for ...
2026-08-14 15:14:58.843 [info] Getting sessions for all scopes...
2026-08-14 15:14:58.843 [info] Got 0 sessions for ...
2026-08-14 15:14:58.843 [info] Getting sessions for all scopes...
2026-08-14 15:14:58.843 [info] Got 0 sessions for ...
2026-08-14 15:14:58.843 [info] Getting sessions for repo...
2026-08-14 15:14:58.843 [info] Got 0 sessions for repo...
2026-08-14 15:14:58.843 [info] Getting sessions for repo...
2026-08-14 15:14:58.843 [info] Got 0 sessions for repo...
2026-08-14 15:14:58.843 [info] Getting sessions for read:user,user:email...
2026-08-14 15:14:58.843 [info] Got 0 sessions for read:user,user:email...
2026-08-14 15:14:58.843 [info] Getting sessions for all scopes...
2026-08-14 15:14:58.843 [info] Got 0 sessions for ...
2026-08-14 15:14:58.843 [info] Getting sessions for all scopes...
2026-08-14 15:14:58.843 [info] Got 0 sessions for ...
2026-08-14 15:14:58.843 [info] Getting sessions for all scopes...
2026-08-14 15:14:58.843 [info] Got 0 sessions for ...
2026-08-14 15:14:58.843 [info] Getting sessions for read:user,user:email...
2026-08-14 15:14:58.843 [info] Got 0 sessions for read:user,user:email...
2026-08-14 15:14:58.843 [info] Getting sessions for repo...
2026-08-14 15:14:58.843 [info] Got 0 sessions for repo...
2026-08-14 15:14:58.843 [info] Getting sessions for read:user,user:email...
2026-08-14 15:14:58.843 [info] Got 0 sessions for read:user,user:email...
2026-08-14 15:14:58.843 [info] Getting sessions for read:user,user:email...
2026-08-14 15:14:58.843 [info] Got 0 sessions for read:user,user:email...
2026-08-14 15:14:58.843 [info] Getting sessions for all scopes...
2026-08-14 15:14:58.843 [info] Got 0 sessions for ...
2026-08-14 15:14:58.843 [info] Getting sessions for all scopes...
2026-08-14 15:14:58.843 [info] Got 0 sessions for ...
2026-08-14 15:14:58.844 [info] Getting sessions for all scopes...
2026-08-14 15:14:58.844 [info] Got 0 sessions for ...
2026-08-14 15:14:58.844 [info] Getting sessions for read:user,user:email...
2026-08-14 15:14:58.844 [info] Got 0 sessions for read:user,user:email...
2026-08-14 15:14:58.844 [info] Getting sessions for read:user,user:email...
2026-08-14 15:14:58.844 [info] Got 0 sessions for read:user,user:email...
2026-08-14 15:14:58.844 [info] Getting sessions for read:user,user:email...
2026-08-14 15:14:58.844 [info] Got 0 sessions for read:user,user:email...
2026-08-14 15:14:58.844 [info] Getting sessions for all scopes...
2026-08-14 15:14:58.844 [info] Got 0 sessions for ...
2026-08-14 15:14:58.844 [info] Getting sessions for all scopes...
2026-08-14 15:14:58.844 [info] Got 0 sessions for ...
2026-08-14 15:14:58.844 [info] Getting sessions for all scopes...
2026-08-14 15:14:58.844 [info] Got 0 sessions for ...
2026-08-14 15:14:58.844 [info] Getting sessions for all scopes...
2026-08-14 15:14:58.844 [info] Got 0 sessions for ...
2026-08-14 15:14:58.844 [info] Getting sessions for read:user,user:email...
2026-08-14 15:14:58.844 [info] Got 0 sessions for read:user,user:email...
2026-08-14 15:14:58.844 [info] Getting sessions for read:user,user:email...
2026-08-14 15:14:58.844 [info] Got 0 sessions for read:user,user:email...
2026-08-14 15:14:58.844 [info] Getting sessions for repo...
2026-08-14 15:14:58.844 [info] Got 0 sessions for repo...
2026-08-14 15:14:58.844 [info] Getting sessions for all scopes...
2026-08-14 15:14:58.844 [info] Got 0 sessions for ...
2026-08-14 15:14:58.844 [info] Getting sessions for all scopes...
2026-08-14 15:14:58.844 [info] Got 0 sessions for ...
2026-08-14 15:14:58.844 [info] Getting sessions for all scopes...
2026-08-14 15:14:58.844 [info] Got 0 sessions for ...
2026-08-14 15:14:58.844 [info] Getting sessions for repo...
2026-08-14 15:14:58.844 [info] Got 0 sessions for repo...
2026-08-14 15:14:58.845 [info] Getting sessions for repo...
2026-08-14 15:14:58.845 [info] Got 0 sessions for repo...
2026-08-14 15:14:58.845 [info] Getting sessions for repo...
2026-08-14 15:14:58.845 [info] Got 0 sessions for repo...
2026-08-14 15:14:58.845 [info] Getting sessions for all scopes...
2026-08-14 15:14:58.845 [info] Got 0 sessions for ...
2026-08-14 15:14:58.845 [info] Getting sessions for all scopes...
2026-08-14 15:14:58.845 [info] Got 0 sessions for ...
2026-08-14 15:14:58.845 [info] Getting sessions for all scopes...
2026-08-14 15:14:58.845 [info] Got 0 sessions for ...
2026-08-14 15:14:58.845 [info] Getting sessions for repo...
2026-08-14 15:14:58.845 [info] Got 0 sessions for repo...
2026-08-14 15:14:58.845 [info] Getting sessions for repo...
2026-08-14 15:14:58.845 [info] Got 0 sessions for repo...
2026-08-14 15:14:58.845 [info] Getting sessions for repo...
2026-08-14 15:14:58.845 [info] Got 0 sessions for repo...
2026-08-14 15:14:58.845 [info] Getting sessions for all scopes...
2026-08-14 15:14:58.845 [info] Got 0 sessions for ...
2026-08-14 15:14:58.845 [info] Getting sessions for all scopes...
2026-08-14 15:14:58.845 [info] Got 0 sessions for ...
2026-08-14 15:14:58.845 [info] Getting sessions for all scopes...
2026-08-14 15:14:58.845 [info] Got 0 sessions for ...
2026-08-14 15:14:58.846 [info] Getting sessions for repo...
2026-08-14 15:14:58.846 [info] Got 0 sessions for repo...
2026-08-14 15:14:58.846 [info] Getting sessions for repo...
2026-08-14 15:14:58.846 [info] Got 0 sessions for repo...
2026-08-14 15:14:58.846 [info] Getting sessions for all scopes...
2026-08-14 15:14:58.846 [info] Got 0 sessions for ...
2026-08-14 15:14:58.846 [info] Getting sessions for all scopes...
2026-08-14 15:14:58.846 [info] Got 0 sessions for ...
2026-08-14 15:14:58.846 [info] Getting sessions for all scopes...
2026-08-14 15:14:58.846 [info] Got 0 sessions for ...
2026-08-14 15:14:58.846 [info] Getting sessions for all scopes...
2026-08-14 15:14:58.846 [info] Got 0 sessions for ...
2026-08-14 15:14:58.846 [info] Getting sessions for all scopes...
2026-08-14 15:14:58.846 [info] Got 0 sessions for ...
2026-08-14 15:15:00.454 [info] Getting sessions for all scopes...
2026-08-14 15:15:00.454 [info] Got 0 sessions for ...
