2026-08-14 13:48:08.353 [info] Started local extension host with pid 148971.
2026-08-14 13:48:08.501 [error] [vscode.mermaid-markdown-features]: Extension 'vscode.mermaid-markdown-features' CANNOT use 'legacyToolReferenceFullNames' without the 'chatParticipantPrivate' API proposal enabled
2026-08-14 13:48:08.817 [info] [AgentHost:renderer] Acquiring MessagePort to agent host...
2026-08-14 13:48:08.824 [info] [AgentHost:renderer] MessagePort acquired, creating client...
2026-08-14 13:48:08.926 [error] [Extension Host] (node:148971) [DEP0169] DeprecationWarning: `url.parse()` behavior is not standardized and prone to errors that have security implications. Use the WHATWG URL API instead. CVEs are not issued for `url.parse()` vulnerabilities.
(Use `exe --trace-deprecation ...` to show where the warning was created)
2026-08-14 13:48:08.963 [info] [AccountPolicyGate] apply: state=inactive, reason=undefined, isRestricted=false
2026-08-14 13:48:09.018 [info] Settings Sync: Account status changed from uninitialized to unavailable
2026-08-14 13:48:09.202 [info] [AgentHost:renderer] Protocol connection established; clientId=caaf9c0f-b448-4ff9-8538-c7846b13c54a
2026-08-14 13:48:09.206 [info] [AgentHost] No token resolved for resource: https://api.github.com
2026-08-14 13:48:09.207 [info] [AgentHost] No token resolved for resource: https://api.github.com
2026-08-14 13:48:09.208 [info] [AgentHost] No token resolved for resource: https://api.github.com
2026-08-14 13:48:09.208 [info] [AgentHost] No token resolved for resource: https://api.github.com
2026-08-14 13:48:09.208 [info] [AgentHost] No token resolved for resource: https://api.github.com
2026-08-14 13:48:09.208 [info] [AgentHost] No token resolved for resource: https://api.github.com
2026-08-14 13:48:09.208 [info] [AgentHost] No token resolved for resource: https://api.github.com
2026-08-14 13:48:09.208 [info] [AgentHost] No token resolved for resource: https://api.github.com
2026-08-14 13:48:09.208 [info] [AgentHost] No token resolved for resource: https://api.github.com
2026-08-14 13:48:09.209 [info] [AgentHost] No token resolved for resource: https://api.github.com
2026-08-14 13:48:09.209 [info] [AgentHost] No token resolved for resource: https://api.github.com/repos
2026-08-14 13:48:09.211 [info] [AgentHost] No token resolved for resource: https://api.github.com/repos
2026-08-14 13:48:09.212 [info] [AgentHost] No token resolved for resource: https://api.github.com/repos
2026-08-14 13:48:09.212 [info] [AgentHost] No token resolved for resource: https://api.github.com/repos
2026-08-14 13:48:09.212 [info] [AgentHost] No token resolved for resource: https://api.github.com/repos
2026-08-14 13:48:09.212 [info] [AgentHost] No token resolved for resource: https://api.github.com/repos
2026-08-14 13:48:09.212 [info] [AgentHost] No token resolved for resource: https://api.github.com/repos
2026-08-14 13:48:09.212 [info] [AgentHost] No token resolved for resource: https://api.github.com/repos
2026-08-14 13:48:09.212 [info] [AgentHost] No token resolved for resource: https://api.github.com/repos
2026-08-14 13:48:09.213 [info] [AgentHost] No token resolved for resource: https://api.github.com/repos
2026-08-14 13:48:09.213 [info] [AgentHost] No token resolved for resource: https://api.github.com
2026-08-14 13:48:09.215 [info] [AgentHost] No token resolved for resource: https://api.github.com
2026-08-14 13:48:09.215 [info] [AgentHost] No token resolved for resource: https://api.github.com
2026-08-14 13:48:09.215 [info] [AgentHost] No token resolved for resource: https://api.github.com
2026-08-14 13:48:09.215 [info] [AgentHost] No token resolved for resource: https://api.github.com
2026-08-14 13:48:09.215 [info] [AgentHost] No token resolved for resource: https://api.github.com
2026-08-14 13:48:09.215 [info] [AgentHost] No token resolved for resource: https://api.github.com
2026-08-14 13:48:09.216 [info] [AgentHost] No token resolved for resource: https://api.github.com
2026-08-14 13:48:09.216 [info] [AgentHost] No token resolved for resource: https://api.github.com
2026-08-14 13:48:09.216 [info] [AgentHost] No token resolved for resource: https://api.github.com
2026-08-14 13:48:09.216 [info] [AgentHost] No token resolved for resource: https://api.github.com/repos
2026-08-14 13:48:09.218 [info] [AgentHost] No token resolved for resource: https://api.github.com/repos
2026-08-14 13:48:09.218 [info] [AgentHost] No token resolved for resource: https://api.github.com/repos
2026-08-14 13:48:09.218 [info] [AgentHost] No token resolved for resource: https://api.github.com/repos
2026-08-14 13:48:09.218 [info] [AgentHost] No token resolved for resource: https://api.github.com/repos
2026-08-14 13:48:09.218 [info] [AgentHost] No token resolved for resource: https://api.github.com/repos
2026-08-14 13:48:09.218 [info] [AgentHost] No token resolved for resource: https://api.github.com/repos
2026-08-14 13:48:09.219 [info] [AgentHost] No token resolved for resource: https://api.github.com/repos
2026-08-14 13:48:09.219 [info] [AgentHost] No token resolved for resource: https://api.github.com/repos
2026-08-14 13:48:09.219 [info] [AgentHost] No token resolved for resource: https://api.github.com/repos
2026-08-14 13:48:11.009 [info] [perf] Render performance baseline is 14ms
2026-08-14 13:48:13.963 [info] [AccountPolicyGate] apply: state=inactive, reason=undefined, isRestricted=false
